Component: ARM Compiler 5.06 update 7 (build 960) Tool: armlink [4d3601]

==============================================================================

Section Cross References

    startup_stm32f103xb.o(STACK) refers (Special) to heapauxi.o(.text) for __use_two_region_memory
    startup_stm32f103xb.o(HEAP) refers (Special) to heapauxi.o(.text) for __use_two_region_memory
    startup_stm32f103xb.o(RESET) refers (Special) to heapauxi.o(.text) for __use_two_region_memory
    startup_stm32f103xb.o(RESET) refers to startup_stm32f103xb.o(STACK) for __initial_sp
    startup_stm32f103xb.o(RESET) refers to startup_stm32f103xb.o(.text) for Reset_Handler
    startup_stm32f103xb.o(RESET) refers to stm32f1xx_it.o(i.NMI_Handler) for NMI_Handler
    startup_stm32f103xb.o(RESET) refers to stm32f1xx_it.o(i.HardFault_Handler) for HardFault_Handler
    startup_stm32f103xb.o(RESET) refers to stm32f1xx_it.o(i.MemManage_Handler) for MemManage_Handler
    startup_stm32f103xb.o(RESET) refers to stm32f1xx_it.o(i.BusFault_Handler) for BusFault_Handler
    startup_stm32f103xb.o(RESET) refers to stm32f1xx_it.o(i.UsageFault_Handler) for UsageFault_Handler
    startup_stm32f103xb.o(RESET) refers to stm32f1xx_it.o(i.SVC_Handler) for SVC_Handler
    startup_stm32f103xb.o(RESET) refers to stm32f1xx_it.o(i.DebugMon_Handler) for DebugMon_Handler
    startup_stm32f103xb.o(RESET) refers to stm32f1xx_it.o(i.PendSV_Handler) for PendSV_Handler
    startup_stm32f103xb.o(RESET) refers to stm32f1xx_it.o(i.SysTick_Handler) for SysTick_Handler
    startup_stm32f103xb.o(RESET) refers to stm32f1xx_it.o(i.PVD_IRQHandler) for PVD_IRQHandler
    startup_stm32f103xb.o(RESET) refers to stm32f1xx_it.o(i.RCC_IRQHandler) for RCC_IRQHandler
    startup_stm32f103xb.o(RESET) refers to stm32f1xx_it.o(i.EXTI0_IRQHandler) for EXTI0_IRQHandler
    startup_stm32f103xb.o(RESET) refers to stm32f1xx_it.o(i.EXTI1_IRQHandler) for EXTI1_IRQHandler
    startup_stm32f103xb.o(RESET) refers to stm32f1xx_it.o(i.EXTI4_IRQHandler) for EXTI4_IRQHandler
    startup_stm32f103xb.o(RESET) refers to stm32f1xx_it.o(i.DMA1_Channel4_IRQHandler) for DMA1_Channel4_IRQHandler
    startup_stm32f103xb.o(RESET) refers to stm32f1xx_it.o(i.DMA1_Channel5_IRQHandler) for DMA1_Channel5_IRQHandler
    startup_stm32f103xb.o(RESET) refers to stm32f1xx_it.o(i.DMA1_Channel6_IRQHandler) for DMA1_Channel6_IRQHandler
    startup_stm32f103xb.o(RESET) refers to stm32f1xx_it.o(i.DMA1_Channel7_IRQHandler) for DMA1_Channel7_IRQHandler
    startup_stm32f103xb.o(RESET) refers to stm32f1xx_it.o(i.EXTI9_5_IRQHandler) for EXTI9_5_IRQHandler
    startup_stm32f103xb.o(RESET) refers to stm32f1xx_it.o(i.TIM1_BRK_IRQHandler) for TIM1_BRK_IRQHandler
    startup_stm32f103xb.o(RESET) refers to stm32f1xx_it.o(i.TIM1_UP_IRQHandler) for TIM1_UP_IRQHandler
    startup_stm32f103xb.o(RESET) refers to stm32f1xx_it.o(i.TIM1_TRG_COM_IRQHandler) for TIM1_TRG_COM_IRQHandler
    startup_stm32f103xb.o(RESET) refers to stm32f1xx_it.o(i.TIM1_CC_IRQHandler) for TIM1_CC_IRQHandler
    startup_stm32f103xb.o(RESET) refers to stm32f1xx_it.o(i.TIM2_IRQHandler) for TIM2_IRQHandler
    startup_stm32f103xb.o(RESET) refers to stm32f1xx_it.o(i.TIM3_IRQHandler) for TIM3_IRQHandler
    startup_stm32f103xb.o(RESET) refers to stm32f1xx_it.o(i.TIM4_IRQHandler) for TIM4_IRQHandler
    startup_stm32f103xb.o(RESET) refers to stm32f1xx_it.o(i.USART1_IRQHandler) for USART1_IRQHandler
    startup_stm32f103xb.o(RESET) refers to stm32f1xx_it.o(i.USART2_IRQHandler) for USART2_IRQHandler
    startup_stm32f103xb.o(RESET) refers to stm32f1xx_it.o(i.EXTI15_10_IRQHandler) for EXTI15_10_IRQHandler
    startup_stm32f103xb.o(.text) refers (Special) to heapauxi.o(.text) for __use_two_region_memory
    startup_stm32f103xb.o(.text) refers to system_stm32f1xx.o(i.SystemInit) for SystemInit
    startup_stm32f103xb.o(.text) refers to __main.o(!!!main) for __main
    startup_stm32f103xb.o(.text) refers to startup_stm32f103xb.o(HEAP) for Heap_Mem
    startup_stm32f103xb.o(.text) refers to startup_stm32f103xb.o(STACK) for Stack_Mem
    main.o(i.HAL_TIM_PeriodElapsedCallback) refers to fflt_clz.o(x$fpl$fflt) for __aeabi_i2f
    main.o(i.HAL_TIM_PeriodElapsedCallback) refers to f2d.o(x$fpl$f2d) for __aeabi_f2d
    main.o(i.HAL_TIM_PeriodElapsedCallback) refers to ddiv.o(x$fpl$ddiv) for __aeabi_ddiv
    main.o(i.HAL_TIM_PeriodElapsedCallback) refers to d2f.o(x$fpl$d2f) for __aeabi_d2f
    main.o(i.HAL_TIM_PeriodElapsedCallback) refers to fmul.o(x$fpl$fmul) for __aeabi_fmul
    main.o(i.HAL_TIM_PeriodElapsedCallback) refers to dmul.o(x$fpl$dmul) for __aeabi_dmul
    main.o(i.HAL_TIM_PeriodElapsedCallback) refers to fflt_clz.o(x$fpl$ffltu) for __aeabi_ui2f
    main.o(i.HAL_TIM_PeriodElapsedCallback) refers to daddsub_clz.o(x$fpl$dsub) for __aeabi_dsub
    main.o(i.HAL_TIM_PeriodElapsedCallback) refers to linear velocity.o(i._ZN14FourWheelDrive18computeWheelSpeedsEffRfS0_S0_S0_) for FourWheelDrive::computeWheelSpeeds(float, float, float&, float&, float&, float&)
[...]
    i.HAL_TIM_IC_CaptureCallback             0x0800194c   Section        0  stm32f1xx_hal_tim.o(i.HAL_TIM_IC_CaptureCallback)
    i.HAL_TIM_IRQHandler                     0x0800194e   Section        0  stm32f1xx_hal_tim.o(i.HAL_TIM_IRQHandler)
    i.HAL_TIM_MspPostInit                    0x08001abc   Section        0  tim.o(i.HAL_TIM_MspPostInit)
    i.HAL_TIM_OC_DelayElapsedCallback        0x08001b98   Section        0  stm32f1xx_hal_tim.o(i.HAL_TIM_OC_DelayElapsedCallback)
    i.HAL_TIM_PWM_ConfigChannel              0x08001b9a   Section        0  stm32f1xx_hal_tim.o(i.HAL_TIM_PWM_ConfigChannel)
    i.HAL_TIM_PWM_Init                       0x08001c9e   Section        0  stm32f1xx_hal_tim.o(i.HAL_TIM_PWM_Init)
    i.HAL_TIM_PWM_MspInit                    0x08001d04   Section        0  stm32f1xx_hal_tim.o(i.HAL_TIM_PWM_MspInit)
    i.HAL_TIM_PWM_PulseFinishedCallback      0x08001d06   Section        0  stm32f1xx_hal_tim.o(i.HAL_TIM_PWM_PulseFinishedCallback)
    i.HAL_TIM_PWM_Start_IT                   0x08001d08   Section        0  stm32f1xx_hal_tim.o(i.HAL_TIM_PWM_Start_IT)
    i.HAL_TIM_PeriodElapsedCallback          0x08001e2c   Section        0  main.o(i.HAL_TIM_PeriodElapsedCallback)
    i.HAL_TIM_TriggerCallback                0x080020e0   Section        0  stm32f1xx_hal_tim.o(i.HAL_TIM_TriggerCallback)
    i.HAL_UARTEx_RxEventCallback             0x080020e2   Section        0  stm32f1xx_hal_uart.o(i.HAL_UARTEx_RxEventCallback)
    i.HAL_UART_ErrorCallback                 0x080020e4   Section        0  stm32f1xx_hal_uart.o(i.HAL_UART_ErrorCallback)
    i.HAL_UART_IRQHandler                    0x080020e8   Section        0  stm32f1xx_hal_uart.o(i.HAL_UART_IRQHandler)
    i.HAL_UART_Init                          0x080023cc   Section        0  stm32f1xx_hal_uart.o(i.HAL_UART_Init)
    i.HAL_UART_MspInit                       0x08002444   Section        0  usart.o(i.HAL_UART_MspInit)
    i.HAL_UART_Receive_DMA                   0x08002638   Section        0  stm32f1xx_hal_uart.o(i.HAL_UART_Receive_DMA)
    i.HAL_UART_RxCpltCallback                0x08002664   Section        0  main.o(i.HAL_UART_RxCpltCallback)
    i.HAL_UART_RxHalfCpltCallback            0x080026e8   Section        0  stm32f1xx_hal_uart.o(i.HAL_UART_RxHalfCpltCallback)
    i.HAL_UART_TxCpltCallback                0x080026ea   Section        0  stm32f1xx_hal_uart.o(i.HAL_UART_TxCpltCallback)
    i.HardFault_Handler                      0x080026ec   Section        0  stm32f1xx_it.o(i.HardFault_Handler)
    i.MX_DMA_Init                            0x080026f0   Section        0  dma.o(i.MX_DMA_Init)
    i.MX_GPIO_Init                           0x08002754   Section        0  gpio.o(i.MX_GPIO_Init)
    i.MX_TIM1_Init                           0x080028c0   Section        0  tim.o(i.MX_TIM1_Init)
    i.MX_TIM2_Init                           0x08002930   Section        0  tim.o(i.MX_TIM2_Init)
    i.MX_TIM3_Init                           0x08002a00   Section        0  tim.o(i.MX_TIM3_Init)
    i.MX_TIM4_Init                           0x08002aa4   Section        0  tim.o(i.MX_TIM4_Init)
    i.MX_USART1_UART_Init                    0x08002b14   Section        0  usart.o(i.MX_USART1_UART_Init)
    i.MX_USART2_UART_Init                    0x08002b4c   Section        0  usart.o(i.MX_USART2_UART_Init)
    i.MemManage_Handler                      0x08002b84   Section        0  stm32f1xx_it.o(i.MemManage_Handler)
    i.NMI_Handler                            0x08002b88   Section        0  stm32f1xx_it.o(i.NMI_Handler)
    i.PVD_IRQHandler                         0x08002b8c   Section        0  stm32f1xx_it.o(i.PVD_IRQHandler)
    i.Parse_esp32                            0x08002b94   Section        0  esp32.o(i.Parse_esp32)
    i.Parse_gpu                              0x08002bd0   Section        0  gpu.o(i.Parse_gpu)
    i.PendSV_Handler                         0x08002c1c   Section        0  stm32f1xx_it.o(i.PendSV_Handler)
    i.RCC_IRQHandler                         0x08002c1e   Section        0  stm32f1xx_it.o(i.RCC_IRQHandler)
    i.SVC_Handler                            0x08002c20   Section        0  stm32f1xx_it.o(i.SVC_Handler)
    i.SysTick_Handler                        0x08002c22   Section        0  stm32f1xx_it.o(i.SysTick_Handler)
    i.SystemInit                             0x08002c2a   Section        0  system_stm32f1xx.o(i.SystemInit)
    i.TIM1_BRK_IRQHandler                    0x08002c2c   Section        0  stm32f1xx_it.o(i.TIM1_BRK_IRQHandler)
    i.TIM1_CC_IRQHandler                     0x08002c3c   Section        0  stm32f1xx_it.o(i.TIM1_CC_IRQHandler)
    i.TIM1_TRG_COM_IRQHandler                0x08002c4c   Section        0  stm32f1xx_it.o(i.TIM1_TRG_COM_IRQHandler)
    i.TIM1_UP_IRQHandler                     0x08002c5c   Section        0  stm32f1xx_it.o(i.TIM1_UP_IRQHandler)
    i.TIM2_IRQHandler                        0x08002c6c   Section        0  stm32f1xx_it.o(i.TIM2_IRQHandler)
    i.TIM3_IRQHandler                        0x08002c7c   Section        0  stm32f1xx_it.o(i.TIM3_IRQHandler)
    i.TIM4_IRQHandler                        0x08002c8c   Section        0  stm32f1xx_it.o(i.TIM4_IRQHandler)
    i.TIM_Base_SetConfig                     0x08002c9c   Section        0  stm32f1xx_hal_tim.o(i.TIM_Base_SetConfig)
    i.TIM_CCxChannelCmd                      0x08002d20   Section        0  stm32f1xx_hal_tim.o(i.TIM_CCxChannelCmd)
    i.TIM_ETR_SetConfig                      0x08002d42   Section        0  stm32f1xx_hal_tim.o(i.TIM_ETR_SetConfig)
    i.TIM_OC2_SetConfig                      0x08002d58   Section        0  stm32f1xx_hal_tim.o(i.TIM_OC2_SetConfig)
    i.UART_Start_Receive_DMA                 0x08002dc0   Section        0  stm32f1xx_hal_uart.o(i.UART_Start_Receive_DMA)
    i.USART1_IRQHandler                      0x08002e88   Section        0  stm32f1xx_it.o(i.USART1_IRQHandler)
    i.USART2_IRQHandler                      0x08002e98   Section        0  stm32f1xx_it.o(i.USART2_IRQHandler)
    i.UsageFault_Handler                     0x08002ea8   Section        0  stm32f1xx_it.o(i.UsageFault_Handler)
    i._Z18SystemClock_Configv                0x08002eac   Section        0  main.o(i._Z18SystemClock_Configv)
    i._ZN14FourWheelDrive18computeWheelSpeedsEffRfS0_S0_S0_ 0x08002f12   Section        0  linear velocity.o(i._ZN14FourWheelDrive18computeWheelSpeedsEffRfS0_S0_S0_)
    i._ZN14FourWheelDriveC1Efff              0x08003088   Section        0  linear velocity.o(i._ZN14FourWheelDriveC1Efff)
    i._ZN14IncrementalPID9calculateEff       0x08003090   Section        0  pid.o(i._ZN14IncrementalPID9calculateEff)
    i._ZN14IncrementalPIDC1Efffff            0x08003128   Section        0  pid.o(i._ZN14IncrementalPIDC1Efffff)
    i._ZN41_INTERNAL_19_stm32f1xx_hal_dma_c_c25f65ec13DMA_SetConfigEP19__DMA_HandleTypeDefjjj 0x08003142   Section        0  stm32f1xx_hal_dma.o(i._ZN41_INTERNAL_19_stm32f1xx_hal_dma_c_c25f65ec13DMA_SetConfigEP19__DMA_HandleTypeDefjjj)
    [local to stm32f1xx_hal_dma_c]::DMA_SetConfig(__DMA_HandleTypeDef*, unsigned, unsigned, unsigned) 0x08003143   Thumb Code    44  stm32f1xx_hal_dma.o(i._ZN41_INTERNAL_19_stm32f1xx_hal_dma_c_c25f65ec13DMA_SetConfigEP19__DMA_HandleTypeDefjjj)
    i._ZN41_INTERNAL_19_stm32f1xx_hal_rcc_c_b7071a4b9RCC_DelayEj 0x08003170   Section        0  stm32f1xx_hal_rcc.o(i._ZN41_INTERNAL_19_stm32f1xx_hal_rcc_c_b7071a4b9RCC_DelayEj)
    [local to stm32f1xx_hal_rcc_c]::RCC_Delay(unsigned) 0x08003171   Thumb Code    36  stm32f1xx_hal_rcc.o(i._ZN41_INTERNAL_19_stm32f1xx_hal_rcc_c_b7071a4b9RCC_DelayEj)
    i._ZN41_INTERNAL_19_stm32f1xx_hal_tim_c_a9d95b5217TIM_OC1_SetConfigEP11TIM_TypeDefPK18TIM_OC_InitTypeDef 0x08003198   Section        0  stm32f1xx_hal_tim.o(i._ZN41_INTERNAL_19_stm32f1xx_hal_tim_c_a9d95b5217TIM_OC1_SetConfigEP11TIM_TypeDefPK18TIM_OC_InitTypeDef)
    [local to stm32f1xx_hal_tim_c]::TIM_OC1_SetConfig(TIM_TypeDef*, const TIM_OC_InitTypeDef*) 0x08003199   Thumb Code    90  stm32f1xx_hal_tim.o(i._ZN41_INTERNAL_19_stm32f1xx_hal_tim_c_a9d95b5217TIM_OC1_SetConfigEP11TIM_TypeDefPK18TIM_OC_InitTypeDef)
    i._ZN41_INTERNAL_19_stm32f1xx_hal_tim_c_a9d95b5217TIM_OC3_SetConfigEP11TIM_TypeDefPK18TIM_OC_InitTypeDef 0x080031f8   Section        0  stm32f1xx_hal_tim.o(i._ZN41_INTERNAL_19_stm32f1xx_hal_tim_c_a9d95b5217TIM_OC3_SetConfigEP11TIM_TypeDefPK18TIM_OC_InitTypeDef)
    [local to stm32f1xx_hal_tim_c]::TIM_OC3_SetConfig(TIM_TypeDef*, const TIM_OC_InitTypeDef*) 0x080031f9   Thumb Code    98  stm32f1xx_hal_tim.o(i._ZN41_INTERNAL_19_stm32f1xx_hal_tim_c_a9d95b5217TIM_OC3_SetConfigEP11TIM_TypeDefPK18TIM_OC_InitTypeDef)
    i._ZN41_INTERNAL_19_stm32f1xx_hal_tim_c_a9d95b5217TIM_OC4_SetConfigEP11TIM_TypeDefPK18TIM_OC_InitTypeDef 0x08003260   Section        0  stm32f1xx_hal_tim.o(i._ZN41_INTERNAL_19_stm32f1xx_hal_tim_c_a9d95b5217TIM_OC4_SetConfigEP11TIM_TypeDefPK18TIM_OC_InitTypeDef)
    [local to stm32f1xx_hal_tim_c]::TIM_OC4_SetConfig(TIM_TypeDef*, const TIM_OC_InitTypeDef*) 0x08003261   Thumb Code    68  stm32f1xx_hal_tim.o(i._ZN41_INTERNAL_19_stm32f1xx_hal_tim_c_a9d95b5217TIM_OC4_SetConfigEP11TIM_TypeDefPK18TIM_OC_InitTypeDef)
    i._ZN41_INTERNAL_19_stm32f1xx_hal_tim_c_a9d95b5218TIM_ITRx_SetConfigEP11TIM_TypeDefj 0x080032a8   Section        0  stm32f1xx_hal_tim.o(i._ZN41_INTERNAL_19_stm32f1xx_hal_tim_c_a9d95b5218TIM_ITRx_SetConfigEP11TIM_TypeDefj)
    [local to stm32f1xx_hal_tim_c]::TIM_ITRx_SetConfig(TIM_TypeDef*, unsigned) 0x080032a9   Thumb Code    18  stm32f1xx_hal_tim.o(i._ZN41_INTERNAL_19_stm32f1xx_hal_tim_c_a9d95b5218TIM_ITRx_SetConfigEP11TIM_TypeDefj)
    i._ZN41_INTERNAL_19_stm32f1xx_hal_tim_c_a9d95b5224TIM_TI1_ConfigInputStageEP11TIM_TypeDefjj 0x080032ba   Section        0  stm32f1xx_hal_tim.o(i._ZN41_INTERNAL_19_stm32f1xx_hal_tim_c_a9d95b5224TIM_TI1_ConfigInputStageEP11TIM_TypeDefjj)
    [local to stm32f1xx_hal_tim_c]::TIM_TI1_ConfigInputStage(TIM_TypeDef*, unsigned, unsigned) 0x080032bb   Thumb Code    38  stm32f1xx_hal_tim.o(i._ZN41_INTERNAL_19_stm32f1xx_hal_tim_c_a9d95b5224TIM_TI1_ConfigInputStageEP11TIM_TypeDefjj)
    i._ZN41_INTERNAL_19_stm32f1xx_hal_tim_c_a9d95b5224TIM_TI2_ConfigInputStageEP11TIM_TypeDefjj 0x080032e0   Section        0  stm32f1xx_hal_tim.o(i._ZN41_INTERNAL_19_stm32f1xx_hal_tim_c_a9d95b5224TIM_TI2_ConfigInputStageEP11TIM_TypeDefjj)
    [local to stm32f1xx_hal_tim_c]::TIM_TI2_ConfigInputStage(TIM_TypeDef*, unsigned, unsigned) 0x080032e1   Thumb Code    40  stm32f1xx_hal_tim.o(i._ZN41_INTERNAL_19_stm32f1xx_hal_tim_c_a9d95b5224TIM_TI2_ConfigInputStageEP11TIM_TypeDefjj)
    i._ZN42_INTERNAL_20_stm32f1xx_hal_uart_c_d497114f13UART_DMAErrorEP19__DMA_HandleTypeDef 0x08003308   Section        0  stm32f1xx_hal_uart.o(i._ZN42_INTERNAL_20_stm32f1xx_hal_uart_c_d497114f13UART_DMAErrorEP19__DMA_HandleTypeDef)
    [local to stm32f1xx_hal_uart_c]::UART_DMAError(__DMA_HandleTypeDef*) 0x08003309   Thumb Code    80  stm32f1xx_hal_uart.o(i._ZN42_INTERNAL_20_stm32f1xx_hal_uart_c_d497114f13UART_DMAErrorEP19__DMA_HandleTypeDef)
    i._ZN42_INTERNAL_20_stm32f1xx_hal_uart_c_d497114f14UART_SetConfigEP20__UART_HandleTypeDef 0x08003358   Section        0  stm32f1xx_hal_uart.o(i._ZN42_INTERNAL_20_stm32f1xx_hal_uart_c_d497114f14UART_SetConfigEP20__UART_HandleTypeDef)
    [local to stm32f1xx_hal_uart_c]::UART_SetConfig(__UART_HandleTypeDef*) 0x08003359   Thumb Code   248  stm32f1xx_hal_uart.o(i._ZN42_INTERNAL_20_stm32f1xx_hal_uart_c_d497114f14UART_SetConfigEP20__UART_HandleTypeDef)
    i._ZN42_INTERNAL_20_stm32f1xx_hal_uart_c_d497114f15UART_Receive_ITEP20__UART_HandleTypeDef 0x08003454   Section        0  stm32f1xx_hal_uart.o(i._ZN42_INTERNAL_20_stm32f1xx_hal_uart_c_d497114f15UART_Receive_ITEP20__UART_HandleTypeDef)
    [local to stm32f1xx_hal_uart_c]::UART_Receive_IT(__UART_HandleTypeDef*) 0x08003455   Thumb Code   252  stm32f1xx_hal_uart.o(i._ZN42_INTERNAL_20_stm32f1xx_hal_uart_c_d497114f15UART_Receive_ITEP20__UART_HandleTypeDef)
    i._ZN42_INTERNAL_20_stm32f1xx_hal_uart_c_d497114f16UART_Transmit_ITEP20__UART_HandleTypeDef 0x08003550   Section        0  stm32f1xx_hal_uart.o(i._ZN42_INTERNAL_20_stm32f1xx_hal_uart_c_d497114f16UART_Transmit_ITEP20__UART_HandleTypeDef)
    [local to stm32f1xx_hal_uart_c]::UART_Transmit_IT(__UART_HandleTypeDef*) 0x08003551   Thumb Code    96  stm32f1xx_hal_uart.o(i._ZN42_INTERNAL_20_stm32f1xx_hal_uart_c_d497114f16UART_Transmit_ITEP20__UART_HandleTypeDef)
    i._ZN42_INTERNAL_20_stm32f1xx_hal_uart_c_d497114f18UART_DMARxHalfCpltEP19__DMA_HandleTypeDef 0x080035b0   Section        0  stm32f1xx_hal_uart.o(i._ZN42_INTERNAL_20_stm32f1xx_hal_uart_c_d497114f18UART_DMARxHalfCpltEP19__DMA_HandleTypeDef)
    [local to stm32f1xx_hal_uart_c]::UART_DMARxHalfCplt(__DMA_HandleTypeDef*) 0x080035b1   Thumb Code    36  stm32f1xx_hal_uart.o(i._ZN42_INTERNAL_20_stm32f1xx_hal_uart_c_d497114f18UART_DMARxHalfCpltEP19__DMA_HandleTypeDef)
    i._ZN42_INTERNAL_20_stm32f1xx_hal_uart_c_d497114f18UART_EndRxTransferEP20__UART_HandleTypeDef 0x080035d4   Section        0  stm32f1xx_hal_uart.o(i._ZN42_INTERNAL_20_stm32f1xx_hal_uart_c_d497114f18UART_EndRxTransferEP20__UART_HandleTypeDef)
    [local to stm32f1xx_hal_uart_c]::UART_EndRxTransfer(__UART_HandleTypeDef*) 0x080035d5   Thumb Code   108  stm32f1xx_hal_uart.o(i._ZN42_INTERNAL_20_stm32f1xx_hal_uart_c_d497114f18UART_EndRxTransferEP20__UART_HandleTypeDef)
    i._ZN42_INTERNAL_20_stm32f1xx_hal_uart_c_d497114f18UART_EndTxTransferEP20__UART_HandleTypeDef 0x08003640   Section        0  stm32f1xx_hal_uart.o(i._ZN42_INTERNAL_20_stm32f1xx_hal_uart_c_d497114f18UART_EndTxTransferEP20__UART_HandleTypeDef)
    [local to stm32f1xx_hal_uart_c]::UART_EndTxTransfer(__UART_HandleTypeDef*) 0x08003641   Thumb Code    38  stm32f1xx_hal_uart.o(i._ZN42_INTERNAL_20_stm32f1xx_hal_uart_c_d497114f18UART_EndTxTransferEP20__UART_HandleTypeDef)
    i._ZN42_INTERNAL_20_stm32f1xx_hal_uart_c_d497114f19UART_DMAReceiveCpltEP19__DMA_HandleTypeDef 0x08003666   Section        0  stm32f1xx_hal_uart.o(i._ZN42_INTERNAL_20_stm32f1xx_hal_uart_c_d497114f19UART_DMAReceiveCpltEP19__DMA_HandleTypeDef)
    [local to stm32f1xx_hal_uart_c]::UART_DMAReceiveCplt(__DMA_HandleTypeDef*) 0x08003667   Thumb Code   180  stm32f1xx_hal_uart.o(i._ZN42_INTERNAL_20_stm32f1xx_hal_uart_c_d497114f19UART_DMAReceiveCpltEP19__DMA_HandleTypeDef)
    i._ZN42_INTERNAL_20_stm32f1xx_hal_uart_c_d497114f19UART_EndTransmit_ITEP20__UART_HandleTypeDef 0x0800371a   Section        0  stm32f1xx_hal_uart.o(i._ZN42_INTERNAL_20_stm32f1xx_hal_uart_c_d497114f19UART_EndTransmit_ITEP20__UART_HandleTypeDef)
    [local to stm32f1xx_hal_uart_c]::UART_EndTransmit_IT(__UART_HandleTypeDef*) 0x0800371b   Thumb Code    32  stm32f1xx_hal_uart.o(i._ZN42_INTERNAL_20_stm32f1xx_hal_uart_c_d497114f19UART_EndTransmit_ITEP20__UART_HandleTypeDef)
    i._ZN42_INTERNAL_20_stm32f1xx_hal_uart_c_d497114f20UART_DMAAbortOnErrorEP19__DMA_HandleTypeDef 0x0800373a   Section        0  stm32f1xx_hal_uart.o(i._ZN42_INTERNAL_20_stm32f1xx_hal_uart_c_d497114f20UART_DMAAbortOnErrorEP19__DMA_HandleTypeDef)
    [local to stm32f1xx_hal_uart_c]::UART_DMAAbortOnError(__DMA_HandleTypeDef*) 0x0800373b   Thumb Code    20  stm32f1xx_hal_uart.o(i._ZN42_INTERNAL_20_stm32f1xx_hal_uart_c_d497114f20UART_DMAAbortOnErrorEP19__DMA_HandleTypeDef)
    i._ZN44_INTERNAL_22_stm32f1xx_hal_cortex_c_2992dbc018__NVIC_SetPriorityE9IRQn_Typej 0x08003750   Section        0  stm32f1xx_hal_cortex.o(i._ZN44_INTERNAL_22_stm32f1xx_hal_cortex_c_2992dbc018__NVIC_SetPriorityE9IRQn_Typej)
    [local to stm32f1xx_hal_cortex_c]::__NVIC_SetPriority(IRQn_Type, unsigned) 0x08003751   Thumb Code    32  stm32f1xx_hal_cortex.o(i._ZN44_INTERNAL_22_stm32f1xx_hal_cortex_c_2992dbc018__NVIC_SetPriorityE9IRQn_Typej)
    i._ZN44_INTERNAL_22_stm32f1xx_hal_cortex_c_2992dbc026__NVIC_GetPriorityGroupingEv 0x08003778   Section        0  stm32f1xx_hal_cortex.o(i._ZN44_INTERNAL_22_stm32f1xx_hal_cortex_c_2992dbc026__NVIC_GetPriorityGroupingEv)
    [local to stm32f1xx_hal_cortex_c]::__NVIC_GetPriorityGrouping() 0x08003779   Thumb Code    10  stm32f1xx_hal_cortex.o(i._ZN44_INTERNAL_22_stm32f1xx_hal_cortex_c_2992dbc026__NVIC_GetPriorityGroupingEv)
    i.__sti___6_main_c_esp32                 0x08003788   Section        0  main.o(i.__sti___6_main_c_esp32)
    __sti___6_main_c_esp32                   0x08003789   Thumb Code   152  main.o(i.__sti___6_main_c_esp32)
    i.main                                   0x08003868   Section        0  main.o(i.main)
    i.setpwm                                 0x08003908   Section        0  setpwm.o(i.setpwm)
    i.sqrtf                                  0x08003b50   Section        0  sqrtf.o(i.sqrtf)
    i.steering                               0x08003b7c   Section        0  setpwm.o(i.steering)
    t._ZSt3maxIfERKT_S2_S2_                  0x08003bb8   Section        0  linear velocity.o(t._ZSt3maxIfERKT_S2_S2_)
    t._ZSt3minIfERKT_S2_S2_                  0x08003bd0   Section        0  linear velocity.o(t._ZSt3minIfERKT_S2_S2_)
    x$fpl$d2f                                0x08003be8   Section       98  d2f.o(x$fpl$d2f)
    x$fpl$dadd                               0x08003c4c   Section      336  daddsub_clz.o(x$fpl$dadd)
    _dadd1                                   0x08003c5d   Thumb Code     0  daddsub_clz.o(x$fpl$dadd)
    x$fpl$ddiv                               0x08003d9c   Section      688  ddiv.o(x$fpl$ddiv)
    ddiv_entry                               0x08003da3   Thumb Code     0  ddiv.o(x$fpl$ddiv)
    x$fpl$dmul                               0x0800404c   Section      340  dmul.o(x$fpl$dmul)
    x$fpl$dnaninf                            0x080041a0   Section      156  dnaninf.o(x$fpl$dnaninf)
    x$fpl$dretinf                            0x0800423c   Section       12  dretinf.o(x$fpl$dretinf)
    x$fpl$dsub                               0x08004248   Section      468  daddsub_clz.o(x$fpl$dsub)
    _dsub1                                   0x08004259   Thumb Code     0  daddsub_clz.o(x$fpl$dsub)
    x$fpl$f2d                                0x0800441c   Section       86  f2d.o(x$fpl$f2d)
    x$fpl$fadd                               0x08004474   Section      196  faddsub_clz.o(x$fpl$fadd)
    _fadd1                                   0x08004483   Thumb Code     0  faddsub_clz.o(x$fpl$fadd)
    x$fpl$fcmpinf                            0x08004538   Section       24  fcmpi.o(x$fpl$fcmpinf)
    x$fpl$fdiv                               0x08004550   Section      388  fdiv.o(x$fpl$fdiv)
    _fdiv1                                   0x08004551   Thumb Code     0  fdiv.o(x$fpl$fdiv)
    x$fpl$feqf                               0x080046d4   Section      104  feqf.o(x$fpl$feqf)
    x$fpl$ffix                               0x0800473c   Section       54  ffix.o(x$fpl$ffix)
    x$fpl$fflt                               0x08004774   Section       48  fflt_clz.o(x$fpl$fflt)
    x$fpl$ffltu                              0x080047a4   Section       38  fflt_clz.o(x$fpl$ffltu)
    x$fpl$fleqf                              0x080047cc   Section      104  fleqf.o(x$fpl$fleqf)
    x$fpl$fmul                               0x08004834   Section      258  fmul.o(x$fpl$fmul)
    x$fpl$fnaninf                            0x08004936   Section      140  fnaninf.o(x$fpl$fnaninf)
    x$fpl$fretinf                            0x080049c2   Section       10  fretinf.o(x$fpl$fretinf)
    x$fpl$frleqf                             0x080049cc   Section       98  frleqf.o(x$fpl$frleqf)
    x$fpl$frsb                               0x08004a2e   Section       20  faddsub_clz.o(x$fpl$frsb)
    x$fpl$fsqrt                              0x08004a44   Section      272  fsqrt.o(x$fpl$fsqrt)
    x$fpl$fsub                               0x08004b54   Section      234  faddsub_clz.o(x$fpl$fsub)
    _fsub1                                   0x08004b63   Thumb Code     0  faddsub_clz.o(x$fpl$fsub)
    .constdata                               0x08004c3e   Section       18  stm32f1xx_hal_rcc.o(.constdata)
    x$fpl$usenofp                            0x08004c3e   Section        0  usenofp.o(x$fpl$usenofp)
    HAL_RCC_GetSysClockFreq::aPLLMULFactorTable 0x08004c3e   Data          16  stm32f1xx_hal_rcc.o(.constdata)
    HAL_RCC_GetSysClockFreq::aPredivFactorTable 0x08004c4e   Data           2  stm32f1xx_hal_rcc.o(.constdata)
    .constdata                               0x08004c50   Section       24  system_stm32f1xx.o(.constdata)
    .init_array                              0x08004c88   Section        4  main.o(.init_array)
    .init_array                              0x08004c8c   Section        0  init_aeabi.o(.init_array)
    .data                                    0x20000000   Section       64  main.o(.data)
    .data                                    0x20000040   Section        9  stm32f1xx_hal.o(.data)
    .data                                    0x2000004c   Section        4  system_stm32f1xx.o(.data)
    .data                                    0x20000050   Section       32  setpwm.o(.data)
    .bss                                     0x20000070   Section      272  main.o(.bss)
    .bss                                     0x20000180   Section      288  tim.o(.bss)
    .bss                                     0x200002a0   Section      416  usart.o(.bss)
    .bss                                     0x20000440   Section       48  setpwm.o(.bss)
    .bss                                     0x20000470   Section       96  libspace.o(.bss)
    HEAP                                     0x200004d0   Section      512  startup_stm32f103xb.o(HEAP)
    Heap_Mem                                 0x200004d0   Data         512  startup_stm32f103xb.o(HEAP)
    STACK                                    0x200006d0   Section     1024  startup_stm32f103xb.o(STACK)
    Stack_Mem                                0x200006d0   Data        1024  startup_stm32f103xb.o(STACK)
    __initial_sp                             0x20000ad0   Data           0  startup_stm32f103xb.o(STACK)

    Global Symbols

    Symbol Name                              Value     Ov Type        Size  Object(Section)

    BuildAttributes$$THM_ISAv4$P$D$K$B$S$PE$A:L22UL41UL21$X:L11$S22US41US21$IEEE1$IW$USESV6$~STKCKD$USESV7$~SHL$OTIME$ROPI$IEEEJ$EBA8$UX$STANDARDLIB$REQ8$PRES8$EABIv2 0x00000000   Number         0  anon$$obj.o ABSOLUTE
    __ARM_use_no_argv                        0x00000000   Number         0  main.o ABSOLUTE
    __ARM_exceptions_init                     - Undefined Weak Reference
    __alloca_initialize                       - Undefined Weak Reference
    __arm_fini_                               - Undefined Weak Reference
    __arm_preinit_                            - Undefined Weak Reference
    __cxa_finalize                            - Undefined Weak Reference
    __rt_locale                               - Undefined Weak Reference
    __sigvec_lookup                           - Undefined Weak Reference
    _atexit_init                              - Undefined Weak Reference
    _call_atexit_fns                          - Undefined Weak Reference
    _clock_init                               - Undefined Weak Reference
    _fp_trap_init                             - Undefined Weak Reference
    _fp_trap_shutdown                         - Undefined Weak Reference
    _get_lc_collate                           - Undefined Weak Reference
    _get_lc_ctype                             - Undefined Weak Reference
    _get_lc_monetary                          - Undefined Weak Reference
    _get_lc_numeric                           - Undefined Weak Reference
    _get_lc_time                              - Undefined Weak Reference
    _getenv_init                              - Undefined Weak Reference
    _handle_redirection                       - Undefined Weak Reference
    _init_alloc                               - Undefined Weak Reference
    _init_user_alloc                          - Undefined Weak Reference
    _initio                                   - Undefined Weak Reference
    _rand_init                                - Undefined Weak Reference
    _signal_finish                            - Undefined Weak Reference
    _signal_init                              - Undefined Weak Reference
    _terminate_alloc                          - Undefined Weak Reference
    _terminate_user_alloc                     - Undefined Weak Reference
    _terminateio                              - Undefined Weak Reference
    __Vectors_Size                           0x000000ec   Number         0  startup_stm32f103xb.o ABSOLUTE
    __Vectors                                0x08000000   Data           4  startup_stm32f103xb.o(RESET)
    __Vectors_End                            0x080000ec   Data           0  startup_stm32f103xb.o(RESET)
    __main                                   0x080000ed   Thumb Code     8  __main.o(!!!main)
    __scatterload                            0x080000f5   Thumb Code     0  __scatter.o(!!!scatter)
    __scatterload_rt2                        0x080000f5   Thumb Code    44  __scatter.o(!!!scatter)
    __scatterload_rt2_thumb_only             0x080000f5   Thumb Code     0  __scatter.o(!!!scatter)
    __scatterload_null                       0x08000103   Thumb Code     0  __scatter.o(!!!scatter)
    __scatterload_copy                       0x08000129   Thumb Code    26  __scatter_copy.o(!!handler_copy)
    __scatterload_zeroinit                   0x08000145   Thumb Code    28  __scatter_zi.o(!!handler_zi)
    __rt_lib_init                            0x08000161   Thumb Code     0  libinit.o(.ARM.Collect$$libinit$$00000000)
    __rt_lib_init_alloca_1                   0x08000163   Thumb Code     0  libinit2.o(.ARM.Collect$$libinit$$0000002E)
    __rt_lib_init_argv_1                     0x08000163   Thumb Code     0  libinit2.o(.ARM.Collect$$libinit$$0000002C)
    __rt_lib_init_atexit_1                   0x08000163   Thumb Code     0  libinit2.o(.ARM.Collect$$libinit$$0000001B)
    __rt_lib_init_clock_1                    0x08000163   Thumb Code     0  libinit2.o(.ARM.Collect$$libinit$$00000021)
    __rt_lib_init_cpp_2                      0x08000163   Thumb Code     0  libinit2.o(.ARM.Collect$$libinit$$00000031)
    __rt_lib_init_exceptions_1               0x08000163   Thumb Code     0  libinit2.o(.ARM.Collect$$libinit$$00000030)
    __rt_lib_init_fp_1                       0x08000163   Thumb Code     0  libinit2.o(.ARM.Collect$$libinit$$00000002)
    __rt_lib_init_fp_trap_1                  0x08000163   Thumb Code     0  libinit2.o(.ARM.Collect$$libinit$$0000001F)
    __rt_lib_init_getenv_1                   0x08000163   Thumb Code     0  libinit2.o(.ARM.Collect$$libinit$$00000023)
    __rt_lib_init_heap_1                     0x08000163   Thumb Code     0  libinit2.o(.ARM.Collect$$libinit$$0000000A)
    __rt_lib_init_lc_collate_1               0x08000163   Thumb Code     0  libinit2.o(.ARM.Collect$$libinit$$00000011)
    __rt_lib_init_lc_ctype_1                 0x08000163   Thumb Code     0  libinit2.o(.ARM.Collect$$libinit$$00000013)
    __rt_lib_init_lc_monetary_1              0x08000163   Thumb Code     0  libinit2.o(.ARM.Collect$$libinit$$00000015)
    __rt_lib_init_lc_numeric_1               0x08000163   Thumb Code     0  libinit2.o(.ARM.Collect$$libinit$$00000017)
    __rt_lib_init_lc_time_1                  0x08000163   Thumb Code     0  libinit2.o(.ARM.Collect$$libinit$$00000019)
    __rt_lib_init_preinit_1                  0x08000163   Thumb Code     0  libinit2.o(.ARM.Collect$$libinit$$00000004)
    __rt_lib_init_rand_1                     0x08000163   Thumb Code     0  libinit2.o(.ARM.Collect$$libinit$$0000000E)
    __rt_lib_init_signal_1                   0x08000163   Thumb Code     0  libinit2.o(.ARM.Collect$$libinit$$0000001D)
    __rt_lib_init_stdio_1                    0x08000163   Thumb Code     0  libinit2.o(.ARM.Collect$$libinit$$00000025)
    __rt_lib_init_user_alloc_1               0x08000163   Thumb Code     0  libinit2.o(.ARM.Collect$$libinit$$0000000C)
    __rt_lib_init_cpp_1                      0x08000167   Thumb Code     0  libinit2.o(.ARM.Collect$$libinit$$00000032)
    __rt_lib_init_return                     0x08000167   Thumb Code     0  libinit2.o(.ARM.Collect$$libinit$$00000033)
    __rt_lib_shutdown                        0x08000169   Thumb Code     0  libshutdown.o(.ARM.Collect$$libshutdown$$00000000)
    __rt_lib_shutdown_cpp_1                  0x0800016b   Thumb Code     0  libshutdown2.o(.ARM.Collect$$libshutdown$$00000004)
    __rt_lib_shutdown_fini_1                 0x0800016b   Thumb Code     0  libshutdown2.o(.ARM.Collect$$libshutdown$$00000002)
    __rt_lib_shutdown_fp_trap_1              0x0800016b   Thumb Code     0  libshutdown2.o(.ARM.Collect$$libshutdown$$00000009)
    __rt_lib_shutdown_heap_1                 0x0800016b   Thumb Code     0  libshutdown2.o(.ARM.Collect$$libshutdown$$00000011)
    __rt_lib_shutdown_return                 0x0800016b   Thumb Code     0  libshutdown2.o(.ARM.Collect$$libshutdown$$00000012)
    __rt_lib_shutdown_signal_1               0x0800016b   Thumb Code     0  libshutdown2.o(.ARM.Collect$$libshutdown$$0000000C)
    __rt_lib_shutdown_stdio_1                0x0800016b   Thumb Code     0  libshutdown2.o(.ARM.Collect$$libshutdown$$00000006)
    __rt_lib_shutdown_user_alloc_1           0x0800016b   Thumb Code     0  libshutdown2.o(.ARM.Collect$$libshutdown$$0000000E)
    __rt_entry                               0x0800016d   Thumb Code     0  __rtentry.o(.ARM.Collect$$rtentry$$00000000)
    __rt_entry_presh_1                       0x0800016d   Thumb Code     0  __rtentry2.o(.ARM.Collect$$rtentry$$00000002)
    __rt_entry_sh                            0x0800016d   Thumb Code     0  __rtentry4.o(.ARM.Collect$$rtentry$$00000004)
    __rt_entry_li                            0x08000173   Thumb Code     0  __rtentry2.o(.ARM.Collect$$rtentry$$0000000A)
    __rt_entry_postsh_1                      0x08000173   Thumb Code     0  __rtentry2.o(.ARM.Collect$$rtentry$$00000009)
    __rt_entry_main                          0x08000177   Thumb Code     0  __rtentry2.o(.ARM.Collect$$rtentry$$0000000D)
    __rt_entry_postli_1                      0x08000177   Thumb Code     0  __rtentry2.o(.ARM.Collect$$rtentry$$0000000C)
    __rt_exit                                0x0800017f   Thumb Code     0  rtexit.o(.ARM.Collect$$rtexit$$00000000)
    __rt_exit_ls                             0x08000181   Thumb Code     0  rtexit2.o(.ARM.Collect$$rtexit$$00000003)
    __rt_exit_prels_1                        0x08000181   Thumb Code     0  rtexit2.o(.ARM.Collect$$rtexit$$00000002)
    __rt_exit_exit                           0x08000185   Thumb Code     0  rtexit2.o(.ARM.Collect$$rtexit$$00000004)
    Reset_Handler                            0x0800018d   Thumb Code     8  startup_stm32f103xb.o(.text)
    ADC1_2_IRQHandler                        0x080001a7   Thumb Code     0  startup_stm32f103xb.o(.text)
    CAN1_RX1_IRQHandler                      0x080001a7   Thumb Code     0  startup_stm32f103xb.o(.text)
    CAN1_SCE_IRQHandler                      0x080001a7   Thumb Code     0  startup_stm32f103xb.o(.text)
    DMA1_Channel1_IRQHandler                 0x080001a7   Thumb Code     0  startup_stm32f103xb.o(.text)
    DMA1_Channel2_IRQHandler                 0x080001a7   Thumb Code     0  startup_stm32f103xb.o(.text)
    DMA1_Channel3_IRQHandler                 0x080001a7   Thumb Code     0  startup_stm32f103xb.o(.text)
    EXTI2_IRQHandler                         0x080001a7   Thumb Code     0  startup_stm32f103xb.o(.text)
    EXTI3_IRQHandler                         0x080001a7   Thumb Code     0  startup_stm32f103xb.o(.text)
    FLASH_IRQHandler                         0x080001a7   Thumb Code     0  startup_stm32f103xb.o(.text)
    I2C1_ER_IRQHandler                       0x080001a7   Thumb Code     0  startup_stm32f103xb.o(.text)
    I2C1_EV_IRQHandler                       0x080001a7   Thumb Code     0  startup_stm32f103xb.o(.text)
    I2C2_ER_IRQHandler                       0x080001a7   Thumb Code     0  startup_stm32f103xb.o(.text)
    I2C2_EV_IRQHandler                       0x080001a7   Thumb Code     0  startup_stm32f103xb.o(.text)
    RTC_Alarm_IRQHandler                     0x080001a7   Thumb Code     0  startup_stm32f103xb.o(.text)
    RTC_IRQHandler                           0x080001a7   Thumb Code     0  startup_stm32f103xb.o(.text)
    SPI1_IRQHandler                          0x080001a7   Thumb Code     0  startup_stm32f103xb.o(.text)
    SPI2_IRQHandler                          0x080001a7   Thumb Code     0  startup_stm32f103xb.o(.text)
    TAMPER_IRQHandler                        0x080001a7   Thumb Code     0  startup_stm32f103xb.o(.text)
    USART3_IRQHandler                        0x080001a7   Thumb Code     0  startup_stm32f103xb.o(.text)
    USBWakeUp_IRQHandler                     0x080001a7   Thumb Code     0  startup_stm32f103xb.o(.text)
    USB_HP_CAN1_TX_IRQHandler                0x080001a7   Thumb Code     0  startup_stm32f103xb.o(.text)
    USB_LP_CAN1_RX0_IRQHandler               0x080001a7   Thumb Code     0  startup_stm32f103xb.o(.text)
    WWDG_IRQHandler                          0x080001a7   Thumb Code     0  startup_stm32f103xb.o(.text)
    __user_initial_stackheap                 0x080001a9   Thumb Code     0  startup_stm32f103xb.o(.text)
    __aeabi_memclr4                          0x080001cd   Thumb Code     0  rt_memclr_w.o(.text)
    __aeabi_memclr8                          0x080001cd   Thumb Code     0  rt_memclr_w.o(.text)
    __rt_memclr_w                            0x080001cd   Thumb Code    78  rt_memclr_w.o(.text)
    _memset_w                                0x080001d1   Thumb Code     0  rt_memclr_w.o(.text)
    __use_two_region_memory                  0x0800021b   Thumb Code     2  heapauxi.o(.text)
    __rt_heap_escrow$2region                 0x0800021d   Thumb Code     2  heapauxi.o(.text)
    __rt_heap_expand$2region                 0x0800021f   Thumb Code     2  heapauxi.o(.text)
    __cpp_initialize__aeabi_                 0x08000221   Thumb Code    26  init_aeabi.o(.text)
    __read_errno                             0x08000245   Thumb Code    10  _rserrno.o(.text)
    __set_errno                              0x0800024f   Thumb Code    12  _rserrno.o(.text)
    __aeabi_errno_addr                       0x0800025d   Thumb Code     8  rt_errno_addr_intlibspace.o(.text)
    __errno$intlibspace                      0x0800025d   Thumb Code     0  rt_errno_addr_intlibspace.o(.text)
    __rt_errno_addr$intlibspace              0x0800025d   Thumb Code     0  rt_errno_addr_intlibspace.o(.text)
    __user_libspace                          0x08000265   Thumb Code     8  libspace.o(.text)
    __user_perproc_libspace                  0x08000265   Thumb Code     0  libspace.o(.text)
    __user_perthread_libspace                0x08000265   Thumb Code     0  libspace.o(.text)
    __user_setup_stackheap                   0x0800026d   Thumb Code    74  sys_stackheap_outer.o(.text)
    exit                                     0x080002b7   Thumb Code    18  exit.o(.text)
    __I$use$semihosting                      0x080002c9   Thumb Code     0  use_no_semi.o(.text)
    __use_no_semihosting_swi                 0x080002c9   Thumb Code     2  use_no_semi.o(.text)
    __semihosting_library_function           0x080002cb   Thumb Code     0  indicate_semi.o(.text)
    _sys_exit                                0x080002cd   Thumb Code     8  sys_exit.o(.text)
    AIN                                      0x080002d9   Thumb Code    86  motor.o(i.AIN)
    BIN                                      0x08000335   Thumb Code    86  motor.o(i.BIN)
    BusFault_Handler                         0x08000391   Thumb Code     4  stm32f1xx_it.o(i.BusFault_Handler)
    CIN                                      0x08000395   Thumb Code    86  motor.o(i.CIN)
    DIN                                      0x080003f1   Thumb Code    86  motor.o(i.DIN)
    DMA1_Channel4_IRQHandler                 0x0800044d   Thumb Code    10  stm32f1xx_it.o(i.DMA1_Channel4_IRQHandler)
    DMA1_Channel5_IRQHandler                 0x0800045d   Thumb Code    10  stm32f1xx_it.o(i.DMA1_Channel5_IRQHandler)
    DMA1_Channel6_IRQHandler                 0x0800046d   Thumb Code    10  stm32f1xx_it.o(i.DMA1_Channel6_IRQHandler)
    DMA1_Channel7_IRQHandler                 0x0800047d   Thumb Code    10  stm32f1xx_it.o(i.DMA1_Channel7_IRQHandler)
    DebugMon_Handler                         0x0800048d   Thumb Code     2  stm32f1xx_it.o(i.DebugMon_Handler)
    EXTI0_IRQHandler                         0x0800048f   Thumb Code    10  stm32f1xx_it.o(i.EXTI0_IRQHandler)
    EXTI15_10_IRQHandler                     0x08000499   Thumb Code    20  stm32f1xx_it.o(i.EXTI15_10_IRQHandler)
    EXTI1_IRQHandler                         0x080004ad   Thumb Code    10  stm32f1xx_it.o(i.EXTI1_IRQHandler)
    EXTI4_IRQHandler                         0x080004b7   Thumb Code    10  stm32f1xx_it.o(i.EXTI4_IRQHandler)
    EXTI9_5_IRQHandler                       0x080004c1   Thumb Code    22  stm32f1xx_it.o(i.EXTI9_5_IRQHandler)
    Error_Handler                            0x080004d7   Thumb Code     6  main.o(i.Error_Handler)
    HAL_DMA_Abort                            0x080004dd   Thumb Code    86  stm32f1xx_hal_dma.o(i.HAL_DMA_Abort)
    HAL_DMA_Abort_IT                         0x08000535   Thumb Code   172  stm32f1xx_hal_dma.o(i.HAL_DMA_Abort_IT)
    HAL_DMA_IRQHandler                       0x080005e5   Thumb Code   408  stm32f1xx_hal_dma.o(i.HAL_DMA_IRQHandler)
    HAL_DMA_Init                             0x08000781   Thumb Code   100  stm32f1xx_hal_dma.o(i.HAL_DMA_Init)
    HAL_DMA_Start_IT                         0x080007e9   Thumb Code   156  stm32f1xx_hal_dma.o(i.HAL_DMA_Start_IT)
    HAL_GPIO_EXTI_Callback                   0x08000885   Thumb Code   184  encode_1.o(i.HAL_GPIO_EXTI_Callback)
    HAL_GPIO_EXTI_IRQHandler                 0x0800094d   Thumb Code    24  stm32f1xx_hal_gpio.o(i.HAL_GPIO_EXTI_IRQHandler)
    HAL_GPIO_Init                            0x08000969   Thumb Code   766  stm32f1xx_hal_gpio.o(i.HAL_GPIO_Init)
    HAL_GPIO_ReadPin                         0x08000c89   Thumb Code    16  stm32f1xx_hal_gpio.o(i.HAL_GPIO_ReadPin)
    HAL_GPIO_WritePin                        0x08000c99   Thumb Code    12  stm32f1xx_hal_gpio.o(i.HAL_GPIO_WritePin)
    HAL_GetTick                              0x08000ca5   Thumb Code     6  stm32f1xx_hal.o(i.HAL_GetTick)
    HAL_IncTick                              0x08000cb1   Thumb Code    16  stm32f1xx_hal.o(i.HAL_IncTick)
    HAL_Init                                 0x08000cc9   Thumb Code    34  stm32f1xx_hal.o(i.HAL_Init)
    HAL_InitTick                             0x08000cf1   Thumb Code    64  stm32f1xx_hal.o(i.HAL_InitTick)
    HAL_MspInit                              0x08000d3d   Thumb Code   108  stm32f1xx_hal_msp.o(i.HAL_MspInit)
    HAL_NVIC_EnableIRQ                       0x08000db1   Thumb Code    32  stm32f1xx_hal_cortex.o(i.HAL_NVIC_EnableIRQ)
    HAL_NVIC_SetPriority                     0x08000dd1   Thumb Code   124  stm32f1xx_hal_cortex.o(i.HAL_NVIC_SetPriority)
    HAL_NVIC_SetPriorityGrouping             0x08000e4d   Thumb Code    32  stm32f1xx_hal_cortex.o(i.HAL_NVIC_SetPriorityGrouping)
    HAL_NVIC_SystemReset                     0x08000e75   Thumb Code    60  stm32f1xx_hal_cortex.o(i.HAL_NVIC_SystemReset)
    HAL_PWR_PVDCallback                      0x08000eb9   Thumb Code     2  stm32f1xx_hal_pwr.o(i.HAL_PWR_PVDCallback)
    HAL_PWR_PVD_IRQHandler                   0x08000ebd   Thumb Code    26  stm32f1xx_hal_pwr.o(i.HAL_PWR_PVD_IRQHandler)
    HAL_RCC_ClockConfig                      0x08000edd   Thumb Code   376  stm32f1xx_hal_rcc.o(i.HAL_RCC_ClockConfig)
    HAL_RCC_GetHCLKFreq                      0x08001069   Thumb Code     6  stm32f1xx_hal_rcc.o(i.HAL_RCC_GetHCLKFreq)
    HAL_RCC_GetPCLK1Freq                     0x08001075   Thumb Code    22  stm32f1xx_hal_rcc.o(i.HAL_RCC_GetPCLK1Freq)
    HAL_RCC_GetPCLK2Freq                     0x08001095   Thumb Code    22  stm32f1xx_hal_rcc.o(i.HAL_RCC_GetPCLK2Freq)
    HAL_RCC_GetSysClockFreq                  0x080010b5   Thumb Code    92  stm32f1xx_hal_rcc.o(i.HAL_RCC_GetSysClockFreq)
    HAL_RCC_OscConfig                        0x08001125   Thumb Code  1114  stm32f1xx_hal_rcc.o(i.HAL_RCC_OscConfig)
    HAL_SYSTICK_Config                       0x08001589   Thumb Code    52  stm32f1xx_hal_cortex.o(i.HAL_SYSTICK_Config)
    HAL_TIMEx_BreakCallback                  0x080015bd   Thumb Code     2  stm32f1xx_hal_tim_ex.o(i.HAL_TIMEx_BreakCallback)
    HAL_TIMEx_CommutCallback                 0x080015bf   Thumb Code     2  stm32f1xx_hal_tim_ex.o(i.HAL_TIMEx_CommutCallback)
    HAL_TIMEx_MasterConfigSynchronization    0x080015c1   Thumb Code   118  stm32f1xx_hal_tim_ex.o(i.HAL_TIMEx_MasterConfigSynchronization)
    HAL_TIM_Base_Init                        0x08001645   Thumb Code   102  stm32f1xx_hal_tim.o(i.HAL_TIM_Base_Init)
    HAL_TIM_Base_MspInit                     0x080016ad   Thumb Code   268  tim.o(i.HAL_TIM_Base_MspInit)
    HAL_TIM_Base_Start_IT                    0x080017c9   Thumb Code   106  stm32f1xx_hal_tim.o(i.HAL_TIM_Base_Start_IT)
    HAL_TIM_ConfigClockSource                0x08001841   Thumb Code   268  stm32f1xx_hal_tim.o(i.HAL_TIM_ConfigClockSource)
    HAL_TIM_IC_CaptureCallback               0x0800194d   Thumb Code     2  stm32f1xx_hal_tim.o(i.HAL_TIM_IC_CaptureCallback)
    HAL_TIM_IRQHandler                       0x0800194f   Thumb Code   364  stm32f1xx_hal_tim.o(i.HAL_TIM_IRQHandler)
    HAL_TIM_MspPostInit                      0x08001abd   Thumb Code   198  tim.o(i.HAL_TIM_MspPostInit)
    HAL_TIM_OC_DelayElapsedCallback          0x08001b99   Thumb Code     2  stm32f1xx_hal_tim.o(i.HAL_TIM_OC_DelayElapsedCallback)
    HAL_TIM_PWM_ConfigChannel                0x08001b9b   Thumb Code   260  stm32f1xx_hal_tim.o(i.HAL_TIM_PWM_ConfigChannel)
    HAL_TIM_PWM_Init                         0x08001c9f   Thumb Code   102  stm32f1xx_hal_tim.o(i.HAL_TIM_PWM_Init)
    HAL_TIM_PWM_MspInit                      0x08001d05   Thumb Code     2  stm32f1xx_hal_tim.o(i.HAL_TIM_PWM_MspInit)
    HAL_TIM_PWM_PulseFinishedCallback        0x08001d07   Thumb Code     2  stm32f1xx_hal_tim.o(i.HAL_TIM_PWM_PulseFinishedCallback)
    HAL_TIM_PWM_Start_IT                     0x08001d09   Thumb Code   280  stm32f1xx_hal_tim.o(i.HAL_TIM_PWM_Start_IT)
    HAL_TIM_PeriodElapsedCallback            0x08001e2d   Thumb Code   566  main.o(i.HAL_TIM_PeriodElapsedCallback)
    HAL_TIM_TriggerCallback                  0x080020e1   Thumb Code     2  stm32f1xx_hal_tim.o(i.HAL_TIM_TriggerCallback)
    HAL_UARTEx_RxEventCallback               0x080020e3   Thumb Code     2  stm32f1xx_hal_uart.o(i.HAL_UARTEx_RxEventCallback)
    HAL_UART_ErrorCallback                   0x080020e5   Thumb Code     2  stm32f1xx_hal_uart.o(i.HAL_UART_ErrorCallback)
    HAL_UART_IRQHandler                      0x080020e9   Thumb Code   736  stm32f1xx_hal_uart.o(i.HAL_UART_IRQHandler)
    HAL_UART_Init                            0x080023cd   Thumb Code   118  stm32f1xx_hal_uart.o(i.HAL_UART_Init)
    HAL_UART_MspInit                         0x08002445   Thumb Code   462  usart.o(i.HAL_UART_MspInit)
    HAL_UART_Receive_DMA                     0x08002639   Thumb Code    44  stm32f1xx_hal_uart.o(i.HAL_UART_Receive_DMA)
    HAL_UART_RxCpltCallback                  0x08002665   Thumb Code   100  main.o(i.HAL_UART_RxCpltCallback)
    HAL_UART_RxHalfCpltCallback              0x080026e9   Thumb Code     2  stm32f1xx_hal_uart.o(i.HAL_UART_RxHalfCpltCallback)
    HAL_UART_TxCpltCallback                  0x080026eb   Thumb Code     2  stm32f1xx_hal_uart.o(i.HAL_UART_TxCpltCallback)
    HardFault_Handler                        0x080026ed   Thumb Code     4  stm32f1xx_it.o(i.HardFault_Handler)
    MX_DMA_Init                              0x080026f1   Thumb Code    96  dma.o(i.MX_DMA_Init)
    MX_GPIO_Init                             0x08002755   Thumb Code   344  gpio.o(i.MX_GPIO_Init)
    MX_TIM1_Init                             0x080028c1   Thumb Code   104  tim.o(i.MX_TIM1_Init)
    MX_TIM2_Init                             0x08002931   Thumb Code   202  tim.o(i.MX_TIM2_Init)
    MX_TIM3_Init                             0x08002a01   Thumb Code   156  tim.o(i.MX_TIM3_Init)
    MX_TIM4_Init                             0x08002aa5   Thumb Code   102  tim.o(i.MX_TIM4_Init)
    MX_USART1_UART_Init                      0x08002b15   Thumb Code    46  usart.o(i.MX_USART1_UART_Init)
    MX_USART2_UART_Init                      0x08002b4d   Thumb Code    46  usart.o(i.MX_USART2_UART_Init)
    MemManage_Handler                        0x08002b85   Thumb Code     4  stm32f1xx_it.o(i.MemManage_Handler)
    NMI_Handler                              0x08002b89   Thumb Code     4  stm32f1xx_it.o(i.NMI_Handler)
    PVD_IRQHandler                           0x08002b8d   Thumb Code     8  stm32f1xx_it.o(i.PVD_IRQHandler)
    Parse_esp32                              0x08002b95   Thumb Code    58  esp32.o(i.Parse_esp32)
    Parse_gpu                                0x08002bd1   Thumb Code    62  gpu.o(i.Parse_gpu)
    PendSV_Handler                           0x08002c1d   Thumb Code     2  stm32f1xx_it.o(i.PendSV_Handler)
    RCC_IRQHandler                           0x08002c1f   Thumb Code     2  stm32f1xx_it.o(i.RCC_IRQHandler)
    SVC_Handler                              0x08002c21   Thumb Code     2  stm32f1xx_it.o(i.SVC_Handler)
    SysTick_Handler                          0x08002c23   Thumb Code     8  stm32f1xx_it.o(i.SysTick_Handler)
    SystemInit                               0x08002c2b   Thumb Code     2  system_stm32f1xx.o(i.SystemInit)
    TIM1_BRK_IRQHandler                      0x08002c2d   Thumb Code    10  stm32f1xx_it.o(i.TIM1_BRK_IRQHandler)
    TIM1_CC_IRQHandler                       0x08002c3d   Thumb Code    10  stm32f1xx_it.o(i.TIM1_CC_IRQHandler)
    TIM1_TRG_COM_IRQHandler                  0x08002c4d   Thumb Code    10  stm32f1xx_it.o(i.TIM1_TRG_COM_IRQHandler)
    TIM1_UP_IRQHandler                       0x08002c5d   Thumb Code    10  stm32f1xx_it.o(i.TIM1_UP_IRQHandler)
    TIM2_IRQHandler                          0x08002c6d   Thumb Code    10  stm32f1xx_it.o(i.TIM2_IRQHandler)
    TIM3_IRQHandler                          0x08002c7d   Thumb Code    10  stm32f1xx_it.o(i.TIM3_IRQHandler)
    TIM4_IRQHandler                          0x08002c8d   Thumb Code    10  stm32f1xx_it.o(i.TIM4_IRQHandler)
    TIM_Base_SetConfig                       0x08002c9d   Thumb Code   120  stm32f1xx_hal_tim.o(i.TIM_Base_SetConfig)
    TIM_CCxChannelCmd                        0x08002d21   Thumb Code    34  stm32f1xx_hal_tim.o(i.TIM_CCxChannelCmd)
    TIM_ETR_SetConfig                        0x08002d43   Thumb Code    22  stm32f1xx_hal_tim.o(i.TIM_ETR_SetConfig)
    TIM_OC2_SetConfig                        0x08002d59   Thumb Code   100  stm32f1xx_hal_tim.o(i.TIM_OC2_SetConfig)
    UART_Start_Receive_DMA                   0x08002dc1   Thumb Code   186  stm32f1xx_hal_uart.o(i.UART_Start_Receive_DMA)
    USART1_IRQHandler                        0x08002e89   Thumb Code    10  stm32f1xx_it.o(i.USART1_IRQHandler)
    USART2_IRQHandler                        0x08002e99   Thumb Code    10  stm32f1xx_it.o(i.USART2_IRQHandler)
    UsageFault_Handler                       0x08002ea9   Thumb Code     4  stm32f1xx_it.o(i.UsageFault_Handler)
    SystemClock_Config()                     0x08002ead   Thumb Code   102  main.o(i._Z18SystemClock_Configv)
    FourWheelDrive::computeWheelSpeeds(float, float, float&, float&, float&, float&) 0x08002f13   Thumb Code   374  linear velocity.o(i._ZN14FourWheelDrive18computeWheelSpeedsEffRfS0_S0_S0_)
    FourWheelDrive::FourWheelDrive(float, float, float) 0x08003089   Thumb Code     8  linear velocity.o(i._ZN14FourWheelDriveC1Efff)
    FourWheelDrive::FourWheelDrive__sub_object(float, float, float) 0x08003089   Thumb Code     0  linear velocity.o(i._ZN14FourWheelDriveC1Efff)
    IncrementalPID::calculate(float, float)  0x08003091   Thumb Code   152  pid.o(i._ZN14IncrementalPID9calculateEff)
    IncrementalPID::IncrementalPID(float, float, float, float, float) 0x08003129   Thumb Code    26  pid.o(i._ZN14IncrementalPIDC1Efffff)
    IncrementalPID::IncrementalPID__sub_object(float, float, float, float, float) 0x08003129   Thumb Code     0  pid.o(i._ZN14IncrementalPIDC1Efffff)
    main                                     0x08003869   Thumb Code   124  main.o(i.main)
    setpwm                                   0x08003909   Thumb Code   558  setpwm.o(i.setpwm)
    sqrtf                                    0x08003b51   Thumb Code    44  sqrtf.o(i.sqrtf)
    steering                                 0x08003b7d   Thumb Code    56  setpwm.o(i.steering)
    const T1& std::max<float>(const T1&, const T1&) 0x08003bb9   Thumb Code    24  linear velocity.o(t._ZSt3maxIfERKT_S2_S2_)
    const T1& std::min<float>(const T1&, const T1&) 0x08003bd1   Thumb Code    24  linear velocity.o(t._ZSt3minIfERKT_S2_S2_)
    __aeabi_d2f                              0x08003be9   Thumb Code     0  d2f.o(x$fpl$d2f)
    _d2f                                     0x08003be9   Thumb Code    98  d2f.o(x$fpl$d2f)
    __aeabi_dadd                             0x08003c4d   Thumb Code     0  daddsub_clz.o(x$fpl$dadd)
    _dadd                                    0x08003c4d   Thumb Code   332  daddsub_clz.o(x$fpl$dadd)
    __aeabi_ddiv                             0x08003d9d   Thumb Code     0  ddiv.o(x$fpl$ddiv)
    _ddiv                                    0x08003d9d   Thumb Code   552  ddiv.o(x$fpl$ddiv)
    __aeabi_dmul                             0x0800404d   Thumb Code     0  dmul.o(x$fpl$dmul)
    _dmul                                    0x0800404d   Thumb Code   332  dmul.o(x$fpl$dmul)
    __fpl_dnaninf                            0x080041a1   Thumb Code   156  dnaninf.o(x$fpl$dnaninf)
    __fpl_dretinf                            0x0800423d   Thumb Code    12  dretinf.o(x$fpl$dretinf)
    __aeabi_dsub                             0x08004249   Thumb Code     0  daddsub_clz.o(x$fpl$dsub)
    _dsub                                    0x08004249   Thumb Code   464  daddsub_clz.o(x$fpl$dsub)
    __aeabi_f2d                              0x0800441d   Thumb Code     0  f2d.o(x$fpl$f2d)
    _f2d                                     0x0800441d   Thumb Code    86  f2d.o(x$fpl$f2d)
    __aeabi_fadd                             0x08004475   Thumb Code     0  faddsub_clz.o(x$fpl$fadd)
    _fadd                                    0x08004475   Thumb Code   196  faddsub_clz.o(x$fpl$fadd)
    __fpl_fcmp_Inf                           0x08004539   Thumb Code    24  fcmpi.o(x$fpl$fcmpinf)
    __aeabi_fdiv                             0x08004551   Thumb Code     0  fdiv.o(x$fpl$fdiv)
    _fdiv                                    0x08004551   Thumb Code   384  fdiv.o(x$fpl$fdiv)
    __aeabi_cfcmpeq                          0x080046d5   Thumb Code     0  feqf.o(x$fpl$feqf)
    _fcmpeq                                  0x080046d5   Thumb Code   104  feqf.o(x$fpl$feqf)
    __aeabi_f2iz                             0x0800473d   Thumb Code     0  ffix.o(x$fpl$ffix)
    _ffix                                    0x0800473d   Thumb Code    54  ffix.o(x$fpl$ffix)
    __aeabi_i2f                              0x08004775   Thumb Code     0  fflt_clz.o(x$fpl$fflt)
    _fflt                                    0x08004775   Thumb Code    48  fflt_clz.o(x$fpl$fflt)
    __aeabi_ui2f                             0x080047a5   Thumb Code     0  fflt_clz.o(x$fpl$ffltu)
    _ffltu                                   0x080047a5   Thumb Code    38  fflt_clz.o(x$fpl$ffltu)
    __aeabi_cfcmple                          0x080047cd   Thumb Code     0  fleqf.o(x$fpl$fleqf)
    _fcmple                                  0x080047cd   Thumb Code   104  fleqf.o(x$fpl$fleqf)
    __fpl_fcmple_InfNaN                      0x0800481f   Thumb Code     0  fleqf.o(x$fpl$fleqf)
    __aeabi_fmul                             0x08004835   Thumb Code     0  fmul.o(x$fpl$fmul)
    _fmul                                    0x08004835   Thumb Code   258  fmul.o(x$fpl$fmul)
    __fpl_fnaninf                            0x08004937   Thumb Code   140  fnaninf.o(x$fpl$fnaninf)
    __fpl_fretinf                            0x080049c3   Thumb Code    10  fretinf.o(x$fpl$fretinf)
    __aeabi_cfrcmple                         0x080049cd   Thumb Code     0  frleqf.o(x$fpl$frleqf)
    _frcmple                                 0x080049cd   Thumb Code    98  frleqf.o(x$fpl$frleqf)
    __aeabi_frsub                            0x08004a2f   Thumb Code     0  faddsub_clz.o(x$fpl$frsb)
    _frsb                                    0x08004a2f   Thumb Code    20  faddsub_clz.o(x$fpl$frsb)
    _fsqrt                                   0x08004a45   Thumb Code   272  fsqrt.o(x$fpl$fsqrt)
    __aeabi_fsub                             0x08004b55   Thumb Code     0  faddsub_clz.o(x$fpl$fsub)
    _fsub                                    0x08004b55   Thumb Code   234  faddsub_clz.o(x$fpl$fsub)
    __I$use$fp                               0x08004c3e   Number         0  usenofp.o(x$fpl$usenofp)
    AHBPrescTable                            0x08004c50   Data          16  system_stm32f1xx.o(.constdata)
    APBPrescTable                            0x08004c60   Data           8  system_stm32f1xx.o(.constdata)
    Region$$Table$$Base                      0x08004c68   Number         0  anon$$obj.o(Region$$Table)
    Region$$Table$$Limit                     0x08004c88   Number         0  anon$$obj.o(Region$$Table)
    SHT$$INIT_ARRAY$$Base                    0x08004c88   Number         0  main.o(.init_array)
    SHT$$INIT_ARRAY$$Limit                   0x08004c8c   Number         0  init_aeabi.o(.init_array)
    esp32                                    0x20000000   Data           4  main.o(.data)
    gpu_instance                             0x20000004   Data           8  main.o(.data)
    gpu                                      0x2000000c   Data           4  main.o(.data)
    test_data                                0x20000010   Data           5  main.o(.data)
    pwm_lf                                   0x20000018   Data           4  main.o(.data)
    pwm_rf                                   0x2000001c   Data           4  main.o(.data)
    pwm_lr                                   0x20000020   Data           4  main.o(.data)
    pwm_rr                                   0x20000024   Data           4  main.o(.data)
    omega                                    0x20000028   Data           4  main.o(.data)
    linear_speed                             0x2000002c   Data           4  main.o(.data)
    v_lf                                     0x20000030   Data           4  main.o(.data)
    v_rf                                     0x20000034   Data           4  main.o(.data)
    v_lr                                     0x20000038   Data           4  main.o(.data)
    v_rr                                     0x2000003c   Data           4  main.o(.data)
    uwTick                                   0x20000040   Data           4  stm32f1xx_hal.o(.data)
    uwTickPrio                               0x20000044   Data           4  stm32f1xx_hal.o(.data)
    uwTickFreq                               0x20000048   Data           1  stm32f1xx_hal.o(.data)
    SystemCoreClock                          0x2000004c   Data           4  system_stm32f1xx.o(.data)
    max_v                                    0x20000050   Data          16  setpwm.o(.data)
    pwm_test                                 0x20000060   Data          16  setpwm.o(.data)
    esp32_instance                           0x20000070   Data          12  main.o(.bss)
    receive_data                             0x2000007c   Data          20  main.o(.bss)
    gpu_data                                 0x20000090   Data          20  main.o(.bss)
    encoder_count                            0x200000a4   Data          16  main.o(.bss)
    prev_encoder_count                       0x200000b4   Data          16  main.o(.bss)
    delta_count                              0x200000c4   Data          16  main.o(.bss)
    pid                                      0x200000d4   Data         128  main.o(.bss)
    car                                      0x20000154   Data          12  main.o(.bss)
    v_measured                               0x20000160   Data          16  main.o(.bss)
    rps                                      0x20000170   Data          16  main.o(.bss)
    htim1                                    0x20000180   Data          72  tim.o(.bss)
    htim2                                    0x200001c8   Data          72  tim.o(.bss)
    htim3                                    0x20000210   Data          72  tim.o(.bss)
    htim4                                    0x20000258   Data          72  tim.o(.bss)
    huart1                                   0x200002a0   Data          72  usart.o(.bss)
    huart2                                   0x200002e8   Data          72  usart.o(.bss)
    hdma_usart1_rx                           0x20000330   Data          68  usart.o(.bss)
    hdma_usart1_tx                           0x20000374   Data          68  usart.o(.bss)
    hdma_usart2_rx                           0x200003b8   Data          68  usart.o(.bss)
    hdma_usart2_tx                           0x200003fc   Data          68  usart.o(.bss)
    pwm                                      0x20000440   Data          16  setpwm.o(.bss)
    pwm_set                                  0x20000450   Data          16  setpwm.o(.bss)
    cal                                      0x20000460   Data          16  setpwm.o(.bss)
    __libspace_start                         0x20000470   Data          96  libspace.o(.bss)
    __temporary_stack_top$libspace           0x200004d0   Data           0  libspace.o(.bss)



==============================================================================

Memory Map of the image

  Image Entry point : 0x080000ed

  Load Region LR_IROM1 (Base: 0x08000000, Size: 0x00004cfc, Max: 0x00010000, ABSOLUTE)

    Execution Region ER_IROM1 (Exec base: 0x08000000, Load base: 0x08000000, Size: 0x00004c8c, Max: 0x00010000, ABSOLUTE)

    Exec Addr    Load Addr    Size         Type   Attr      Idx    E Section Name        Object

    0x08000000   0x08000000   0x000000ec   Data   RO            3    RESET               startup_stm32f103xb.o
    0x080000ec   0x080000ec   0x00000008   Code   RO         3860  * !!!main             c_w.l(__main.o)
    0x080000f4   0x080000f4   0x00000034   Code   RO         4097    !!!scatter          c_w.l(__scatter.o)
    0x08000128   0x08000128   0x0000001a   Code   RO         4099    !!handler_copy      c_w.l(__scatter_copy.o)
    0x08000142   0x08000142   0x00000002   PAD
    0x08000144   0x08000144   0x0000001c   Code   RO         4101    !!handler_zi        c_w.l(__scatter_zi.o)
    0x08000160   0x08000160   0x00000002   Code   RO         4021    .ARM.Collect$$libinit$$00000000  c_w.l(libinit.o)
    0x08000162   0x08000162   0x00000000   Code   RO         3924    .ARM.Collect$$libinit$$00000002  c_w.l(libinit2.o)
    0x08000162   0x08000162   0x00000000   Code   RO         3926    .ARM.Collect$$libinit$$00000004  c_w.l(libinit2.o)
    0x08000162   0x08000162   0x00000000   Code   RO         3929    .ARM.Collect$$libinit$$0000000A  c_w.l(libinit2.o)
    0x08000162   0x08000162   0x00000000   Code   RO         3931    .ARM.Collect$$libinit$$0000000C  c_w.l(libinit2.o)
    0x08000162   0x08000162   0x00000000   Code   RO         3933    .ARM.Collect$$libinit$$0000000E  c_w.l(libinit2.o)
    0x08000162   0x08000162   0x00000000   Code   RO         3936    .ARM.Collect$$libinit$$00000011  c_w.l(libinit2.o)
    0x08000162   0x08000162   0x00000000   Code   RO         3938    .ARM.Collect$$libinit$$00000013  c_w.l(libinit2.o)
    0x08000162   0x08000162   0x00000000   Code   RO         3940    .ARM.Collect$$libinit$$00000015  c_w.l(libinit2.o)
    0x08000162   0x08000162   0x00000000   Code   RO         3942    .ARM.Collect$$libinit$$00000017  c_w.l(libinit2.o)
    0x08000162   0x08000162   0x00000000   Code   RO         3944    .ARM.Collect$$libinit$$00000019  c_w.l(libinit2.o)
    0x08000162   0x08000162   0x00000000   Code   RO         3946    .ARM.Collect$$libinit$$0000001B  c_w.l(libinit2.o)
    0x08000162   0x08000162   0x00000000   Code   RO         3948    .ARM.Collect$$libinit$$0000001D  c_w.l(libinit2.o)
    0x08000162   0x08000162   0x00000000   Code   RO         3950    .ARM.Collect$$libinit$$0000001F  c_w.l(libinit2.o)
    0x08000162   0x08000162   0x00000000   Code   RO         3952    .ARM.Collect$$libinit$$00000021  c_w.l(libinit2.o)
    0x08000162   0x08000162   0x00000000   Code   RO         3954    .ARM.Collect$$libinit$$00000023  c_w.l(libinit2.o)
    0x08000162   0x08000162   0x00000000   Code   RO         3956    .ARM.Collect$$libinit$$00000025  c_w.l(libinit2.o)
    0x08000162   0x08000162   0x00000000   Code   RO         3960    .ARM.Collect$$libinit$$0000002C  c_w.l(libinit2.o)
    0x08000162   0x08000162   0x00000000   Code   RO         3962    .ARM.Collect$$libinit$$0000002E  c_w.l(libinit2.o)
    0x08000162   0x08000162   0x00000000   Code   RO         3964    .ARM.Collect$$libinit$$00000030  c_w.l(libinit2.o)
    0x08000162   0x08000162   0x00000004   Code   RO         3965    .ARM.Collect$$libinit$$00000031  c_w.l(libinit2.o)
    0x08000166   0x08000166   0x00000000   Code   RO         3966    .ARM.Collect$$libinit$$00000032  c_w.l(libinit2.o)
    0x08000166   0x08000166   0x00000002   Code   RO         3967    .ARM.Collect$$libinit$$00000033  c_w.l(libinit2.o)
    0x08000168   0x08000168   0x00000002   Code   RO         4056    .ARM.Collect$$libshutdown$$00000000  c_w.l(libshutdown.o)
    0x0800016a   0x0800016a   0x00000000   Code   RO         4062    .ARM.Collect$$libshutdown$$00000002  c_w.l(libshutdown2.o)
    0x0800016a   0x0800016a   0x00000000   Code   RO         4064    .ARM.Collect$$libshutdown$$00000004  c_w.l(libshutdown2.o)
    0x0800016a   0x0800016a   0x00000000   Code   RO         4066    .ARM.Collect$$libshutdown$$00000006  c_w.l(libshutdown2.o)
    0x0800016a   0x0800016a   0x00000000   Code   RO         4069    .ARM.Collect$$libshutdown$$00000009  c_w.l(libshutdown2.o)
    0x0800016a   0x0800016a   0x00000000   Code   RO         4072    .ARM.Collect$$libshutdown$$0000000C  c_w.l(libshutdown2.o)
    0x0800016a   0x0800016a   0x00000000   Code   RO         4074    .ARM.Collect$$libshutdown$$0000000E  c_w.l(libshutdown2.o)
    0x0800016a   0x0800016a   0x00000000   Code   RO         4077    .ARM.Collect$$libshutdown$$00000011  c_w.l(libshutdown2.o)
    0x0800016a   0x0800016a   0x00000002   Code   RO         4078    .ARM.Collect$$libshutdown$$00000012  c_w.l(libshutdown2.o)
    0x0800016c   0x0800016c   0x00000000   Code   RO         3920    .ARM.Collect$$rtentry$$00000000  c_w.l(__rtentry.o)
    0x0800016c   0x0800016c   0x00000000   Code   RO         3982    .ARM.Collect$$rtentry$$00000002  c_w.l(__rtentry2.o)
    0x0800016c   0x0800016c   0x00000006   Code   RO         3994    .ARM.Collect$$rtentry$$00000004  c_w.l(__rtentry4.o)
    0x08000172   0x08000172   0x00000000   Code   RO         3984    .ARM.Collect$$rtentry$$00000009  c_w.l(__rtentry2.o)
    0x08000172   0x08000172   0x00000004   Code   RO         3985    .ARM.Collect$$rtentry$$0000000A  c_w.l(__rtentry2.o)
    0x08000176   0x08000176   0x00000000   Code   RO         3987    .ARM.Collect$$rtentry$$0000000C  c_w.l(__rtentry2.o)
    0x08000176   0x08000176   0x00000008   Code   RO         3988    .ARM.Collect$$rtentry$$0000000D  c_w.l(__rtentry2.o)
    0x0800017e   0x0800017e   0x00000002   Code   RO         4024    .ARM.Collect$$rtexit$$00000000  c_w.l(rtexit.o)
    0x08000180   0x08000180   0x00000000   Code   RO         4036    .ARM.Collect$$rtexit$$00000002  c_w.l(rtexit2.o)
    0x08000180   0x08000180   0x00000004   Code   RO         4037    .ARM.Collect$$rtexit$$00000003  c_w.l(rtexit2.o)
    0x08000184   0x08000184   0x00000006   Code   RO         4038    .ARM.Collect$$rtexit$$00000004  c_w.l(rtexit2.o)
    0x0800018a   0x0800018a   0x00000002   PAD
    0x0800018c   0x0800018c   0x00000040   Code   RO            4    .text               startup_stm32f103xb.o
    0x080001cc   0x080001cc   0x0000004e   Code   RO         3856    .text               c_w.l(rt_memclr_w.o)
    0x0800021a   0x0800021a   0x00000006   Code   RO         3858    .text               c_w.l(heapauxi.o)
    0x08000220   0x08000220   0x00000024   Code   RO         3865    .text               c_w.l(init_aeabi.o)
    0x08000244   0x08000244   0x00000016   Code   RO         3921    .text               c_w.l(_rserrno.o)
    0x0800025a   0x0800025a   0x00000002   PAD
    0x0800025c   0x0800025c   0x00000008   Code   RO         3999    .text               c_w.l(rt_errno_addr_intlibspace.o)
    0x08000264   0x08000264   0x00000008   Code   RO         4005    .text               c_w.l(libspace.o)
    0x0800026c   0x0800026c   0x0000004a   Code   RO         4008    .text               c_w.l(sys_stackheap_outer.o)
    0x080002b6   0x080002b6   0x00000012   Code   RO         4010    .text               c_w.l(exit.o)
    0x080002c8   0x080002c8   0x00000002   Code   RO         4032    .text               c_w.l(use_no_semi.o)
    0x080002ca   0x080002ca   0x00000000   Code   RO         4034    .text               c_w.l(indicate_semi.o)
    0x080002ca   0x080002ca   0x00000002   PAD
    0x080002cc   0x080002cc   0x0000000c   Code   RO         4048    .text               c_w.l(sys_exit.o)
    0x080002d8   0x080002d8   0x0000005c   Code   RO         3623    i.AIN               motor.o
    0x08000334   0x08000334   0x0000005c   Code   RO         3624    i.BIN               motor.o
    0x08000390   0x08000390   0x00000004   Code   RO          467    i.BusFault_Handler  stm32f1xx_it.o
    0x08000394   0x08000394   0x0000005c   Code   RO         3625    i.CIN               motor.o
    0x080003f0   0x080003f0   0x0000005c   Code   RO         3626    i.DIN               motor.o
    0x0800044c   0x0800044c   0x00000010   Code   RO          468    i.DMA1_Channel4_IRQHandler  stm32f1xx_it.o
    0x0800045c   0x0800045c   0x00000010   Code   RO          469    i.DMA1_Channel5_IRQHandler  stm32f1xx_it.o
    0x0800046c   0x0800046c   0x00000010   Code   RO          470    i.DMA1_Channel6_IRQHandler  stm32f1xx_it.o
    0x0800047c   0x0800047c   0x00000010   Code   RO          471    i.DMA1_Channel7_IRQHandler  stm32f1xx_it.o
    0x0800048c   0x0800048c   0x00000002   Code   RO          472    i.DebugMon_Handler  stm32f1xx_it.o
    0x0800048e   0x0800048e   0x0000000a   Code   RO          473    i.EXTI0_IRQHandler  stm32f1xx_it.o
    0x08000498   0x08000498   0x00000014   Code   RO          474    i.EXTI15_10_IRQHandler  stm32f1xx_it.o
    0x080004ac   0x080004ac   0x0000000a   Code   RO          475    i.EXTI1_IRQHandler  stm32f1xx_it.o
    0x080004b6   0x080004b6   0x0000000a   Code   RO          476    i.EXTI4_IRQHandler  stm32f1xx_it.o
    0x080004c0   0x080004c0   0x00000016   Code   RO          477    i.EXTI9_5_IRQHandler  stm32f1xx_it.o
    0x080004d6   0x080004d6   0x00000006   Code   RO           13    i.Error_Handler     main.o
    0x080004dc   0x080004dc   0x00000056   Code   RO         2337    i.HAL_DMA_Abort     stm32f1xx_hal_dma.o
    0x08000532   0x08000532   0x00000002   PAD
    0x08000534   0x08000534   0x000000b0   Code   RO         2338    i.HAL_DMA_Abort_IT  stm32f1xx_hal_dma.o
    0x080005e4   0x080005e4   0x0000019c   Code   RO         2342    i.HAL_DMA_IRQHandler  stm32f1xx_hal_dma.o
    0x08000780   0x08000780   0x00000068   Code   RO         2343    i.HAL_DMA_Init      stm32f1xx_hal_dma.o
    0x080007e8   0x080007e8   0x0000009c   Code   RO         2346    i.HAL_DMA_Start_IT  stm32f1xx_hal_dma.o
    0x08000884   0x08000884   0x000000c8   Code   RO         3770    i.HAL_GPIO_EXTI_Callback  encode_1.o
    0x0800094c   0x0800094c   0x0000001c   Code   RO         2265    i.HAL_GPIO_EXTI_IRQHandler  stm32f1xx_hal_gpio.o
    0x08000968   0x08000968   0x00000320   Code   RO         2266    i.HAL_GPIO_Init     stm32f1xx_hal_gpio.o
    0x08000c88   0x08000c88   0x00000010   Code   RO         2268    i.HAL_GPIO_ReadPin  stm32f1xx_hal_gpio.o
    0x08000c98   0x08000c98   0x0000000c   Code   RO         2270    i.HAL_GPIO_WritePin  stm32f1xx_hal_gpio.o
    0x08000ca4   0x08000ca4   0x0000000c   Code   RO         1912    i.HAL_GetTick       stm32f1xx_hal.o
    0x08000cb0   0x08000cb0   0x00000018   Code   RO         1918    i.HAL_IncTick       stm32f1xx_hal.o
    0x08000cc8   0x08000cc8   0x00000028   Code   RO         1919    i.HAL_Init          stm32f1xx_hal.o
    0x08000cf0   0x08000cf0   0x0000004c   Code   RO         1920    i.HAL_InitTick      stm32f1xx_hal.o
    0x08000d3c   0x08000d3c   0x00000074   Code   RO          692    i.HAL_MspInit       stm32f1xx_hal_msp.o
    0x08000db0   0x08000db0   0x00000020   Code   RO         2447    i.HAL_NVIC_EnableIRQ  stm32f1xx_hal_cortex.o
    0x08000dd0   0x08000dd0   0x0000007c   Code   RO         2453    i.HAL_NVIC_SetPriority  stm32f1xx_hal_cortex.o
    0x08000e4c   0x08000e4c   0x00000028   Code   RO         2454    i.HAL_NVIC_SetPriorityGrouping  stm32f1xx_hal_cortex.o
    0x08000e74   0x08000e74   0x00000044   Code   RO         2455    i.HAL_NVIC_SystemReset  stm32f1xx_hal_cortex.o
    0x08000eb8   0x08000eb8   0x00000002   Code   RO         2599    i.HAL_PWR_PVDCallback  stm32f1xx_hal_pwr.o
    0x08000eba   0x08000eba   0x00000002   PAD
    0x08000ebc   0x08000ebc   0x00000020   Code   RO         2600    i.HAL_PWR_PVD_IRQHandler  stm32f1xx_hal_pwr.o
    0x08000edc   0x08000edc   0x0000018c   Code   RO         2101    i.HAL_RCC_ClockConfig  stm32f1xx_hal_rcc.o
    0x08001068   0x08001068   0x0000000c   Code   RO         2106    i.HAL_RCC_GetHCLKFreq  stm32f1xx_hal_rcc.o
    0x08001074   0x08001074   0x00000020   Code   RO         2108    i.HAL_RCC_GetPCLK1Freq  stm32f1xx_hal_rcc.o
    0x08001094   0x08001094   0x00000020   Code   RO         2109    i.HAL_RCC_GetPCLK2Freq  stm32f1xx_hal_rcc.o
    0x080010b4   0x080010b4   0x00000070   Code   RO         2110    i.HAL_RCC_GetSysClockFreq  stm32f1xx_hal_rcc.o
    0x08001124   0x08001124   0x00000464   Code   RO         2113    i.HAL_RCC_OscConfig  stm32f1xx_hal_rcc.o
    0x08001588   0x08001588   0x00000034   Code   RO         2458    i.HAL_SYSTICK_Config  stm32f1xx_hal_cortex.o
    0x080015bc   0x080015bc   0x00000002   Code   RO         1592    i.HAL_TIMEx_BreakCallback  stm32f1xx_hal_tim_ex.o
    0x080015be   0x080015be   0x00000002   Code   RO         1593    i.HAL_TIMEx_CommutCallback  stm32f1xx_hal_tim_ex.o
    0x080015c0   0x080015c0   0x00000084   Code   RO         1611    i.HAL_TIMEx_MasterConfigSynchronization  stm32f1xx_hal_tim_ex.o
    0x08001644   0x08001644   0x00000066   Code   RO          758    i.HAL_TIM_Base_Init  stm32f1xx_hal_tim.o
    0x080016aa   0x080016aa   0x00000002   PAD
    0x080016ac   0x080016ac   0x0000011c   Code   RO          343    i.HAL_TIM_Base_MspInit  tim.o
    0x080017c8   0x080017c8   0x00000078   Code   RO          763    i.HAL_TIM_Base_Start_IT  stm32f1xx_hal_tim.o
    0x08001840   0x08001840   0x0000010c   Code   RO          767    i.HAL_TIM_ConfigClockSource  stm32f1xx_hal_tim.o
    0x0800194c   0x0800194c   0x00000002   Code   RO          792    i.HAL_TIM_IC_CaptureCallback  stm32f1xx_hal_tim.o
    0x0800194e   0x0800194e   0x0000016c   Code   RO          806    i.HAL_TIM_IRQHandler  stm32f1xx_hal_tim.o
    0x08001aba   0x08001aba   0x00000002   PAD
    0x08001abc   0x08001abc   0x000000dc   Code   RO          344    i.HAL_TIM_MspPostInit  tim.o
    0x08001b98   0x08001b98   0x00000002   Code   RO          809    i.HAL_TIM_OC_DelayElapsedCallback  stm32f1xx_hal_tim.o
    0x08001b9a   0x08001b9a   0x00000104   Code   RO          830    i.HAL_TIM_PWM_ConfigChannel  stm32f1xx_hal_tim.o
    0x08001c9e   0x08001c9e   0x00000066   Code   RO          833    i.HAL_TIM_PWM_Init  stm32f1xx_hal_tim.o
    0x08001d04   0x08001d04   0x00000002   Code   RO          835    i.HAL_TIM_PWM_MspInit  stm32f1xx_hal_tim.o
    0x08001d06   0x08001d06   0x00000002   Code   RO          836    i.HAL_TIM_PWM_PulseFinishedCallback  stm32f1xx_hal_tim.o
    0x08001d08   0x08001d08   0x00000124   Code   RO          840    i.HAL_TIM_PWM_Start_IT  stm32f1xx_hal_tim.o
    0x08001e2c   0x08001e2c   0x000002b4   Code   RO           14    i.HAL_TIM_PeriodElapsedCallback  main.o
    0x080020e0   0x080020e0   0x00000002   Code   RO          849    i.HAL_TIM_TriggerCallback  stm32f1xx_hal_tim.o
    0x080020e2   0x080020e2   0x00000002   Code   RO         3059    i.HAL_UARTEx_RxEventCallback  stm32f1xx_hal_uart.o
    0x080020e4   0x080020e4   0x00000002   Code   RO         3073    i.HAL_UART_ErrorCallback  stm32f1xx_hal_uart.o
    0x080020e6   0x080020e6   0x00000002   PAD
    0x080020e8   0x080020e8   0x000002e4   Code   RO         3076    i.HAL_UART_IRQHandler  stm32f1xx_hal_uart.o
    0x080023cc   0x080023cc   0x00000076   Code   RO         3077    i.HAL_UART_Init     stm32f1xx_hal_uart.o
    0x08002442   0x08002442   0x00000002   PAD
    0x08002444   0x08002444   0x000001f4   Code   RO          416    i.HAL_UART_MspInit  usart.o
    0x08002638   0x08002638   0x0000002c   Code   RO         3081    i.HAL_UART_Receive_DMA  stm32f1xx_hal_uart.o
    0x08002664   0x08002664   0x00000084   Code   RO           15    i.HAL_UART_RxCpltCallback  main.o
    0x080026e8   0x080026e8   0x00000002   Code   RO         3084    i.HAL_UART_RxHalfCpltCallback  stm32f1xx_hal_uart.o
    0x080026ea   0x080026ea   0x00000002   Code   RO         3088    i.HAL_UART_TxCpltCallback  stm32f1xx_hal_uart.o
    0x080026ec   0x080026ec   0x00000004   Code   RO          478    i.HardFault_Handler  stm32f1xx_it.o
    0x080026f0   0x080026f0   0x00000064   Code   RO          314    i.MX_DMA_Init       dma.o
    0x08002754   0x08002754   0x0000016c   Code   RO          205    i.MX_GPIO_Init      gpio.o
    0x080028c0   0x080028c0   0x00000070   Code   RO          345    i.MX_TIM1_Init      tim.o
    0x08002930   0x08002930   0x000000d0   Code   RO          346    i.MX_TIM2_Init      tim.o
    0x08002a00   0x08002a00   0x000000a4   Code   RO          347    i.MX_TIM3_Init      tim.o
    0x08002aa4   0x08002aa4   0x00000070   Code   RO          348    i.MX_TIM4_Init      tim.o
    0x08002b14   0x08002b14   0x00000038   Code   RO          417    i.MX_USART1_UART_Init  usart.o
    0x08002b4c   0x08002b4c   0x00000038   Code   RO          418    i.MX_USART2_UART_Init  usart.o
    0x08002b84   0x08002b84   0x00000004   Code   RO          479    i.MemManage_Handler  stm32f1xx_it.o
    0x08002b88   0x08002b88   0x00000004   Code   RO          480    i.NMI_Handler       stm32f1xx_it.o
    0x08002b8c   0x08002b8c   0x00000008   Code   RO          481    i.PVD_IRQHandler    stm32f1xx_it.o
    0x08002b94   0x08002b94   0x0000003a   Code   RO         3724    i.Parse_esp32       esp32.o
    0x08002bce   0x08002bce   0x00000002   PAD
    0x08002bd0   0x08002bd0   0x0000004c   Code   RO         3830    i.Parse_gpu         gpu.o
    0x08002c1c   0x08002c1c   0x00000002   Code   RO          482    i.PendSV_Handler    stm32f1xx_it.o
    0x08002c1e   0x08002c1e   0x00000002   Code   RO          483    i.RCC_IRQHandler    stm32f1xx_it.o
    0x08002c20   0x08002c20   0x00000002   Code   RO          484    i.SVC_Handler       stm32f1xx_it.o
    0x08002c22   0x08002c22   0x00000008   Code   RO          485    i.SysTick_Handler   stm32f1xx_it.o
    0x08002c2a   0x08002c2a   0x00000002   Code   RO         3483    i.SystemInit        system_stm32f1xx.o
    0x08002c2c   0x08002c2c   0x00000010   Code   RO          486    i.TIM1_BRK_IRQHandler  stm32f1xx_it.o
    0x08002c3c   0x08002c3c   0x00000010   Code   RO          487    i.TIM1_CC_IRQHandler  stm32f1xx_it.o
    0x08002c4c   0x08002c4c   0x00000010   Code   RO          488    i.TIM1_TRG_COM_IRQHandler  stm32f1xx_it.o
    0x08002c5c   0x08002c5c   0x00000010   Code   RO          489    i.TIM1_UP_IRQHandler  stm32f1xx_it.o
    0x08002c6c   0x08002c6c   0x00000010   Code   RO          490    i.TIM2_IRQHandler   stm32f1xx_it.o
    0x08002c7c   0x08002c7c   0x00000010   Code   RO          491    i.TIM3_IRQHandler   stm32f1xx_it.o
    0x08002c8c   0x08002c8c   0x00000010   Code   RO          492    i.TIM4_IRQHandler   stm32f1xx_it.o
    0x08002c9c   0x08002c9c   0x00000084   Code   RO          851    i.TIM_Base_SetConfig  stm32f1xx_hal_tim.o
    0x08002d20   0x08002d20   0x00000022   Code   RO          852    i.TIM_CCxChannelCmd  stm32f1xx_hal_tim.o
    0x08002d42   0x08002d42   0x00000016   Code   RO          857    i.TIM_ETR_SetConfig  stm32f1xx_hal_tim.o
    0x08002d58   0x08002d58   0x00000068   Code   RO          858    i.TIM_OC2_SetConfig  stm32f1xx_hal_tim.o
    0x08002dc0   0x08002dc0   0x000000c8   Code   RO         3090    i.UART_Start_Receive_DMA  stm32f1xx_hal_uart.o
    0x08002e88   0x08002e88   0x00000010   Code   RO          493    i.USART1_IRQHandler  stm32f1xx_it.o
    0x08002e98   0x08002e98   0x00000010   Code   RO          494    i.USART2_IRQHandler  stm32f1xx_it.o
    0x08002ea8   0x08002ea8   0x00000004   Code   RO          495    i.UsageFault_Handler  stm32f1xx_it.o
    0x08002eac   0x08002eac   0x00000066   Code   RO           16    i._Z18SystemClock_Configv  main.o
    0x08002f12   0x08002f12   0x00000176   Code   RO         3518    i._ZN14FourWheelDrive18computeWheelSpeedsEffRfS0_S0_S0_  linear velocity.o
    0x08003088   0x08003088   0x00000008   Code   RO         3519    i._ZN14FourWheelDriveC1Efff  linear velocity.o
    0x08003090   0x08003090   0x00000098   Code   RO         3804    i._ZN14IncrementalPID9calculateEff  pid.o
    0x08003128   0x08003128   0x0000001a   Code   RO         3805    i._ZN14IncrementalPIDC1Efffff  pid.o
    0x08003142   0x08003142   0x0000002c   Code   RO         2349    i._ZN41_INTERNAL_19_stm32f1xx_hal_dma_c_c25f65ec13DMA_SetConfigEP19__DMA_HandleTypeDefjjj  stm32f1xx_hal_dma.o
    0x0800316e   0x0800316e   0x00000002   PAD
    0x08003170   0x08003170   0x00000028   Code   RO         2114    i._ZN41_INTERNAL_19_stm32f1xx_hal_rcc_c_b7071a4b9RCC_DelayEj  stm32f1xx_hal_rcc.o
    0x08003198   0x08003198   0x00000060   Code   RO          860    i._ZN41_INTERNAL_19_stm32f1xx_hal_tim_c_a9d95b5217TIM_OC1_SetConfigEP11TIM_TypeDefPK18TIM_OC_InitTypeDef  stm32f1xx_hal_tim.o
    0x080031f8   0x080031f8   0x00000068   Code   RO          861    i._ZN41_INTERNAL_19_stm32f1xx_hal_tim_c_a9d95b5217TIM_OC3_SetConfigEP11TIM_TypeDefPK18TIM_OC_InitTypeDef  stm32f1xx_hal_tim.o
    0x08003260   0x08003260   0x00000048   Code   RO          862    i._ZN41_INTERNAL_19_stm32f1xx_hal_tim_c_a9d95b5217TIM_OC4_SetConfigEP11TIM_TypeDefPK18TIM_OC_InitTypeDef  stm32f1xx_hal_tim.o
    0x080032a8   0x080032a8   0x00000012   Code   RO          867    i._ZN41_INTERNAL_19_stm32f1xx_hal_tim_c_a9d95b5218TIM_ITRx_SetConfigEP11TIM_TypeDefj  stm32f1xx_hal_tim.o
    0x080032ba   0x080032ba   0x00000026   Code   RO          872    i._ZN41_INTERNAL_19_stm32f1xx_hal_tim_c_a9d95b5224TIM_TI1_ConfigInputStageEP11TIM_TypeDefjj  stm32f1xx_hal_tim.o
    0x080032e0   0x080032e0   0x00000028   Code   RO          873    i._ZN41_INTERNAL_19_stm32f1xx_hal_tim_c_a9d95b5224TIM_TI2_ConfigInputStageEP11TIM_TypeDefjj  stm32f1xx_hal_tim.o
    0x08003308   0x08003308   0x00000050   Code   RO         3092    i._ZN42_INTERNAL_20_stm32f1xx_hal_uart_c_d497114f13UART_DMAErrorEP19__DMA_HandleTypeDef  stm32f1xx_hal_uart.o
    0x08003358   0x08003358   0x000000fc   Code   RO         3093    i._ZN42_INTERNAL_20_stm32f1xx_hal_uart_c_d497114f14UART_SetConfigEP20__UART_HandleTypeDef  stm32f1xx_hal_uart.o
    0x08003454   0x08003454   0x000000fc   Code   RO         3094    i._ZN42_INTERNAL_20_stm32f1xx_hal_uart_c_d497114f15UART_Receive_ITEP20__UART_HandleTypeDef  stm32f1xx_hal_uart.o
    0x08003550   0x08003550   0x00000060   Code   RO         3095    i._ZN42_INTERNAL_20_stm32f1xx_hal_uart_c_d497114f16UART_Transmit_ITEP20__UART_HandleTypeDef  stm32f1xx_hal_uart.o
    0x080035b0   0x080035b0   0x00000024   Code   RO         3096    i._ZN42_INTERNAL_20_stm32f1xx_hal_uart_c_d497114f18UART_DMARxHalfCpltEP19__DMA_HandleTypeDef  stm32f1xx_hal_uart.o
    0x080035d4   0x080035d4   0x0000006c   Code   RO         3098    i._ZN42_INTERNAL_20_stm32f1xx_hal_uart_c_d497114f18UART_EndRxTransferEP20__UART_HandleTypeDef  stm32f1xx_hal_uart.o
    0x08003640   0x08003640   0x00000026   Code   RO         3099    i._ZN42_INTERNAL_20_stm32f1xx_hal_uart_c_d497114f18UART_EndTxTransferEP20__UART_HandleTypeDef  stm32f1xx_hal_uart.o
    0x08003666   0x08003666   0x000000b4   Code   RO         3100    i._ZN42_INTERNAL_20_stm32f1xx_hal_uart_c_d497114f19UART_DMAReceiveCpltEP19__DMA_HandleTypeDef  stm32f1xx_hal_uart.o
    0x0800371a   0x0800371a   0x00000020   Code   RO         3101    i._ZN42_INTERNAL_20_stm32f1xx_hal_uart_c_d497114f19UART_EndTransmit_ITEP20__UART_HandleTypeDef  stm32f1xx_hal_uart.o
    0x0800373a   0x0800373a   0x00000014   Code   RO         3102    i._ZN42_INTERNAL_20_stm32f1xx_hal_uart_c_d497114f20UART_DMAAbortOnErrorEP19__DMA_HandleTypeDef  stm32f1xx_hal_uart.o
    0x0800374e   0x0800374e   0x00000002   PAD
    0x08003750   0x08003750   0x00000028   Code   RO         2460    i._ZN44_INTERNAL_22_stm32f1xx_hal_cortex_c_2992dbc018__NVIC_SetPriorityE9IRQn_Typej  stm32f1xx_hal_cortex.o
    0x08003778   0x08003778   0x00000010   Code   RO         2461    i._ZN44_INTERNAL_22_stm32f1xx_hal_cortex_c_2992dbc026__NVIC_GetPriorityGroupingEv  stm32f1xx_hal_cortex.o
    0x08003788   0x08003788   0x000000e0   Code   RO           17    i.__sti___6_main_c_esp32  main.o
    0x08003868   0x08003868   0x000000a0   Code   RO           18    i.main              main.o
    0x08003908   0x08003908   0x00000248   Code   RO         3672    i.setpwm            setpwm.o
    0x08003b50   0x08003b50   0x0000002c   Code   RO         3913    i.sqrtf             m_ws.l(sqrtf.o)
    0x08003b7c   0x08003b7c   0x0000003c   Code   RO         3673    i.steering          setpwm.o
    0x08003bb8   0x08003bb8   0x00000018   Code   RO         3539    t._ZSt3maxIfERKT_S2_S2_  linear velocity.o
    0x08003bd0   0x08003bd0   0x00000018   Code   RO         3533    t._ZSt3minIfERKT_S2_S2_  linear velocity.o
    0x08003be8   0x08003be8   0x00000062   Code   RO         3868    x$fpl$d2f           fz_ws.l(d2f.o)
    0x08003c4a   0x08003c4a   0x00000002   PAD
    0x08003c4c   0x08003c4c   0x00000150   Code   RO         3870    x$fpl$dadd          fz_ws.l(daddsub_clz.o)
    0x08003d9c   0x08003d9c   0x000002b0   Code   RO         3877    x$fpl$ddiv          fz_ws.l(ddiv.o)
    0x0800404c   0x0800404c   0x00000154   Code   RO         3880    x$fpl$dmul          fz_ws.l(dmul.o)
    0x080041a0   0x080041a0   0x0000009c   Code   RO         3968    x$fpl$dnaninf       fz_ws.l(dnaninf.o)
    0x0800423c   0x0800423c   0x0000000c   Code   RO         3970    x$fpl$dretinf       fz_ws.l(dretinf.o)
    0x08004248   0x08004248   0x000001d4   Code   RO         3872    x$fpl$dsub          fz_ws.l(daddsub_clz.o)
    0x0800441c   0x0800441c   0x00000056   Code   RO         3882    x$fpl$f2d           fz_ws.l(f2d.o)
    0x08004472   0x08004472   0x00000002   PAD
    0x08004474   0x08004474   0x000000c4   Code   RO         3884    x$fpl$fadd          fz_ws.l(faddsub_clz.o)
    0x08004538   0x08004538   0x00000018   Code   RO         3972    x$fpl$fcmpinf       fz_ws.l(fcmpi.o)
    0x08004550   0x08004550   0x00000184   Code   RO         3891    x$fpl$fdiv          fz_ws.l(fdiv.o)
    0x080046d4   0x080046d4   0x00000068   Code   RO         3894    x$fpl$feqf          fz_ws.l(feqf.o)
    0x0800473c   0x0800473c   0x00000036   Code   RO         3896    x$fpl$ffix          fz_ws.l(ffix.o)
    0x08004772   0x08004772   0x00000002   PAD
    0x08004774   0x08004774   0x00000030   Code   RO         3901    x$fpl$fflt          fz_ws.l(fflt_clz.o)
    0x080047a4   0x080047a4   0x00000026   Code   RO         3900    x$fpl$ffltu         fz_ws.l(fflt_clz.o)
    0x080047ca   0x080047ca   0x00000002   PAD
    0x080047cc   0x080047cc   0x00000068   Code   RO         3906    x$fpl$fleqf         fz_ws.l(fleqf.o)
    0x08004834   0x08004834   0x00000102   Code   RO         3908    x$fpl$fmul          fz_ws.l(fmul.o)
    0x08004936   0x08004936   0x0000008c   Code   RO         3974    x$fpl$fnaninf       fz_ws.l(fnaninf.o)
    0x080049c2   0x080049c2   0x0000000a   Code   RO         3976    x$fpl$fretinf       fz_ws.l(fretinf.o)
    0x080049cc   0x080049cc   0x00000062   Code   RO         3910    x$fpl$frleqf        fz_ws.l(frleqf.o)
    0x08004a2e   0x08004a2e   0x00000014   Code   RO         3885    x$fpl$frsb          fz_ws.l(faddsub_clz.o)
    0x08004a42   0x08004a42   0x00000002   PAD
    0x08004a44   0x08004a44   0x00000110   Code   RO         3978    x$fpl$fsqrt         fz_ws.l(fsqrt.o)
    0x08004b54   0x08004b54   0x000000ea   Code   RO         3886    x$fpl$fsub          fz_ws.l(faddsub_clz.o)
    0x08004c3e   0x08004c3e   0x00000000   Code   RO         3980    x$fpl$usenofp       fz_ws.l(usenofp.o)
    0x08004c3e   0x08004c3e   0x00000012   Data   RO         2130    .constdata          stm32f1xx_hal_rcc.o
    0x08004c50   0x08004c50   0x00000018   Data   RO         3486    .constdata          system_stm32f1xx.o
    0x08004c68   0x08004c68   0x00000020   Data   RO         4095    Region$$Table       anon$$obj.o
    0x08004c88   0x08004c88   0x00000004   Data   RO           27    .init_array         main.o
    0x08004c8c   0x08004c88   0x00000000   Data   RO         3863    .init_array         c_w.l(init_aeabi.o)


    Execution Region RW_IRAM1 (Exec base: 0x20000000, Load base: 0x08004c8c, Size: 0x00000ad0, Max: 0x00005000, ABSOLUTE)

    Exec Addr    Load Addr    Size         Type   Attr      Idx    E Section Name        Object

    0x20000000   0x08004c8c   0x00000040   Data   RW           26    .data               main.o
    0x20000040   0x08004ccc   0x00000009   Data   RW         1951    .data               stm32f1xx_hal.o
    0x20000049   0x08004cd5   0x00000003   PAD
    0x2000004c   0x08004cd8   0x00000004   Data   RW         3487    .data               system_stm32f1xx.o
    0x20000050   0x08004cdc   0x00000020   Data   RW         3677    .data               setpwm.o
    0x20000070        -       0x00000110   Zero   RW           25    .bss                main.o
    0x20000180        -       0x00000120   Zero   RW          356    .bss                tim.o
    0x200002a0        -       0x000001a0   Zero   RW          423    .bss                usart.o
    0x20000440        -       0x00000030   Zero   RW         3676    .bss                setpwm.o
    0x20000470        -       0x00000060   Zero   RW         4006    .bss                c_w.l(libspace.o)
    0x200004d0        -       0x00000200   Zero   RW            2    HEAP                startup_stm32f103xb.o
    0x200006d0        -       0x00000400   Zero   RW            1    STACK               startup_stm32f103xb.o


==============================================================================

Image component sizes


      Code (inc. data)   RO Data    RW Data    ZI Data      Debug   Object Name

       100          4          0          0          0        782   dma.o
       200         16          0          0          0        625   encode_1.o
        58          0          0          0          0        810   esp32.o
       364         20          0          0          0     422163   gpio.o
        76         14          0          0          0        820   gpu.o
       430          0          0          0          0       3611   linear velocity.o
      1316        266          4         64        272     425801   main.o
       368         24          0          0          0       2040   motor.o
       178          0          0          0          0       1276   pid.o
       644         30          0         32         48       3437   setpwm.o
        64         26        236          0       1536        808   startup_stm32f103xb.o
       152         32          0          9          0       5285   stm32f1xx_hal.o
       372         30          0          0          0      30006   stm32f1xx_hal_cortex.o
       978         12          0          0          0       4878   stm32f1xx_hal_dma.o
       856         38          0          0          0       3930   stm32f1xx_hal_gpio.o
       116          8          0          0          0        930   stm32f1xx_hal_msp.o
        34          6          0          0          0       1031   stm32f1xx_hal_pwr.o
      1748         98         18          0          0       5968   stm32f1xx_hal_rcc.o
      2178         58          0          0          0      15827   stm32f1xx_hal_tim.o
       136         14          0          0          0       2437   stm32f1xx_hal_tim_ex.o
      2204         22          0          0          0      13424   stm32f1xx_hal_uart.o
       324         78          0          0          0      13121   stm32f1xx_it.o
         2          0         24          4          0       1135   system_stm32f1xx.o
      1100         70          0          0        288       4675   tim.o
       612         58          0          0        416       2659   usart.o

    ----------------------------------------------------------------------
     14628        924        314        112       2560     967479   Object Totals
         0          0         32          0          0          0   (incl. Generated)
        18          0          0          3          0          0   (incl. Padding)

    ----------------------------------------------------------------------

      Code (inc. data)   RO Data    RW Data    ZI Data      Debug   Library Member Name

         8          0          0          0          0         68   __main.o
         0          0          0          0          0          0   __rtentry.o
        12          0          0          0          0          0   __rtentry2.o
         6          0          0          0          0          0   __rtentry4.o
        52          8          0          0          0          0   __scatter.o
        26          0          0          0          0          0   __scatter_copy.o
        28          0          0          0          0          0   __scatter_zi.o
        22          0          0          0          0        100   _rserrno.o
        18          0          0          0          0         80   exit.o
         6          0          0          0          0        152   heapauxi.o
         0          0          0          0          0          0   indicate_semi.o
        36         10          0          0          0         80   init_aeabi.o
         2          0          0          0          0          0   libinit.o
         6          0          0          0          0          0   libinit2.o
         2          0          0          0          0          0   libshutdown.o
         2          0          0          0          0          0   libshutdown2.o
         8          4          0          0         96         68   libspace.o
         8          4          0          0          0         68   rt_errno_addr_intlibspace.o
        78          0          0          0          0         80   rt_memclr_w.o
         2          0          0          0          0          0   rtexit.o
        10          0          0          0          0          0   rtexit2.o
        12          4          0          0          0         68   sys_exit.o
        74          0          0          0          0         80   sys_stackheap_outer.o
         2          0          0          0          0         68   use_no_semi.o
        98          4          0          0          0         92   d2f.o
       804         16          0          0          0        272   daddsub_clz.o
       688        140          0          0          0        208   ddiv.o
       340         12          0          0          0        104   dmul.o
       156          4          0          0          0         92   dnaninf.o
        12          0          0          0          0         68   dretinf.o
        86          4          0          0          0         84   f2d.o
       450          8          0          0          0        236   faddsub_clz.o
        24          0          0          0          0         68   fcmpi.o
       388         76          0          0          0         96   fdiv.o
       104          4          0          0          0         84   feqf.o
        54          4          0          0          0         84   ffix.o
        86          0          0          0          0        136   fflt_clz.o
       104          4          0          0          0         84   fleqf.o
       258          4          0          0          0         84   fmul.o
       140          4          0          0          0         84   fnaninf.o
        10          0          0          0          0         68   fretinf.o
        98          0          0          0          0         68   frleqf.o
       272        100          0          0          0         88   fsqrt.o
         0          0          0          0          0          0   usenofp.o
        44          0          0          0          0         80   sqrtf.o

    ----------------------------------------------------------------------
      4654        414          0          0         96       3092   Library Totals
        18          0          0          0          0          0   (incl. Padding)

    ----------------------------------------------------------------------

      Code (inc. data)   RO Data    RW Data    ZI Data      Debug   Library Name

       420         30          0          0         96        912   c_w.l
      4172        384          0          0          0       2100   fz_ws.l
        44          0          0          0          0         80   m_ws.l

    ----------------------------------------------------------------------
      4654        414          0          0         96       3092   Library Totals

    ----------------------------------------------------------------------

==============================================================================


      Code (inc. data)   RO Data    RW Data    ZI Data      Debug   

     19282       1338        314        112       2656     962143   Grand Totals
     19282       1338        314        112       2656     962143   ELF Image Totals
     19282       1338        314        112          0          0   ROM Totals

==============================================================================

    Total RO  Size (Code + RO Data)                19596 (  19.14kB)
    Total RW  Size (RW Data + ZI Data)              2768 (   2.70kB)
    Total ROM Size (Code + RO Data + RW Data)      19708 (  19.25kB)

==============================================================================

