Component: ARM Compiler 5.06 update 5 (build 528) Tool: armlink [4d35e2]

==============================================================================

Section Cross References

    startup_stm32f103xb.o(STACK) refers (Special) to heapauxi.o(.text) for __use_two_region_memory
    startup_stm32f103xb.o(HEAP) refers (Special) to heapauxi.o(.text) for __use_two_region_memory
    startup_stm32f103xb.o(RESET) refers (Special) to heapauxi.o(.text) for __use_two_region_memory
    startup_stm32f103xb.o(RESET) refers to startup_stm32f103xb.o(STACK) for __initial_sp
    startup_stm32f103xb.o(RESET) refers to startup_stm32f103xb.o(.text) for Reset_Handler
    startup_stm32f103xb.o(RESET) refers to stm32f1xx_it.o(i.NMI_Handler) for NMI_Handler
    startup_stm32f103xb.o(RESET) refers to stm32f1xx_it.o(i.HardFault_Handler) for HardFault_Handler
    startup_stm32f103xb.o(RESET) refers to stm32f1xx_it.o(i.MemManage_Handler) for MemManage_Handler
    startup_stm32f103xb.o(RESET) refers to stm32f1xx_it.o(i.BusFault_Handler) for BusFault_Handler
    startup_stm32f103xb.o(RESET) refers to stm32f1xx_it.o(i.UsageFault_Handler) for UsageFault_Handler
    startup_stm32f103xb.o(RESET) refers to stm32f1xx_it.o(i.SVC_Handler) for SVC_Handler
    startup_stm32f103xb.o(RESET) refers to stm32f1xx_it.o(i.DebugMon_Handler) for DebugMon_Handler
    startup_stm32f103xb.o(RESET) refers to stm32f1xx_it.o(i.PendSV_Handler) for PendSV_Handler
    startup_stm32f103xb.o(RESET) refers to stm32f1xx_it.o(i.SysTick_Handler) for SysTick_Handler
    startup_stm32f103xb.o(RESET) refers to stm32f1xx_it.o(i.DMA1_Channel2_IRQHandler) for DMA1_Channel2_IRQHandler
    startup_stm32f103xb.o(RESET) refers to stm32f1xx_it.o(i.DMA1_Channel3_IRQHandler) for DMA1_Channel3_IRQHandler
    startup_stm32f103xb.o(RESET) refers to stm32f1xx_it.o(i.DMA1_Channel6_IRQHandler) for DMA1_Channel6_IRQHandler
    startup_stm32f103xb.o(RESET) refers to stm32f1xx_it.o(i.DMA1_Channel7_IRQHandler) for DMA1_Channel7_IRQHandler
    startup_stm32f103xb.o(RESET) refers to stm32f1xx_it.o(i.TIM2_IRQHandler) for TIM2_IRQHandler
    startup_stm32f103xb.o(RESET) refers to stm32f1xx_it.o(i.USART2_IRQHandler) for USART2_IRQHandler
    startup_stm32f103xb.o(RESET) refers to stm32f1xx_it.o(i.USART3_IRQHandler) for USART3_IRQHandler
    startup_stm32f103xb.o(.text) refers (Special) to heapauxi.o(.text) for __use_two_region_memory
    startup_stm32f103xb.o(.text) refers to system_stm32f1xx.o(i.SystemInit) for SystemInit
    startup_stm32f103xb.o(.text) refers to __main.o(!!!main) for __main
    startup_stm32f103xb.o(.text) refers to startup_stm32f103xb.o(HEAP) for Heap_Mem
    startup_stm32f103xb.o(.text) refers to startup_stm32f103xb.o(STACK) for Stack_Mem
    car_solution.o(i.Getup_backArm) refers to tim.o(.bss) for htim1
    car_solution.o(i.Getup_prveArm_1) refers to tim.o(.bss) for htim1
    car_solution.o(i.Getup_prveArm_2) refers to tim.o(.bss) for htim1
    car_solution.o(i.Move_Transfrom) refers to f2d.o(x$fpl$f2d) for __aeabi_f2d
    car_solution.o(i.Move_Transfrom) refers to dmul.o(x$fpl$dmul) for __aeabi_dmul
    car_solution.o(i.Move_Transfrom) refers to scalbn.o(x$fpl$scalbn) for __ARM_scalbn
    car_solution.o(i.Move_Transfrom) refers to daddsub_clz.o(x$fpl$dsub) for __aeabi_dsub
    car_solution.o(i.Move_Transfrom) refers to d2f.o(x$fpl$d2f) for __aeabi_d2f
    car_solution.o(i.Move_Transfrom) refers to fmul.o(x$fpl$fmul) for __aeabi_fmul
    car_solution.o(i.Move_Transfrom) refers to ffix.o(x$fpl$ffix) for __aeabi_f2iz
    car_solution.o(i.Move_Transfrom) refers to motor.o(i.Set_ExSpeed) for Set_ExSpeed
    car_solution.o(i.Move_Transfrom) refers to daddsub_clz.o(x$fpl$dadd) for __aeabi_dadd
    car_solution.o(i.Move_Transfrom) refers to motor.o(.bss) for M1
    car_solution.o(i.Putdown_backArm) refers to tim.o(.bss) for htim1
    car_solution.o(i.Putdown_prveArm) refers to tim.o(.bss) for htim1
    car_solution.o(i.Servo_Init) refers to stm32f1xx_hal_tim.o(i.HAL_TIM_PWM_Start) for HAL_TIM_PWM_Start
    car_solution.o(i.Servo_Init) refers to tim.o(.bss) for htim1
    car_solution.o(i.YaoKong_Move) refers to motor.o(i.Set_Speed) for Set_Speed
    car_solution.o(i.YaoKong_Move) refers to motor.o(.bss) for M1
    esp32.o(i.ESP32_Analysis) refers to fflt_clz.o(x$fpl$ffltu) for __aeabi_ui2f
    esp32.o(i.ESP32_Analysis) refers to fmul.o(x$fpl$fmul) for __aeabi_fmul
    esp32.o(i.ESP32_Analysis) refers to faddsub_clz.o(x$fpl$fsub) for __aeabi_fsub
    esp32.o(i.ESP32_Analysis) refers to faddsub_clz.o(x$fpl$fadd) for __aeabi_fadd
    esp32.o(i.ESP32_Analysis) refers to ffixu.o(x$fpl$ffixu) for __aeabi_f2uiz
    esp32.o(i.ESP32_Analysis) refers to car_solution.o(i.YaoKong_Move) for YaoKong_Move
    esp32.o(i.ESP32_Analysis) refers to car_solution.o(i.Getup_prveArm_2) for Getup_prveArm_2
    esp32.o(i.ESP32_Analysis) refers to car_solution.o(i.Putdown_prveArm) for Putdown_prveArm
[...]
    ..\Drivers\STM32F1xx_HAL_Driver\Src\stm32f1xx_hal_gpio_ex.c 0x00000000   Number         0  stm32f1xx_hal_gpio_ex.o ABSOLUTE
    ..\Drivers\STM32F1xx_HAL_Driver\Src\stm32f1xx_hal_pwr.c 0x00000000   Number         0  stm32f1xx_hal_pwr.o ABSOLUTE
    ..\Drivers\STM32F1xx_HAL_Driver\Src\stm32f1xx_hal_rcc.c 0x00000000   Number         0  stm32f1xx_hal_rcc.o ABSOLUTE
    ..\Drivers\STM32F1xx_HAL_Driver\Src\stm32f1xx_hal_rcc_ex.c 0x00000000   Number         0  stm32f1xx_hal_rcc_ex.o ABSOLUTE
    ..\Drivers\STM32F1xx_HAL_Driver\Src\stm32f1xx_hal_tim.c 0x00000000   Number         0  stm32f1xx_hal_tim.o ABSOLUTE
    ..\Drivers\STM32F1xx_HAL_Driver\Src\stm32f1xx_hal_tim_ex.c 0x00000000   Number         0  stm32f1xx_hal_tim_ex.o ABSOLUTE
    ..\Drivers\STM32F1xx_HAL_Driver\Src\stm32f1xx_hal_uart.c 0x00000000   Number         0  stm32f1xx_hal_uart.o ABSOLUTE
    ..\\Core\\Src\\Car_Solution.c            0x00000000   Number         0  car_solution.o ABSOLUTE
    ..\\Core\\Src\\ESP32.c                   0x00000000   Number         0  esp32.o ABSOLUTE
    ..\\Core\\Src\\Motor.c                   0x00000000   Number         0  motor.o ABSOLUTE
    ..\\Core\\Src\\UART_ROS.c                0x00000000   Number         0  uart_ros.o ABSOLUTE
    dc.s                                     0x00000000   Number         0  dc.o ABSOLUTE
    startup_stm32f103xb.s                    0x00000000   Number         0  startup_stm32f103xb.o ABSOLUTE
    RESET                                    0x08000000   Section      236  startup_stm32f103xb.o(RESET)
    !!!main                                  0x080000ec   Section        8  __main.o(!!!main)
    !!!scatter                               0x080000f4   Section       52  __scatter.o(!!!scatter)
    !!handler_copy                           0x08000128   Section       26  __scatter_copy.o(!!handler_copy)
    !!handler_zi                             0x08000144   Section       28  __scatter_zi.o(!!handler_zi)
    .ARM.Collect$$libinit$$00000000          0x08000160   Section        2  libinit.o(.ARM.Collect$$libinit$$00000000)
    .ARM.Collect$$libinit$$00000002          0x08000162   Section        0  libinit2.o(.ARM.Collect$$libinit$$00000002)
    .ARM.Collect$$libinit$$00000004          0x08000162   Section        0  libinit2.o(.ARM.Collect$$libinit$$00000004)
    .ARM.Collect$$libinit$$0000000A          0x08000162   Section        0  libinit2.o(.ARM.Collect$$libinit$$0000000A)
    .ARM.Collect$$libinit$$0000000C          0x08000162   Section        0  libinit2.o(.ARM.Collect$$libinit$$0000000C)
    .ARM.Collect$$libinit$$0000000E          0x08000162   Section        0  libinit2.o(.ARM.Collect$$libinit$$0000000E)
    .ARM.Collect$$libinit$$00000011          0x08000162   Section        0  libinit2.o(.ARM.Collect$$libinit$$00000011)
    .ARM.Collect$$libinit$$00000013          0x08000162   Section        0  libinit2.o(.ARM.Collect$$libinit$$00000013)
    .ARM.Collect$$libinit$$00000015          0x08000162   Section        0  libinit2.o(.ARM.Collect$$libinit$$00000015)
    .ARM.Collect$$libinit$$00000017          0x08000162   Section        0  libinit2.o(.ARM.Collect$$libinit$$00000017)
    .ARM.Collect$$libinit$$00000019          0x08000162   Section        0  libinit2.o(.ARM.Collect$$libinit$$00000019)
    .ARM.Collect$$libinit$$0000001B          0x08000162   Section        0  libinit2.o(.ARM.Collect$$libinit$$0000001B)
    .ARM.Collect$$libinit$$0000001D          0x08000162   Section        0  libinit2.o(.ARM.Collect$$libinit$$0000001D)
    .ARM.Collect$$libinit$$0000001F          0x08000162   Section        0  libinit2.o(.ARM.Collect$$libinit$$0000001F)
    .ARM.Collect$$libinit$$00000021          0x08000162   Section        0  libinit2.o(.ARM.Collect$$libinit$$00000021)
    .ARM.Collect$$libinit$$00000023          0x08000162   Section        0  libinit2.o(.ARM.Collect$$libinit$$00000023)
    .ARM.Collect$$libinit$$00000025          0x08000162   Section        0  libinit2.o(.ARM.Collect$$libinit$$00000025)
    .ARM.Collect$$libinit$$0000002C          0x08000162   Section        0  libinit2.o(.ARM.Collect$$libinit$$0000002C)
    .ARM.Collect$$libinit$$0000002E          0x08000162   Section        0  libinit2.o(.ARM.Collect$$libinit$$0000002E)
    .ARM.Collect$$libinit$$00000030          0x08000162   Section        0  libinit2.o(.ARM.Collect$$libinit$$00000030)
    .ARM.Collect$$libinit$$00000032          0x08000162   Section        0  libinit2.o(.ARM.Collect$$libinit$$00000032)
    .ARM.Collect$$libinit$$00000033          0x08000162   Section        2  libinit2.o(.ARM.Collect$$libinit$$00000033)
    .ARM.Collect$$libshutdown$$00000000      0x08000164   Section        2  libshutdown.o(.ARM.Collect$$libshutdown$$00000000)
    .ARM.Collect$$libshutdown$$00000002      0x08000166   Section        0  libshutdown2.o(.ARM.Collect$$libshutdown$$00000002)
    .ARM.Collect$$libshutdown$$00000004      0x08000166   Section        0  libshutdown2.o(.ARM.Collect$$libshutdown$$00000004)
    .ARM.Collect$$libshutdown$$00000007      0x08000166   Section        0  libshutdown2.o(.ARM.Collect$$libshutdown$$00000007)
    .ARM.Collect$$libshutdown$$0000000A      0x08000166   Section        0  libshutdown2.o(.ARM.Collect$$libshutdown$$0000000A)
    .ARM.Collect$$libshutdown$$0000000C      0x08000166   Section        0  libshutdown2.o(.ARM.Collect$$libshutdown$$0000000C)
    .ARM.Collect$$libshutdown$$0000000F      0x08000166   Section        0  libshutdown2.o(.ARM.Collect$$libshutdown$$0000000F)
    .ARM.Collect$$libshutdown$$00000010      0x08000166   Section        2  libshutdown2.o(.ARM.Collect$$libshutdown$$00000010)
    .ARM.Collect$$rtentry$$00000000          0x08000168   Section        0  __rtentry.o(.ARM.Collect$$rtentry$$00000000)
    .ARM.Collect$$rtentry$$00000002          0x08000168   Section        0  __rtentry2.o(.ARM.Collect$$rtentry$$00000002)
    .ARM.Collect$$rtentry$$00000004          0x08000168   Section        6  __rtentry4.o(.ARM.Collect$$rtentry$$00000004)
    .ARM.Collect$$rtentry$$00000009          0x0800016e   Section        0  __rtentry2.o(.ARM.Collect$$rtentry$$00000009)
    .ARM.Collect$$rtentry$$0000000A          0x0800016e   Section        4  __rtentry2.o(.ARM.Collect$$rtentry$$0000000A)
    .ARM.Collect$$rtentry$$0000000C          0x08000172   Section        0  __rtentry2.o(.ARM.Collect$$rtentry$$0000000C)
    .ARM.Collect$$rtentry$$0000000D          0x08000172   Section        8  __rtentry2.o(.ARM.Collect$$rtentry$$0000000D)
    .ARM.Collect$$rtexit$$00000000           0x0800017a   Section        2  rtexit.o(.ARM.Collect$$rtexit$$00000000)
    .ARM.Collect$$rtexit$$00000002           0x0800017c   Section        0  rtexit2.o(.ARM.Collect$$rtexit$$00000002)
    .ARM.Collect$$rtexit$$00000003           0x0800017c   Section        4  rtexit2.o(.ARM.Collect$$rtexit$$00000003)
    .ARM.Collect$$rtexit$$00000004           0x08000180   Section        6  rtexit2.o(.ARM.Collect$$rtexit$$00000004)
    .text                                    0x08000188   Section       64  startup_stm32f103xb.o(.text)
    .text                                    0x080001c8   Section       78  rt_memclr_w.o(.text)
    .text                                    0x08000216   Section        0  heapauxi.o(.text)
    .text                                    0x0800021c   Section       74  sys_stackheap_outer.o(.text)
    .text                                    0x08000266   Section        0  exit.o(.text)
    .text                                    0x08000278   Section        8  libspace.o(.text)
    .text                                    0x08000280   Section        0  sys_exit.o(.text)
    .text                                    0x0800028c   Section        2  use_no_semi.o(.text)
    .text                                    0x0800028e   Section        0  indicate_semi.o(.text)
    i.BusFault_Handler                       0x0800028e   Section        0  stm32f1xx_it.o(i.BusFault_Handler)
    i.DMA1_Channel2_IRQHandler               0x08000290   Section        0  stm32f1xx_it.o(i.DMA1_Channel2_IRQHandler)
    i.DMA1_Channel3_IRQHandler               0x0800029c   Section        0  stm32f1xx_it.o(i.DMA1_Channel3_IRQHandler)
    i.DMA1_Channel6_IRQHandler               0x080002a8   Section        0  stm32f1xx_it.o(i.DMA1_Channel6_IRQHandler)
    i.DMA1_Channel7_IRQHandler               0x080002b4   Section        0  stm32f1xx_it.o(i.DMA1_Channel7_IRQHandler)
    i.DMA_SetConfig                          0x080002c0   Section        0  stm32f1xx_hal_dma.o(i.DMA_SetConfig)
    DMA_SetConfig                            0x080002c1   Thumb Code    42  stm32f1xx_hal_dma.o(i.DMA_SetConfig)
    i.DebugMon_Handler                       0x080002ea   Section        0  stm32f1xx_it.o(i.DebugMon_Handler)
    i.ESP32_Analysis                         0x080002ec   Section        0  esp32.o(i.ESP32_Analysis)
    i.Error_Handler                          0x080003f0   Section        0  main.o(i.Error_Handler)
    i.Get_Speed                              0x080003f4   Section        0  motor.o(i.Get_Speed)
    i.Getup_backArm                          0x0800041c   Section        0  car_solution.o(i.Getup_backArm)
    i.Getup_prveArm_1                        0x0800042c   Section        0  car_solution.o(i.Getup_prveArm_1)
    i.Getup_prveArm_2                        0x08000440   Section        0  car_solution.o(i.Getup_prveArm_2)
    i.HAL_DMA_Abort                          0x08000454   Section        0  stm32f1xx_hal_dma.o(i.HAL_DMA_Abort)
    i.HAL_DMA_Abort_IT                       0x0800049c   Section        0  stm32f1xx_hal_dma.o(i.HAL_DMA_Abort_IT)
    i.HAL_DMA_IRQHandler                     0x08000534   Section        0  stm32f1xx_hal_dma.o(i.HAL_DMA_IRQHandler)
    i.HAL_DMA_Init                           0x08000688   Section        0  stm32f1xx_hal_dma.o(i.HAL_DMA_Init)
    i.HAL_DMA_Start_IT                       0x080006e4   Section        0  stm32f1xx_hal_dma.o(i.HAL_DMA_Start_IT)
    i.HAL_Delay                              0x08000754   Section        0  stm32f1xx_hal.o(i.HAL_Delay)
    i.HAL_GPIO_Init                          0x08000778   Section        0  stm32f1xx_hal_gpio.o(i.HAL_GPIO_Init)
    i.HAL_GPIO_WritePin                      0x08000958   Section        0  stm32f1xx_hal_gpio.o(i.HAL_GPIO_WritePin)
    i.HAL_GetTick                            0x08000964   Section        0  stm32f1xx_hal.o(i.HAL_GetTick)
    i.HAL_IncTick                            0x08000970   Section        0  main.o(i.HAL_IncTick)
    i.HAL_Init                               0x080009d0   Section        0  stm32f1xx_hal.o(i.HAL_Init)
    i.HAL_InitTick                           0x080009f4   Section        0  stm32f1xx_hal.o(i.HAL_InitTick)
    i.HAL_MspInit                            0x08000a34   Section        0  stm32f1xx_hal_msp.o(i.HAL_MspInit)
    i.HAL_NVIC_EnableIRQ                     0x08000a70   Section        0  stm32f1xx_hal_cortex.o(i.HAL_NVIC_EnableIRQ)
    i.HAL_NVIC_SetPriority                   0x08000a8c   Section        0  stm32f1xx_hal_cortex.o(i.HAL_NVIC_SetPriority)
    i.HAL_NVIC_SetPriorityGrouping           0x08000acc   Section        0  stm32f1xx_hal_cortex.o(i.HAL_NVIC_SetPriorityGrouping)
    i.HAL_RCC_ClockConfig                    0x08000af0   Section        0  stm32f1xx_hal_rcc.o(i.HAL_RCC_ClockConfig)
    i.HAL_RCC_GetPCLK1Freq                   0x08000c1c   Section        0  stm32f1xx_hal_rcc.o(i.HAL_RCC_GetPCLK1Freq)
    i.HAL_RCC_GetPCLK2Freq                   0x08000c3c   Section        0  stm32f1xx_hal_rcc.o(i.HAL_RCC_GetPCLK2Freq)
    i.HAL_RCC_GetSysClockFreq                0x08000c5c   Section        0  stm32f1xx_hal_rcc.o(i.HAL_RCC_GetSysClockFreq)
    i.HAL_RCC_OscConfig                      0x08000ca8   Section        0  stm32f1xx_hal_rcc.o(i.HAL_RCC_OscConfig)
    i.HAL_SYSTICK_Config                     0x08000fc8   Section        0  stm32f1xx_hal_cortex.o(i.HAL_SYSTICK_Config)
    i.HAL_TIMEx_BreakCallback                0x08000ff0   Section        0  stm32f1xx_hal_tim_ex.o(i.HAL_TIMEx_BreakCallback)
    i.HAL_TIMEx_CommutCallback               0x08000ff2   Section        0  stm32f1xx_hal_tim_ex.o(i.HAL_TIMEx_CommutCallback)
    i.HAL_TIMEx_ConfigBreakDeadTime          0x08000ff4   Section        0  stm32f1xx_hal_tim_ex.o(i.HAL_TIMEx_ConfigBreakDeadTime)
    i.HAL_TIMEx_MasterConfigSynchronization  0x08001048   Section        0  stm32f1xx_hal_tim_ex.o(i.HAL_TIMEx_MasterConfigSynchronization)
    i.HAL_TIM_Base_Init                      0x080010b0   Section        0  stm32f1xx_hal_tim.o(i.HAL_TIM_Base_Init)
    i.HAL_TIM_Base_MspInit                   0x0800110c   Section        0  tim.o(i.HAL_TIM_Base_MspInit)
    i.HAL_TIM_Base_Start_IT                  0x0800115c   Section        0  stm32f1xx_hal_tim.o(i.HAL_TIM_Base_Start_IT)
    i.HAL_TIM_Base_Stop_IT                   0x080011b4   Section        0  stm32f1xx_hal_tim.o(i.HAL_TIM_Base_Stop_IT)
    i.HAL_TIM_ConfigClockSource              0x080011e4   Section        0  stm32f1xx_hal_tim.o(i.HAL_TIM_ConfigClockSource)
    i.HAL_TIM_Encoder_Init                   0x080012c0   Section        0  stm32f1xx_hal_tim.o(i.HAL_TIM_Encoder_Init)
    i.HAL_TIM_Encoder_MspInit                0x08001364   Section        0  tim.o(i.HAL_TIM_Encoder_MspInit)
    i.HAL_TIM_Encoder_Start                  0x080013b8   Section        0  stm32f1xx_hal_tim.o(i.HAL_TIM_Encoder_Start)
    i.HAL_TIM_IC_CaptureCallback             0x08001446   Section        0  stm32f1xx_hal_tim.o(i.HAL_TIM_IC_CaptureCallback)
    i.HAL_TIM_IRQHandler                     0x08001448   Section        0  stm32f1xx_hal_tim.o(i.HAL_TIM_IRQHandler)
    i.HAL_TIM_MspPostInit                    0x08001578   Section        0  tim.o(i.HAL_TIM_MspPostInit)
    i.HAL_TIM_OC_DelayElapsedCallback        0x08001610   Section        0  stm32f1xx_hal_tim.o(i.HAL_TIM_OC_DelayElapsedCallback)
    i.HAL_TIM_PWM_ConfigChannel              0x08001612   Section        0  stm32f1xx_hal_tim.o(i.HAL_TIM_PWM_ConfigChannel)
    i.HAL_TIM_PWM_Init                       0x080016de   Section        0  stm32f1xx_hal_tim.o(i.HAL_TIM_PWM_Init)
    i.HAL_TIM_PWM_MspInit                    0x08001738   Section        0  tim.o(i.HAL_TIM_PWM_MspInit)
    i.HAL_TIM_PWM_PulseFinishedCallback      0x08001760   Section        0  stm32f1xx_hal_tim.o(i.HAL_TIM_PWM_PulseFinishedCallback)
    i.HAL_TIM_PWM_Start                      0x08001764   Section        0  stm32f1xx_hal_tim.o(i.HAL_TIM_PWM_Start)
    i.HAL_TIM_PeriodElapsedCallback          0x08001800   Section        0  main.o(i.HAL_TIM_PeriodElapsedCallback)
    i.HAL_TIM_TriggerCallback                0x08001898   Section        0  stm32f1xx_hal_tim.o(i.HAL_TIM_TriggerCallback)
    i.HAL_UARTEx_RxEventCallback             0x0800189a   Section        0  stm32f1xx_hal_uart.o(i.HAL_UARTEx_RxEventCallback)
    i.HAL_UART_ErrorCallback                 0x0800189c   Section        0  stm32f1xx_hal_uart.o(i.HAL_UART_ErrorCallback)
    i.HAL_UART_IRQHandler                    0x080018a0   Section        0  stm32f1xx_hal_uart.o(i.HAL_UART_IRQHandler)
    i.HAL_UART_Init                          0x08001b0c   Section        0  stm32f1xx_hal_uart.o(i.HAL_UART_Init)
    i.HAL_UART_MspInit                       0x08001b70   Section        0  usart.o(i.HAL_UART_MspInit)
    i.HAL_UART_Receive_DMA                   0x08001cfc   Section        0  stm32f1xx_hal_uart.o(i.HAL_UART_Receive_DMA)
    i.HAL_UART_RxCpltCallback                0x08001d18   Section        0  main.o(i.HAL_UART_RxCpltCallback)
    i.HAL_UART_RxHalfCpltCallback            0x08001d9c   Section        0  stm32f1xx_hal_uart.o(i.HAL_UART_RxHalfCpltCallback)
    i.HAL_UART_TxCpltCallback                0x08001d9e   Section        0  stm32f1xx_hal_uart.o(i.HAL_UART_TxCpltCallback)
    i.HardFault_Handler                      0x08001da0   Section        0  stm32f1xx_it.o(i.HardFault_Handler)
    i.MX_DMA_Init                            0x08001da4   Section        0  dma.o(i.MX_DMA_Init)
    i.MX_GPIO_Init                           0x08001e00   Section        0  gpio.o(i.MX_GPIO_Init)
    i.MX_TIM1_Init                           0x08001ebc   Section        0  tim.o(i.MX_TIM1_Init)
    i.MX_TIM2_Init                           0x08001f80   Section        0  tim.o(i.MX_TIM2_Init)
    i.MX_TIM3_Init                           0x08001fe8   Section        0  tim.o(i.MX_TIM3_Init)
    i.MX_TIM4_Init                           0x080020b0   Section        0  tim.o(i.MX_TIM4_Init)
    i.MX_USART2_UART_Init                    0x0800211c   Section        0  usart.o(i.MX_USART2_UART_Init)
    i.MX_USART3_UART_Init                    0x08002154   Section        0  usart.o(i.MX_USART3_UART_Init)
    i.MemManage_Handler                      0x0800218c   Section        0  stm32f1xx_it.o(i.MemManage_Handler)
    i.Motor_Init                             0x08002190   Section        0  motor.o(i.Motor_Init)
    i.Move_Transfrom                         0x0800220c   Section        0  car_solution.o(i.Move_Transfrom)
    i.NMI_Handler                            0x080022b0   Section        0  stm32f1xx_it.o(i.NMI_Handler)
    i.PID_Motor                              0x080022b4   Section        0  motor.o(i.PID_Motor)
    i.PendSV_Handler                         0x08002338   Section        0  stm32f1xx_it.o(i.PendSV_Handler)
    i.Putdown_backArm                        0x0800233c   Section        0  car_solution.o(i.Putdown_backArm)
    i.Putdown_prveArm                        0x0800234c   Section        0  car_solution.o(i.Putdown_prveArm)
    i.ROS_DataAnalysis                       0x08002360   Section        0  uart_ros.o(i.ROS_DataAnalysis)
    i.SVC_Handler                            0x080023c4   Section        0  stm32f1xx_it.o(i.SVC_Handler)
    i.Servo_Init                             0x080023c8   Section        0  car_solution.o(i.Servo_Init)
    i.Set_ExSpeed                            0x080023f0   Section        0  motor.o(i.Set_ExSpeed)
    i.Set_Speed                              0x080023f4   Section        0  motor.o(i.Set_Speed)
    i.Struct_Init                            0x0800245c   Section        0  motor.o(i.Struct_Init)
    i.SysTick_Handler                        0x080024e0   Section        0  stm32f1xx_it.o(i.SysTick_Handler)
    i.SystemClock_Config                     0x080024e4   Section        0  main.o(i.SystemClock_Config)
    i.SystemInit                             0x08002542   Section        0  system_stm32f1xx.o(i.SystemInit)
    i.TIM2_IRQHandler                        0x08002544   Section        0  stm32f1xx_it.o(i.TIM2_IRQHandler)
    i.TIM_Base_SetConfig                     0x08002550   Section        0  stm32f1xx_hal_tim.o(i.TIM_Base_SetConfig)
    i.TIM_CCxChannelCmd                      0x080025c8   Section        0  stm32f1xx_hal_tim.o(i.TIM_CCxChannelCmd)
    i.TIM_ETR_SetConfig                      0x080025e2   Section        0  stm32f1xx_hal_tim.o(i.TIM_ETR_SetConfig)
    i.TIM_ITRx_SetConfig                     0x080025f6   Section        0  stm32f1xx_hal_tim.o(i.TIM_ITRx_SetConfig)
    TIM_ITRx_SetConfig                       0x080025f7   Thumb Code    16  stm32f1xx_hal_tim.o(i.TIM_ITRx_SetConfig)
    i.TIM_OC1_SetConfig                      0x08002608   Section        0  stm32f1xx_hal_tim.o(i.TIM_OC1_SetConfig)
    TIM_OC1_SetConfig                        0x08002609   Thumb Code    74  stm32f1xx_hal_tim.o(i.TIM_OC1_SetConfig)
    i.TIM_OC2_SetConfig                      0x08002658   Section        0  stm32f1xx_hal_tim.o(i.TIM_OC2_SetConfig)
    i.TIM_OC3_SetConfig                      0x080026b0   Section        0  stm32f1xx_hal_tim.o(i.TIM_OC3_SetConfig)
    TIM_OC3_SetConfig                        0x080026b1   Thumb Code    82  stm32f1xx_hal_tim.o(i.TIM_OC3_SetConfig)
    i.TIM_OC4_SetConfig                      0x08002708   Section        0  stm32f1xx_hal_tim.o(i.TIM_OC4_SetConfig)
    TIM_OC4_SetConfig                        0x08002709   Thumb Code    64  stm32f1xx_hal_tim.o(i.TIM_OC4_SetConfig)
    i.TIM_TI1_ConfigInputStage               0x0800274c   Section        0  stm32f1xx_hal_tim.o(i.TIM_TI1_ConfigInputStage)
    TIM_TI1_ConfigInputStage                 0x0800274d   Thumb Code    34  stm32f1xx_hal_tim.o(i.TIM_TI1_ConfigInputStage)
    i.TIM_TI2_ConfigInputStage               0x0800276e   Section        0  stm32f1xx_hal_tim.o(i.TIM_TI2_ConfigInputStage)
    TIM_TI2_ConfigInputStage                 0x0800276f   Thumb Code    36  stm32f1xx_hal_tim.o(i.TIM_TI2_ConfigInputStage)
    i.Turn_Motor                             0x08002794   Section        0  motor.o(i.Turn_Motor)
    i.UART_DMAAbortOnError                   0x080027cc   Section        0  stm32f1xx_hal_uart.o(i.UART_DMAAbortOnError)
    UART_DMAAbortOnError                     0x080027cd   Thumb Code    16  stm32f1xx_hal_uart.o(i.UART_DMAAbortOnError)
    i.UART_DMAError                          0x080027dc   Section        0  stm32f1xx_hal_uart.o(i.UART_DMAError)
    UART_DMAError                            0x080027dd   Thumb Code    74  stm32f1xx_hal_uart.o(i.UART_DMAError)
    i.UART_DMAReceiveCplt                    0x08002826   Section        0  stm32f1xx_hal_uart.o(i.UART_DMAReceiveCplt)
    UART_DMAReceiveCplt                      0x08002827   Thumb Code   134  stm32f1xx_hal_uart.o(i.UART_DMAReceiveCplt)
    i.UART_DMARxHalfCplt                     0x080028ac   Section        0  stm32f1xx_hal_uart.o(i.UART_DMARxHalfCplt)
    UART_DMARxHalfCplt                       0x080028ad   Thumb Code    30  stm32f1xx_hal_uart.o(i.UART_DMARxHalfCplt)
    i.UART_EndRxTransfer                     0x080028ca   Section        0  stm32f1xx_hal_uart.o(i.UART_EndRxTransfer)
    UART_EndRxTransfer                       0x080028cb   Thumb Code    78  stm32f1xx_hal_uart.o(i.UART_EndRxTransfer)
    i.UART_EndTxTransfer                     0x08002918   Section        0  stm32f1xx_hal_uart.o(i.UART_EndTxTransfer)
    UART_EndTxTransfer                       0x08002919   Thumb Code    28  stm32f1xx_hal_uart.o(i.UART_EndTxTransfer)
    i.UART_Receive_IT                        0x08002934   Section        0  stm32f1xx_hal_uart.o(i.UART_Receive_IT)
    UART_Receive_IT                          0x08002935   Thumb Code   194  stm32f1xx_hal_uart.o(i.UART_Receive_IT)
    i.UART_SetConfig                         0x080029f8   Section        0  stm32f1xx_hal_uart.o(i.UART_SetConfig)
    UART_SetConfig                           0x080029f9   Thumb Code   178  stm32f1xx_hal_uart.o(i.UART_SetConfig)
    i.UART_Start_Receive_DMA                 0x08002ab0   Section        0  stm32f1xx_hal_uart.o(i.UART_Start_Receive_DMA)
    i.USART2_IRQHandler                      0x08002b40   Section        0  stm32f1xx_it.o(i.USART2_IRQHandler)
    i.USART3_IRQHandler                      0x08002b4c   Section        0  stm32f1xx_it.o(i.USART3_IRQHandler)
    i.UsageFault_Handler                     0x08002b58   Section        0  stm32f1xx_it.o(i.UsageFault_Handler)
    i.YaoKong_Move                           0x08002b5c   Section        0  car_solution.o(i.YaoKong_Move)
    i.__NVIC_SetPriority                     0x08002bd8   Section        0  stm32f1xx_hal_cortex.o(i.__NVIC_SetPriority)
    __NVIC_SetPriority                       0x08002bd9   Thumb Code    32  stm32f1xx_hal_cortex.o(i.__NVIC_SetPriority)
    i.main                                   0x08002bf8   Section        0  main.o(i.main)
    x$fpl$d2f                                0x08002cd8   Section       98  d2f.o(x$fpl$d2f)
    x$fpl$dadd                               0x08002d3c   Section      336  daddsub_clz.o(x$fpl$dadd)
    _dadd1                                   0x08002d4d   Thumb Code     0  daddsub_clz.o(x$fpl$dadd)
    x$fpl$dcheck1                            0x08002e8c   Section       16  dcheck1.o(x$fpl$dcheck1)
    x$fpl$dmul                               0x08002e9c   Section      340  dmul.o(x$fpl$dmul)
    x$fpl$dnaninf                            0x08002ff0   Section      156  dnaninf.o(x$fpl$dnaninf)
    x$fpl$dretinf                            0x0800308c   Section       12  dretinf.o(x$fpl$dretinf)
    x$fpl$dsub                               0x08003098   Section      468  daddsub_clz.o(x$fpl$dsub)
    _dsub1                                   0x080030a9   Thumb Code     0  daddsub_clz.o(x$fpl$dsub)
    x$fpl$f2d                                0x0800326c   Section       86  f2d.o(x$fpl$f2d)
    x$fpl$fadd                               0x080032c4   Section      196  faddsub_clz.o(x$fpl$fadd)
    _fadd1                                   0x080032d3   Thumb Code     0  faddsub_clz.o(x$fpl$fadd)
    x$fpl$fcheck1                            0x08003388   Section       12  fcheck1.o(x$fpl$fcheck1)
    x$fpl$fdiv                               0x08003394   Section      388  fdiv.o(x$fpl$fdiv)
    _fdiv1                                   0x08003395   Thumb Code     0  fdiv.o(x$fpl$fdiv)
    x$fpl$ffix                               0x08003518   Section       54  ffix.o(x$fpl$ffix)
    x$fpl$ffixu                              0x08003550   Section       62  ffixu.o(x$fpl$ffixu)
    x$fpl$fflt                               0x08003590   Section       48  fflt_clz.o(x$fpl$fflt)
    x$fpl$ffltu                              0x080035c0   Section       38  fflt_clz.o(x$fpl$ffltu)
    x$fpl$fmul                               0x080035e8   Section      258  fmul.o(x$fpl$fmul)
    x$fpl$fnaninf                            0x080036ea   Section      140  fnaninf.o(x$fpl$fnaninf)
    x$fpl$fretinf                            0x08003776   Section       10  fretinf.o(x$fpl$fretinf)
    x$fpl$frsb                               0x08003780   Section       20  faddsub_clz.o(x$fpl$frsb)
    x$fpl$fsub                               0x08003794   Section      234  faddsub_clz.o(x$fpl$fsub)
    _fsub1                                   0x080037a3   Thumb Code     0  faddsub_clz.o(x$fpl$fsub)
    x$fpl$retnan                             0x0800387e   Section      100  retnan.o(x$fpl$retnan)
    x$fpl$scalbn                             0x080038e2   Section       92  scalbn.o(x$fpl$scalbn)
    x$fpl$scalbnf                            0x0800393e   Section       76  scalbnf.o(x$fpl$scalbnf)
    x$fpl$trapveneer                         0x0800398a   Section       48  trapv.o(x$fpl$trapveneer)
    .constdata                               0x080039ba   Section       18  stm32f1xx_hal_rcc.o(.constdata)
    x$fpl$usenofp                            0x080039ba   Section        0  usenofp.o(x$fpl$usenofp)
    aPredivFactorTable                       0x080039ba   Data           2  stm32f1xx_hal_rcc.o(.constdata)
    aPLLMULFactorTable                       0x080039bc   Data          16  stm32f1xx_hal_rcc.o(.constdata)
    .constdata                               0x080039cc   Section       16  system_stm32f1xx.o(.constdata)
    .constdata                               0x080039dc   Section        8  system_stm32f1xx.o(.constdata)
    .data                                    0x20000000   Section       16  esp32.o(.data)
    .data                                    0x20000010   Section        8  motor.o(.data)
    .data                                    0x20000018   Section       24  uart_ros.o(.data)
    ROS_TranmitData                          0x2000001c   Data          20  uart_ros.o(.data)
    .data                                    0x20000030   Section        5  main.o(.data)
    .data                                    0x20000038   Section       12  stm32f1xx_hal.o(.data)
    .data                                    0x20000044   Section        4  system_stm32f1xx.o(.data)
    .bss                                     0x20000048   Section       10  esp32.o(.bss)
    .bss                                     0x20000054   Section      240  motor.o(.bss)
    .bss                                     0x20000144   Section       12  uart_ros.o(.bss)
    .bss                                     0x20000150   Section      288  tim.o(.bss)
    .bss                                     0x20000270   Section      416  usart.o(.bss)
    .bss                                     0x20000410   Section       96  libspace.o(.bss)
    HEAP                                     0x20000470   Section      512  startup_stm32f103xb.o(HEAP)
    Heap_Mem                                 0x20000470   Data         512  startup_stm32f103xb.o(HEAP)
    STACK                                    0x20000670   Section     1024  startup_stm32f103xb.o(STACK)
    Stack_Mem                                0x20000670   Data        1024  startup_stm32f103xb.o(STACK)
    __initial_sp                             0x20000a70   Data           0  startup_stm32f103xb.o(STACK)

    Global Symbols

    Symbol Name                              Value     Ov Type        Size  Object(Section)

    BuildAttributes$$THM_ISAv4$P$D$K$B$S$PE$A:L22UL41UL21$X:L11$S22US41US21$IEEE1$IW$USESV6$~STKCKD$USESV7$~SHL$OSPACE$ROPI$EBA8$UX$STANDARDLIB$REQ8$PRES8$EABIv2 0x00000000   Number         0  anon$$obj.o ABSOLUTE
    __ARM_use_no_argv                        0x00000000   Number         0  main.o ABSOLUTE
    __ARM_exceptions_init                     - Undefined Weak Reference
    __alloca_initialize                       - Undefined Weak Reference
    __arm_preinit_                            - Undefined Weak Reference
    __cpp_initialize__aeabi_                  - Undefined Weak Reference
    __cxa_finalize                            - Undefined Weak Reference
    __rt_locale                               - Undefined Weak Reference
    __sigvec_lookup                           - Undefined Weak Reference
    _atexit_init                              - Undefined Weak Reference
    _call_atexit_fns                          - Undefined Weak Reference
    _clock_init                               - Undefined Weak Reference
    _fp_trap_init                             - Undefined Weak Reference
    _fp_trap_shutdown                         - Undefined Weak Reference
    _get_lc_collate                           - Undefined Weak Reference
    _get_lc_ctype                             - Undefined Weak Reference
    _get_lc_monetary                          - Undefined Weak Reference
    _get_lc_numeric                           - Undefined Weak Reference
    _get_lc_time                              - Undefined Weak Reference
    _getenv_init                              - Undefined Weak Reference
    _handle_redirection                       - Undefined Weak Reference
    _init_alloc                               - Undefined Weak Reference
    _init_user_alloc                          - Undefined Weak Reference
    _initio                                   - Undefined Weak Reference
    _rand_init                                - Undefined Weak Reference
    _signal_finish                            - Undefined Weak Reference
    _signal_init                              - Undefined Weak Reference
    _terminate_alloc                          - Undefined Weak Reference
    _terminate_user_alloc                     - Undefined Weak Reference
    _terminateio                              - Undefined Weak Reference
    __Vectors_Size                           0x000000ec   Number         0  startup_stm32f103xb.o ABSOLUTE
    __Vectors                                0x08000000   Data           4  startup_stm32f103xb.o(RESET)
    __Vectors_End                            0x080000ec   Data           0  startup_stm32f103xb.o(RESET)
    __main                                   0x080000ed   Thumb Code     8  __main.o(!!!main)
    __scatterload                            0x080000f5   Thumb Code     0  __scatter.o(!!!scatter)
    __scatterload_rt2                        0x080000f5   Thumb Code    44  __scatter.o(!!!scatter)
    __scatterload_rt2_thumb_only             0x080000f5   Thumb Code     0  __scatter.o(!!!scatter)
    __scatterload_null                       0x08000103   Thumb Code     0  __scatter.o(!!!scatter)
    __scatterload_copy                       0x08000129   Thumb Code    26  __scatter_copy.o(!!handler_copy)
    __scatterload_zeroinit                   0x08000145   Thumb Code    28  __scatter_zi.o(!!handler_zi)
    __rt_lib_init                            0x08000161   Thumb Code     0  libinit.o(.ARM.Collect$$libinit$$00000000)
    __rt_lib_init_alloca_1                   0x08000163   Thumb Code     0  libinit2.o(.ARM.Collect$$libinit$$0000002E)
    __rt_lib_init_argv_1                     0x08000163   Thumb Code     0  libinit2.o(.ARM.Collect$$libinit$$0000002C)
    __rt_lib_init_atexit_1                   0x08000163   Thumb Code     0  libinit2.o(.ARM.Collect$$libinit$$0000001B)
    __rt_lib_init_clock_1                    0x08000163   Thumb Code     0  libinit2.o(.ARM.Collect$$libinit$$00000021)
    __rt_lib_init_cpp_1                      0x08000163   Thumb Code     0  libinit2.o(.ARM.Collect$$libinit$$00000032)
    __rt_lib_init_exceptions_1               0x08000163   Thumb Code     0  libinit2.o(.ARM.Collect$$libinit$$00000030)
    __rt_lib_init_fp_1                       0x08000163   Thumb Code     0  libinit2.o(.ARM.Collect$$libinit$$00000002)
    __rt_lib_init_fp_trap_1                  0x08000163   Thumb Code     0  libinit2.o(.ARM.Collect$$libinit$$0000001F)
    __rt_lib_init_getenv_1                   0x08000163   Thumb Code     0  libinit2.o(.ARM.Collect$$libinit$$00000023)
    __rt_lib_init_heap_1                     0x08000163   Thumb Code     0  libinit2.o(.ARM.Collect$$libinit$$0000000A)
    __rt_lib_init_lc_collate_1               0x08000163   Thumb Code     0  libinit2.o(.ARM.Collect$$libinit$$00000011)
    __rt_lib_init_lc_ctype_1                 0x08000163   Thumb Code     0  libinit2.o(.ARM.Collect$$libinit$$00000013)
    __rt_lib_init_lc_monetary_1              0x08000163   Thumb Code     0  libinit2.o(.ARM.Collect$$libinit$$00000015)
    __rt_lib_init_lc_numeric_1               0x08000163   Thumb Code     0  libinit2.o(.ARM.Collect$$libinit$$00000017)
    __rt_lib_init_lc_time_1                  0x08000163   Thumb Code     0  libinit2.o(.ARM.Collect$$libinit$$00000019)
    __rt_lib_init_preinit_1                  0x08000163   Thumb Code     0  libinit2.o(.ARM.Collect$$libinit$$00000004)
    __rt_lib_init_rand_1                     0x08000163   Thumb Code     0  libinit2.o(.ARM.Collect$$libinit$$0000000E)
    __rt_lib_init_return                     0x08000163   Thumb Code     0  libinit2.o(.ARM.Collect$$libinit$$00000033)
    __rt_lib_init_signal_1                   0x08000163   Thumb Code     0  libinit2.o(.ARM.Collect$$libinit$$0000001D)
    __rt_lib_init_stdio_1                    0x08000163   Thumb Code     0  libinit2.o(.ARM.Collect$$libinit$$00000025)
    __rt_lib_init_user_alloc_1               0x08000163   Thumb Code     0  libinit2.o(.ARM.Collect$$libinit$$0000000C)
    __rt_lib_shutdown                        0x08000165   Thumb Code     0  libshutdown.o(.ARM.Collect$$libshutdown$$00000000)
    __rt_lib_shutdown_cpp_1                  0x08000167   Thumb Code     0  libshutdown2.o(.ARM.Collect$$libshutdown$$00000002)
    __rt_lib_shutdown_fp_trap_1              0x08000167   Thumb Code     0  libshutdown2.o(.ARM.Collect$$libshutdown$$00000007)
    __rt_lib_shutdown_heap_1                 0x08000167   Thumb Code     0  libshutdown2.o(.ARM.Collect$$libshutdown$$0000000F)
    __rt_lib_shutdown_return                 0x08000167   Thumb Code     0  libshutdown2.o(.ARM.Collect$$libshutdown$$00000010)
    __rt_lib_shutdown_signal_1               0x08000167   Thumb Code     0  libshutdown2.o(.ARM.Collect$$libshutdown$$0000000A)
    __rt_lib_shutdown_stdio_1                0x08000167   Thumb Code     0  libshutdown2.o(.ARM.Collect$$libshutdown$$00000004)
    __rt_lib_shutdown_user_alloc_1           0x08000167   Thumb Code     0  libshutdown2.o(.ARM.Collect$$libshutdown$$0000000C)
    __rt_entry                               0x08000169   Thumb Code     0  __rtentry.o(.ARM.Collect$$rtentry$$00000000)
    __rt_entry_presh_1                       0x08000169   Thumb Code     0  __rtentry2.o(.ARM.Collect$$rtentry$$00000002)
    __rt_entry_sh                            0x08000169   Thumb Code     0  __rtentry4.o(.ARM.Collect$$rtentry$$00000004)
    __rt_entry_li                            0x0800016f   Thumb Code     0  __rtentry2.o(.ARM.Collect$$rtentry$$0000000A)
    __rt_entry_postsh_1                      0x0800016f   Thumb Code     0  __rtentry2.o(.ARM.Collect$$rtentry$$00000009)
    __rt_entry_main                          0x08000173   Thumb Code     0  __rtentry2.o(.ARM.Collect$$rtentry$$0000000D)
    __rt_entry_postli_1                      0x08000173   Thumb Code     0  __rtentry2.o(.ARM.Collect$$rtentry$$0000000C)
    __rt_exit                                0x0800017b   Thumb Code     0  rtexit.o(.ARM.Collect$$rtexit$$00000000)
    __rt_exit_ls                             0x0800017d   Thumb Code     0  rtexit2.o(.ARM.Collect$$rtexit$$00000003)
    __rt_exit_prels_1                        0x0800017d   Thumb Code     0  rtexit2.o(.ARM.Collect$$rtexit$$00000002)
    __rt_exit_exit                           0x08000181   Thumb Code     0  rtexit2.o(.ARM.Collect$$rtexit$$00000004)
    Reset_Handler                            0x08000189   Thumb Code     8  startup_stm32f103xb.o(.text)
    ADC1_2_IRQHandler                        0x080001a3   Thumb Code     0  startup_stm32f103xb.o(.text)
    CAN1_RX1_IRQHandler                      0x080001a3   Thumb Code     0  startup_stm32f103xb.o(.text)
    CAN1_SCE_IRQHandler                      0x080001a3   Thumb Code     0  startup_stm32f103xb.o(.text)
    DMA1_Channel1_IRQHandler                 0x080001a3   Thumb Code     0  startup_stm32f103xb.o(.text)
    DMA1_Channel4_IRQHandler                 0x080001a3   Thumb Code     0  startup_stm32f103xb.o(.text)
    DMA1_Channel5_IRQHandler                 0x080001a3   Thumb Code     0  startup_stm32f103xb.o(.text)
    EXTI0_IRQHandler                         0x080001a3   Thumb Code     0  startup_stm32f103xb.o(.text)
    EXTI15_10_IRQHandler                     0x080001a3   Thumb Code     0  startup_stm32f103xb.o(.text)
    EXTI1_IRQHandler                         0x080001a3   Thumb Code     0  startup_stm32f103xb.o(.text)
    EXTI2_IRQHandler                         0x080001a3   Thumb Code     0  startup_stm32f103xb.o(.text)
    EXTI3_IRQHandler                         0x080001a3   Thumb Code     0  startup_stm32f103xb.o(.text)
    EXTI4_IRQHandler                         0x080001a3   Thumb Code     0  startup_stm32f103xb.o(.text)
    EXTI9_5_IRQHandler                       0x080001a3   Thumb Code     0  startup_stm32f103xb.o(.text)
    FLASH_IRQHandler                         0x080001a3   Thumb Code     0  startup_stm32f103xb.o(.text)
    I2C1_ER_IRQHandler                       0x080001a3   Thumb Code     0  startup_stm32f103xb.o(.text)
    I2C1_EV_IRQHandler                       0x080001a3   Thumb Code     0  startup_stm32f103xb.o(.text)
    I2C2_ER_IRQHandler                       0x080001a3   Thumb Code     0  startup_stm32f103xb.o(.text)
    I2C2_EV_IRQHandler                       0x080001a3   Thumb Code     0  startup_stm32f103xb.o(.text)
    PVD_IRQHandler                           0x080001a3   Thumb Code     0  startup_stm32f103xb.o(.text)
    RCC_IRQHandler                           0x080001a3   Thumb Code     0  startup_stm32f103xb.o(.text)
    RTC_Alarm_IRQHandler                     0x080001a3   Thumb Code     0  startup_stm32f103xb.o(.text)
    RTC_IRQHandler                           0x080001a3   Thumb Code     0  startup_stm32f103xb.o(.text)
    SPI1_IRQHandler                          0x080001a3   Thumb Code     0  startup_stm32f103xb.o(.text)
    SPI2_IRQHandler                          0x080001a3   Thumb Code     0  startup_stm32f103xb.o(.text)
    TAMPER_IRQHandler                        0x080001a3   Thumb Code     0  startup_stm32f103xb.o(.text)
    TIM1_BRK_IRQHandler                      0x080001a3   Thumb Code     0  startup_stm32f103xb.o(.text)
    TIM1_CC_IRQHandler                       0x080001a3   Thumb Code     0  startup_stm32f103xb.o(.text)
    TIM1_TRG_COM_IRQHandler                  0x080001a3   Thumb Code     0  startup_stm32f103xb.o(.text)
    TIM1_UP_IRQHandler                       0x080001a3   Thumb Code     0  startup_stm32f103xb.o(.text)
    TIM3_IRQHandler                          0x080001a3   Thumb Code     0  startup_stm32f103xb.o(.text)
    TIM4_IRQHandler                          0x080001a3   Thumb Code     0  startup_stm32f103xb.o(.text)
    USART1_IRQHandler                        0x080001a3   Thumb Code     0  startup_stm32f103xb.o(.text)
    USBWakeUp_IRQHandler                     0x080001a3   Thumb Code     0  startup_stm32f103xb.o(.text)
    USB_HP_CAN1_TX_IRQHandler                0x080001a3   Thumb Code     0  startup_stm32f103xb.o(.text)
    USB_LP_CAN1_RX0_IRQHandler               0x080001a3   Thumb Code     0  startup_stm32f103xb.o(.text)
    WWDG_IRQHandler                          0x080001a3   Thumb Code     0  startup_stm32f103xb.o(.text)
    __user_initial_stackheap                 0x080001a5   Thumb Code     0  startup_stm32f103xb.o(.text)
    __aeabi_memclr4                          0x080001c9   Thumb Code     0  rt_memclr_w.o(.text)
    __aeabi_memclr8                          0x080001c9   Thumb Code     0  rt_memclr_w.o(.text)
    __rt_memclr_w                            0x080001c9   Thumb Code    78  rt_memclr_w.o(.text)
    _memset_w                                0x080001cd   Thumb Code     0  rt_memclr_w.o(.text)
    __use_two_region_memory                  0x08000217   Thumb Code     2  heapauxi.o(.text)
    __rt_heap_escrow$2region                 0x08000219   Thumb Code     2  heapauxi.o(.text)
    __rt_heap_expand$2region                 0x0800021b   Thumb Code     2  heapauxi.o(.text)
    __user_setup_stackheap                   0x0800021d   Thumb Code    74  sys_stackheap_outer.o(.text)
    exit                                     0x08000267   Thumb Code    18  exit.o(.text)
    __user_libspace                          0x08000279   Thumb Code     8  libspace.o(.text)
    __user_perproc_libspace                  0x08000279   Thumb Code     0  libspace.o(.text)
    __user_perthread_libspace                0x08000279   Thumb Code     0  libspace.o(.text)
    _sys_exit                                0x08000281   Thumb Code     8  sys_exit.o(.text)
    __I$use$semihosting                      0x0800028d   Thumb Code     0  use_no_semi.o(.text)
    __use_no_semihosting_swi                 0x0800028d   Thumb Code     2  use_no_semi.o(.text)
    BusFault_Handler                         0x0800028f   Thumb Code     2  stm32f1xx_it.o(i.BusFault_Handler)
    __semihosting_library_function           0x0800028f   Thumb Code     0  indicate_semi.o(.text)
    DMA1_Channel2_IRQHandler                 0x08000291   Thumb Code     6  stm32f1xx_it.o(i.DMA1_Channel2_IRQHandler)
    DMA1_Channel3_IRQHandler                 0x0800029d   Thumb Code     6  stm32f1xx_it.o(i.DMA1_Channel3_IRQHandler)
    DMA1_Channel6_IRQHandler                 0x080002a9   Thumb Code     6  stm32f1xx_it.o(i.DMA1_Channel6_IRQHandler)
    DMA1_Channel7_IRQHandler                 0x080002b5   Thumb Code     6  stm32f1xx_it.o(i.DMA1_Channel7_IRQHandler)
    DebugMon_Handler                         0x080002eb   Thumb Code     2  stm32f1xx_it.o(i.DebugMon_Handler)
    ESP32_Analysis                           0x080002ed   Thumb Code   234  esp32.o(i.ESP32_Analysis)
    Error_Handler                            0x080003f1   Thumb Code     4  main.o(i.Error_Handler)
    Get_Speed                                0x080003f5   Thumb Code    28  motor.o(i.Get_Speed)
    Getup_backArm                            0x0800041d   Thumb Code    10  car_solution.o(i.Getup_backArm)
    Getup_prveArm_1                          0x0800042d   Thumb Code    16  car_solution.o(i.Getup_prveArm_1)
    Getup_prveArm_2                          0x08000441   Thumb Code    16  car_solution.o(i.Getup_prveArm_2)
    HAL_DMA_Abort                            0x08000455   Thumb Code    70  stm32f1xx_hal_dma.o(i.HAL_DMA_Abort)
    HAL_DMA_Abort_IT                         0x0800049d   Thumb Code   148  stm32f1xx_hal_dma.o(i.HAL_DMA_Abort_IT)
    HAL_DMA_IRQHandler                       0x08000535   Thumb Code   316  stm32f1xx_hal_dma.o(i.HAL_DMA_IRQHandler)
    HAL_DMA_Init                             0x08000689   Thumb Code    84  stm32f1xx_hal_dma.o(i.HAL_DMA_Init)
    HAL_DMA_Start_IT                         0x080006e5   Thumb Code   112  stm32f1xx_hal_dma.o(i.HAL_DMA_Start_IT)
    HAL_Delay                                0x08000755   Thumb Code    32  stm32f1xx_hal.o(i.HAL_Delay)
    HAL_GPIO_Init                            0x08000779   Thumb Code   446  stm32f1xx_hal_gpio.o(i.HAL_GPIO_Init)
    HAL_GPIO_WritePin                        0x08000959   Thumb Code    10  stm32f1xx_hal_gpio.o(i.HAL_GPIO_WritePin)
    HAL_GetTick                              0x08000965   Thumb Code     6  stm32f1xx_hal.o(i.HAL_GetTick)
    HAL_IncTick                              0x08000971   Thumb Code    68  main.o(i.HAL_IncTick)
    HAL_Init                                 0x080009d1   Thumb Code    32  stm32f1xx_hal.o(i.HAL_Init)
    HAL_InitTick                             0x080009f5   Thumb Code    54  stm32f1xx_hal.o(i.HAL_InitTick)
    HAL_MspInit                              0x08000a35   Thumb Code    52  stm32f1xx_hal_msp.o(i.HAL_MspInit)
    HAL_NVIC_EnableIRQ                       0x08000a71   Thumb Code    26  stm32f1xx_hal_cortex.o(i.HAL_NVIC_EnableIRQ)
    HAL_NVIC_SetPriority                     0x08000a8d   Thumb Code    60  stm32f1xx_hal_cortex.o(i.HAL_NVIC_SetPriority)
    HAL_NVIC_SetPriorityGrouping             0x08000acd   Thumb Code    26  stm32f1xx_hal_cortex.o(i.HAL_NVIC_SetPriorityGrouping)
    HAL_RCC_ClockConfig                      0x08000af1   Thumb Code   280  stm32f1xx_hal_rcc.o(i.HAL_RCC_ClockConfig)
    HAL_RCC_GetPCLK1Freq                     0x08000c1d   Thumb Code    20  stm32f1xx_hal_rcc.o(i.HAL_RCC_GetPCLK1Freq)
    HAL_RCC_GetPCLK2Freq                     0x08000c3d   Thumb Code    20  stm32f1xx_hal_rcc.o(i.HAL_RCC_GetPCLK2Freq)
    HAL_RCC_GetSysClockFreq                  0x08000c5d   Thumb Code    58  stm32f1xx_hal_rcc.o(i.HAL_RCC_GetSysClockFreq)
    HAL_RCC_OscConfig                        0x08000ca9   Thumb Code   778  stm32f1xx_hal_rcc.o(i.HAL_RCC_OscConfig)
    HAL_SYSTICK_Config                       0x08000fc9   Thumb Code    40  stm32f1xx_hal_cortex.o(i.HAL_SYSTICK_Config)
    HAL_TIMEx_BreakCallback                  0x08000ff1   Thumb Code     2  stm32f1xx_hal_tim_ex.o(i.HAL_TIMEx_BreakCallback)
    HAL_TIMEx_CommutCallback                 0x08000ff3   Thumb Code     2  stm32f1xx_hal_tim_ex.o(i.HAL_TIMEx_CommutCallback)
    HAL_TIMEx_ConfigBreakDeadTime            0x08000ff5   Thumb Code    84  stm32f1xx_hal_tim_ex.o(i.HAL_TIMEx_ConfigBreakDeadTime)
    HAL_TIMEx_MasterConfigSynchronization    0x08001049   Thumb Code    92  stm32f1xx_hal_tim_ex.o(i.HAL_TIMEx_MasterConfigSynchronization)
    HAL_TIM_Base_Init                        0x080010b1   Thumb Code    90  stm32f1xx_hal_tim.o(i.HAL_TIM_Base_Init)
    HAL_TIM_Base_MspInit                     0x0800110d   Thumb Code    72  tim.o(i.HAL_TIM_Base_MspInit)
    HAL_TIM_Base_Start_IT                    0x0800115d   Thumb Code    76  stm32f1xx_hal_tim.o(i.HAL_TIM_Base_Start_IT)
    HAL_TIM_Base_Stop_IT                     0x080011b5   Thumb Code    48  stm32f1xx_hal_tim.o(i.HAL_TIM_Base_Stop_IT)
    HAL_TIM_ConfigClockSource                0x080011e5   Thumb Code   220  stm32f1xx_hal_tim.o(i.HAL_TIM_ConfigClockSource)
    HAL_TIM_Encoder_Init                     0x080012c1   Thumb Code   164  stm32f1xx_hal_tim.o(i.HAL_TIM_Encoder_Init)
    HAL_TIM_Encoder_MspInit                  0x08001365   Thumb Code    72  tim.o(i.HAL_TIM_Encoder_MspInit)
    HAL_TIM_Encoder_Start                    0x080013b9   Thumb Code   142  stm32f1xx_hal_tim.o(i.HAL_TIM_Encoder_Start)
    HAL_TIM_IC_CaptureCallback               0x08001447   Thumb Code     2  stm32f1xx_hal_tim.o(i.HAL_TIM_IC_CaptureCallback)
    HAL_TIM_IRQHandler                       0x08001449   Thumb Code   304  stm32f1xx_hal_tim.o(i.HAL_TIM_IRQHandler)
    HAL_TIM_MspPostInit                      0x08001579   Thumb Code   130  tim.o(i.HAL_TIM_MspPostInit)
    HAL_TIM_OC_DelayElapsedCallback          0x08001611   Thumb Code     2  stm32f1xx_hal_tim.o(i.HAL_TIM_OC_DelayElapsedCallback)
    HAL_TIM_PWM_ConfigChannel                0x08001613   Thumb Code   204  stm32f1xx_hal_tim.o(i.HAL_TIM_PWM_ConfigChannel)
    HAL_TIM_PWM_Init                         0x080016df   Thumb Code    90  stm32f1xx_hal_tim.o(i.HAL_TIM_PWM_Init)
    HAL_TIM_PWM_MspInit                      0x08001739   Thumb Code    30  tim.o(i.HAL_TIM_PWM_MspInit)
    HAL_TIM_PWM_PulseFinishedCallback        0x08001761   Thumb Code     2  stm32f1xx_hal_tim.o(i.HAL_TIM_PWM_PulseFinishedCallback)
    HAL_TIM_PWM_Start                        0x08001765   Thumb Code   144  stm32f1xx_hal_tim.o(i.HAL_TIM_PWM_Start)
    HAL_TIM_PeriodElapsedCallback            0x08001801   Thumb Code   120  main.o(i.HAL_TIM_PeriodElapsedCallback)
    HAL_TIM_TriggerCallback                  0x08001899   Thumb Code     2  stm32f1xx_hal_tim.o(i.HAL_TIM_TriggerCallback)
    HAL_UARTEx_RxEventCallback               0x0800189b   Thumb Code     2  stm32f1xx_hal_uart.o(i.HAL_UARTEx_RxEventCallback)
    HAL_UART_ErrorCallback                   0x0800189d   Thumb Code     2  stm32f1xx_hal_uart.o(i.HAL_UART_ErrorCallback)
    HAL_UART_IRQHandler                      0x080018a1   Thumb Code   616  stm32f1xx_hal_uart.o(i.HAL_UART_IRQHandler)
    HAL_UART_Init                            0x08001b0d   Thumb Code   100  stm32f1xx_hal_uart.o(i.HAL_UART_Init)
    HAL_UART_MspInit                         0x08001b71   Thumb Code   368  usart.o(i.HAL_UART_MspInit)
    HAL_UART_Receive_DMA                     0x08001cfd   Thumb Code    28  stm32f1xx_hal_uart.o(i.HAL_UART_Receive_DMA)
    HAL_UART_RxCpltCallback                  0x08001d19   Thumb Code   106  main.o(i.HAL_UART_RxCpltCallback)
    HAL_UART_RxHalfCpltCallback              0x08001d9d   Thumb Code     2  stm32f1xx_hal_uart.o(i.HAL_UART_RxHalfCpltCallback)
    HAL_UART_TxCpltCallback                  0x08001d9f   Thumb Code     2  stm32f1xx_hal_uart.o(i.HAL_UART_TxCpltCallback)
    HardFault_Handler                        0x08001da1   Thumb Code     2  stm32f1xx_it.o(i.HardFault_Handler)
    MX_DMA_Init                              0x08001da5   Thumb Code    88  dma.o(i.MX_DMA_Init)
    MX_GPIO_Init                             0x08001e01   Thumb Code   176  gpio.o(i.MX_GPIO_Init)
    MX_TIM1_Init                             0x08001ebd   Thumb Code   186  tim.o(i.MX_TIM1_Init)
    MX_TIM2_Init                             0x08001f81   Thumb Code    98  tim.o(i.MX_TIM2_Init)
    MX_TIM3_Init                             0x08001fe9   Thumb Code   190  tim.o(i.MX_TIM3_Init)
    MX_TIM4_Init                             0x080020b1   Thumb Code    98  tim.o(i.MX_TIM4_Init)
    MX_USART2_UART_Init                      0x0800211d   Thumb Code    48  usart.o(i.MX_USART2_UART_Init)
    MX_USART3_UART_Init                      0x08002155   Thumb Code    48  usart.o(i.MX_USART3_UART_Init)
    MemManage_Handler                        0x0800218d   Thumb Code     2  stm32f1xx_it.o(i.MemManage_Handler)
    Motor_Init                               0x08002191   Thumb Code   108  motor.o(i.Motor_Init)
    Move_Transfrom                           0x0800220d   Thumb Code   134  car_solution.o(i.Move_Transfrom)
    NMI_Handler                              0x080022b1   Thumb Code     2  stm32f1xx_it.o(i.NMI_Handler)
    PID_Motor                                0x080022b5   Thumb Code   124  motor.o(i.PID_Motor)
    PendSV_Handler                           0x08002339   Thumb Code     2  stm32f1xx_it.o(i.PendSV_Handler)
    Putdown_backArm                          0x0800233d   Thumb Code    10  car_solution.o(i.Putdown_backArm)
    Putdown_prveArm                          0x0800234d   Thumb Code    16  car_solution.o(i.Putdown_prveArm)
    ROS_DataAnalysis                         0x08002361   Thumb Code    82  uart_ros.o(i.ROS_DataAnalysis)
    SVC_Handler                              0x080023c5   Thumb Code     2  stm32f1xx_it.o(i.SVC_Handler)
    Servo_Init                               0x080023c9   Thumb Code    36  car_solution.o(i.Servo_Init)
    Set_ExSpeed                              0x080023f1   Thumb Code     4  motor.o(i.Set_ExSpeed)
    Set_Speed                                0x080023f5   Thumb Code   100  motor.o(i.Set_Speed)
    Struct_Init                              0x0800245d   Thumb Code    98  motor.o(i.Struct_Init)
    SysTick_Handler                          0x080024e1   Thumb Code     4  stm32f1xx_it.o(i.SysTick_Handler)
    SystemClock_Config                       0x080024e5   Thumb Code    94  main.o(i.SystemClock_Config)
    SystemInit                               0x08002543   Thumb Code     2  system_stm32f1xx.o(i.SystemInit)
    TIM2_IRQHandler                          0x08002545   Thumb Code     6  stm32f1xx_it.o(i.TIM2_IRQHandler)
    TIM_Base_SetConfig                       0x08002551   Thumb Code   108  stm32f1xx_hal_tim.o(i.TIM_Base_SetConfig)
    TIM_CCxChannelCmd                        0x080025c9   Thumb Code    26  stm32f1xx_hal_tim.o(i.TIM_CCxChannelCmd)
    TIM_ETR_SetConfig                        0x080025e3   Thumb Code    20  stm32f1xx_hal_tim.o(i.TIM_ETR_SetConfig)
    TIM_OC2_SetConfig                        0x08002659   Thumb Code    84  stm32f1xx_hal_tim.o(i.TIM_OC2_SetConfig)
    Turn_Motor                               0x08002795   Thumb Code    52  motor.o(i.Turn_Motor)
    UART_Start_Receive_DMA                   0x08002ab1   Thumb Code   130  stm32f1xx_hal_uart.o(i.UART_Start_Receive_DMA)
    USART2_IRQHandler                        0x08002b41   Thumb Code     6  stm32f1xx_it.o(i.USART2_IRQHandler)
    USART3_IRQHandler                        0x08002b4d   Thumb Code     6  stm32f1xx_it.o(i.USART3_IRQHandler)
    UsageFault_Handler                       0x08002b59   Thumb Code     2  stm32f1xx_it.o(i.UsageFault_Handler)
    YaoKong_Move                             0x08002b5d   Thumb Code   106  car_solution.o(i.YaoKong_Move)
    main                                     0x08002bf9   Thumb Code   188  main.o(i.main)
    __aeabi_d2f                              0x08002cd9   Thumb Code     0  d2f.o(x$fpl$d2f)
    _d2f                                     0x08002cd9   Thumb Code    98  d2f.o(x$fpl$d2f)
    __aeabi_dadd                             0x08002d3d   Thumb Code     0  daddsub_clz.o(x$fpl$dadd)
    _dadd                                    0x08002d3d   Thumb Code   332  daddsub_clz.o(x$fpl$dadd)
    __fpl_dcheck_NaN1                        0x08002e8d   Thumb Code    10  dcheck1.o(x$fpl$dcheck1)
    __aeabi_dmul                             0x08002e9d   Thumb Code     0  dmul.o(x$fpl$dmul)
    _dmul                                    0x08002e9d   Thumb Code   332  dmul.o(x$fpl$dmul)
    __fpl_dnaninf                            0x08002ff1   Thumb Code   156  dnaninf.o(x$fpl$dnaninf)
    __fpl_dretinf                            0x0800308d   Thumb Code    12  dretinf.o(x$fpl$dretinf)
    __aeabi_dsub                             0x08003099   Thumb Code     0  daddsub_clz.o(x$fpl$dsub)
    _dsub                                    0x08003099   Thumb Code   464  daddsub_clz.o(x$fpl$dsub)
    __aeabi_f2d                              0x0800326d   Thumb Code     0  f2d.o(x$fpl$f2d)
    _f2d                                     0x0800326d   Thumb Code    86  f2d.o(x$fpl$f2d)
    __aeabi_fadd                             0x080032c5   Thumb Code     0  faddsub_clz.o(x$fpl$fadd)
    _fadd                                    0x080032c5   Thumb Code   196  faddsub_clz.o(x$fpl$fadd)
    __fpl_fcheck_NaN1                        0x08003389   Thumb Code     6  fcheck1.o(x$fpl$fcheck1)
    __aeabi_fdiv                             0x08003395   Thumb Code     0  fdiv.o(x$fpl$fdiv)
    _fdiv                                    0x08003395   Thumb Code   384  fdiv.o(x$fpl$fdiv)
    __aeabi_f2iz                             0x08003519   Thumb Code     0  ffix.o(x$fpl$ffix)
    _ffix                                    0x08003519   Thumb Code    54  ffix.o(x$fpl$ffix)
    __aeabi_f2uiz                            0x08003551   Thumb Code     0  ffixu.o(x$fpl$ffixu)
    _ffixu                                   0x08003551   Thumb Code    62  ffixu.o(x$fpl$ffixu)
    __aeabi_i2f                              0x08003591   Thumb Code     0  fflt_clz.o(x$fpl$fflt)
    _fflt                                    0x08003591   Thumb Code    48  fflt_clz.o(x$fpl$fflt)
    __aeabi_ui2f                             0x080035c1   Thumb Code     0  fflt_clz.o(x$fpl$ffltu)
    _ffltu                                   0x080035c1   Thumb Code    38  fflt_clz.o(x$fpl$ffltu)
    __aeabi_fmul                             0x080035e9   Thumb Code     0  fmul.o(x$fpl$fmul)
    _fmul                                    0x080035e9   Thumb Code   258  fmul.o(x$fpl$fmul)
    __fpl_fnaninf                            0x080036eb   Thumb Code   140  fnaninf.o(x$fpl$fnaninf)
    __fpl_fretinf                            0x08003777   Thumb Code    10  fretinf.o(x$fpl$fretinf)
    __aeabi_frsub                            0x08003781   Thumb Code     0  faddsub_clz.o(x$fpl$frsb)
    _frsb                                    0x08003781   Thumb Code    20  faddsub_clz.o(x$fpl$frsb)
    __aeabi_fsub                             0x08003795   Thumb Code     0  faddsub_clz.o(x$fpl$fsub)
    _fsub                                    0x08003795   Thumb Code   234  faddsub_clz.o(x$fpl$fsub)
    __fpl_return_NaN                         0x0800387f   Thumb Code   100  retnan.o(x$fpl$retnan)
    __ARM_scalbn                             0x080038e3   Thumb Code    92  scalbn.o(x$fpl$scalbn)
    __ARM_scalbnf                            0x0800393f   Thumb Code    76  scalbnf.o(x$fpl$scalbnf)
    __fpl_cmpreturn                          0x0800398b   Thumb Code    48  trapv.o(x$fpl$trapveneer)
    __I$use$fp                               0x080039ba   Number         0  usenofp.o(x$fpl$usenofp)
    AHBPrescTable                            0x080039cc   Data          16  system_stm32f1xx.o(.constdata)
    APBPrescTable                            0x080039dc   Data           8  system_stm32f1xx.o(.constdata)
    Region$$Table$$Base                      0x080039e4   Number         0  anon$$obj.o(Region$$Table)
    Region$$Table$$Limit                     0x08003a04   Number         0  anon$$obj.o(Region$$Table)
    NowMode                                  0x20000000   Data           1  esp32.o(.data)
    X_N                                      0x20000002   Data           2  esp32.o(.data)
    Y_N                                      0x20000004   Data           2  esp32.o(.data)
    Ax                                       0x20000008   Data           4  esp32.o(.data)
    Ay                                       0x2000000c   Data           4  esp32.o(.data)
    Now_Motor                                0x20000010   Data           1  motor.o(.data)
    M0                                       0x20000014   Data           4  motor.o(.data)
    ROS_ReceiveData                          0x20000018   Data           4  uart_ros.o(.data)
    flag_TIM                                 0x20000030   Data           1  main.o(.data)
    Tick                                     0x20000031   Data           1  main.o(.data)
    flag_Ros                                 0x20000032   Data           1  main.o(.data)
    flag_ESP                                 0x20000033   Data           1  main.o(.data)
    Count_Motor                              0x20000034   Data           1  main.o(.data)
    uwTickFreq                               0x20000038   Data           1  stm32f1xx_hal.o(.data)
    uwTickPrio                               0x2000003c   Data           4  stm32f1xx_hal.o(.data)
    uwTick                                   0x20000040   Data           4  stm32f1xx_hal.o(.data)
    SystemCoreClock                          0x20000044   Data           4  system_stm32f1xx.o(.data)
    ESP32_Data                               0x20000048   Data          10  esp32.o(.bss)
    M1                                       0x20000054   Data          60  motor.o(.bss)
    M2                                       0x20000090   Data          60  motor.o(.bss)
    M3                                       0x200000cc   Data          60  motor.o(.bss)
    M4                                       0x20000108   Data          60  motor.o(.bss)
    Raw_Speed                                0x20000144   Data          12  uart_ros.o(.bss)
    htim1                                    0x20000150   Data          72  tim.o(.bss)
    htim2                                    0x20000198   Data          72  tim.o(.bss)
    htim3                                    0x200001e0   Data          72  tim.o(.bss)
    htim4                                    0x20000228   Data          72  tim.o(.bss)
    huart2                                   0x20000270   Data          72  usart.o(.bss)
    huart3                                   0x200002b8   Data          72  usart.o(.bss)
    hdma_usart2_rx                           0x20000300   Data          68  usart.o(.bss)
    hdma_usart2_tx                           0x20000344   Data          68  usart.o(.bss)
    hdma_usart3_rx                           0x20000388   Data          68  usart.o(.bss)
    hdma_usart3_tx                           0x200003cc   Data          68  usart.o(.bss)
    __libspace_start                         0x20000410   Data          96  libspace.o(.bss)
    __temporary_stack_top$libspace           0x20000470   Data           0  libspace.o(.bss)



==============================================================================

Memory Map of the image

  Image Entry point : 0x080000ed

  Load Region LR_IROM1 (Base: 0x08000000, Size: 0x00003a4c, Max: 0x00010000, ABSOLUTE)

    Execution Region ER_IROM1 (Exec base: 0x08000000, Load base: 0x08000000, Size: 0x00003a04, Max: 0x00010000, ABSOLUTE)

    Exec Addr    Load Addr    Size         Type   Attr      Idx    E Section Name        Object

    0x08000000   0x08000000   0x000000ec   Data   RO            3    RESET               startup_stm32f103xb.o
    0x080000ec   0x080000ec   0x00000008   Code   RO         3135  * !!!main             c_w.l(__main.o)
    0x080000f4   0x080000f4   0x00000034   Code   RO         3351    !!!scatter          c_w.l(__scatter.o)
    0x08000128   0x08000128   0x0000001a   Code   RO         3353    !!handler_copy      c_w.l(__scatter_copy.o)
    0x08000142   0x08000142   0x00000002   PAD
    0x08000144   0x08000144   0x0000001c   Code   RO         3355    !!handler_zi        c_w.l(__scatter_zi.o)
    0x08000160   0x08000160   0x00000002   Code   RO         3219    .ARM.Collect$$libinit$$00000000  c_w.l(libinit.o)
    0x08000162   0x08000162   0x00000000   Code   RO         3228    .ARM.Collect$$libinit$$00000002  c_w.l(libinit2.o)
    0x08000162   0x08000162   0x00000000   Code   RO         3230    .ARM.Collect$$libinit$$00000004  c_w.l(libinit2.o)
    0x08000162   0x08000162   0x00000000   Code   RO         3233    .ARM.Collect$$libinit$$0000000A  c_w.l(libinit2.o)
    0x08000162   0x08000162   0x00000000   Code   RO         3235    .ARM.Collect$$libinit$$0000000C  c_w.l(libinit2.o)
    0x08000162   0x08000162   0x00000000   Code   RO         3237    .ARM.Collect$$libinit$$0000000E  c_w.l(libinit2.o)
    0x08000162   0x08000162   0x00000000   Code   RO         3240    .ARM.Collect$$libinit$$00000011  c_w.l(libinit2.o)
    0x08000162   0x08000162   0x00000000   Code   RO         3242    .ARM.Collect$$libinit$$00000013  c_w.l(libinit2.o)
    0x08000162   0x08000162   0x00000000   Code   RO         3244    .ARM.Collect$$libinit$$00000015  c_w.l(libinit2.o)
    0x08000162   0x08000162   0x00000000   Code   RO         3246    .ARM.Collect$$libinit$$00000017  c_w.l(libinit2.o)
    0x08000162   0x08000162   0x00000000   Code   RO         3248    .ARM.Collect$$libinit$$00000019  c_w.l(libinit2.o)
    0x08000162   0x08000162   0x00000000   Code   RO         3250    .ARM.Collect$$libinit$$0000001B  c_w.l(libinit2.o)
    0x08000162   0x08000162   0x00000000   Code   RO         3252    .ARM.Collect$$libinit$$0000001D  c_w.l(libinit2.o)
    0x08000162   0x08000162   0x00000000   Code   RO         3254    .ARM.Collect$$libinit$$0000001F  c_w.l(libinit2.o)
    0x08000162   0x08000162   0x00000000   Code   RO         3256    .ARM.Collect$$libinit$$00000021  c_w.l(libinit2.o)
    0x08000162   0x08000162   0x00000000   Code   RO         3258    .ARM.Collect$$libinit$$00000023  c_w.l(libinit2.o)
    0x08000162   0x08000162   0x00000000   Code   RO         3260    .ARM.Collect$$libinit$$00000025  c_w.l(libinit2.o)
    0x08000162   0x08000162   0x00000000   Code   RO         3264    .ARM.Collect$$libinit$$0000002C  c_w.l(libinit2.o)
    0x08000162   0x08000162   0x00000000   Code   RO         3266    .ARM.Collect$$libinit$$0000002E  c_w.l(libinit2.o)
    0x08000162   0x08000162   0x00000000   Code   RO         3268    .ARM.Collect$$libinit$$00000030  c_w.l(libinit2.o)
    0x08000162   0x08000162   0x00000000   Code   RO         3270    .ARM.Collect$$libinit$$00000032  c_w.l(libinit2.o)
    0x08000162   0x08000162   0x00000002   Code   RO         3271    .ARM.Collect$$libinit$$00000033  c_w.l(libinit2.o)
    0x08000164   0x08000164   0x00000002   Code   RO         3291    .ARM.Collect$$libshutdown$$00000000  c_w.l(libshutdown.o)
    0x08000166   0x08000166   0x00000000   Code   RO         3304    .ARM.Collect$$libshutdown$$00000002  c_w.l(libshutdown2.o)
    0x08000166   0x08000166   0x00000000   Code   RO         3306    .ARM.Collect$$libshutdown$$00000004  c_w.l(libshutdown2.o)
    0x08000166   0x08000166   0x00000000   Code   RO         3309    .ARM.Collect$$libshutdown$$00000007  c_w.l(libshutdown2.o)
    0x08000166   0x08000166   0x00000000   Code   RO         3312    .ARM.Collect$$libshutdown$$0000000A  c_w.l(libshutdown2.o)
    0x08000166   0x08000166   0x00000000   Code   RO         3314    .ARM.Collect$$libshutdown$$0000000C  c_w.l(libshutdown2.o)
    0x08000166   0x08000166   0x00000000   Code   RO         3317    .ARM.Collect$$libshutdown$$0000000F  c_w.l(libshutdown2.o)
    0x08000166   0x08000166   0x00000002   Code   RO         3318    .ARM.Collect$$libshutdown$$00000010  c_w.l(libshutdown2.o)
    0x08000168   0x08000168   0x00000000   Code   RO         3179    .ARM.Collect$$rtentry$$00000000  c_w.l(__rtentry.o)
    0x08000168   0x08000168   0x00000000   Code   RO         3194    .ARM.Collect$$rtentry$$00000002  c_w.l(__rtentry2.o)
    0x08000168   0x08000168   0x00000006   Code   RO         3206    .ARM.Collect$$rtentry$$00000004  c_w.l(__rtentry4.o)
    0x0800016e   0x0800016e   0x00000000   Code   RO         3196    .ARM.Collect$$rtentry$$00000009  c_w.l(__rtentry2.o)
    0x0800016e   0x0800016e   0x00000004   Code   RO         3197    .ARM.Collect$$rtentry$$0000000A  c_w.l(__rtentry2.o)
    0x08000172   0x08000172   0x00000000   Code   RO         3199    .ARM.Collect$$rtentry$$0000000C  c_w.l(__rtentry2.o)
    0x08000172   0x08000172   0x00000008   Code   RO         3200    .ARM.Collect$$rtentry$$0000000D  c_w.l(__rtentry2.o)
    0x0800017a   0x0800017a   0x00000002   Code   RO         3225    .ARM.Collect$$rtexit$$00000000  c_w.l(rtexit.o)
    0x0800017c   0x0800017c   0x00000000   Code   RO         3273    .ARM.Collect$$rtexit$$00000002  c_w.l(rtexit2.o)
    0x0800017c   0x0800017c   0x00000004   Code   RO         3274    .ARM.Collect$$rtexit$$00000003  c_w.l(rtexit2.o)
    0x08000180   0x08000180   0x00000006   Code   RO         3275    .ARM.Collect$$rtexit$$00000004  c_w.l(rtexit2.o)
    0x08000186   0x08000186   0x00000002   PAD
    0x08000188   0x08000188   0x00000040   Code   RO            4    .text               startup_stm32f103xb.o
    0x080001c8   0x080001c8   0x0000004e   Code   RO         3131    .text               c_w.l(rt_memclr_w.o)
    0x08000216   0x08000216   0x00000006   Code   RO         3133    .text               c_w.l(heapauxi.o)
    0x0800021c   0x0800021c   0x0000004a   Code   RO         3210    .text               c_w.l(sys_stackheap_outer.o)
    0x08000266   0x08000266   0x00000012   Code   RO         3212    .text               c_w.l(exit.o)
    0x08000278   0x08000278   0x00000008   Code   RO         3222    .text               c_w.l(libspace.o)
    0x08000280   0x08000280   0x0000000c   Code   RO         3283    .text               c_w.l(sys_exit.o)
    0x0800028c   0x0800028c   0x00000002   Code   RO         3294    .text               c_w.l(use_no_semi.o)
    0x0800028e   0x0800028e   0x00000000   Code   RO         3296    .text               c_w.l(indicate_semi.o)
    0x0800028e   0x0800028e   0x00000002   Code   RO          601    i.BusFault_Handler  stm32f1xx_it.o
    0x08000290   0x08000290   0x0000000c   Code   RO          602    i.DMA1_Channel2_IRQHandler  stm32f1xx_it.o
    0x0800029c   0x0800029c   0x0000000c   Code   RO          603    i.DMA1_Channel3_IRQHandler  stm32f1xx_it.o
    0x080002a8   0x080002a8   0x0000000c   Code   RO          604    i.DMA1_Channel6_IRQHandler  stm32f1xx_it.o
    0x080002b4   0x080002b4   0x0000000c   Code   RO          605    i.DMA1_Channel7_IRQHandler  stm32f1xx_it.o
    0x080002c0   0x080002c0   0x0000002a   Code   RO         2132    i.DMA_SetConfig     stm32f1xx_hal_dma.o
    0x080002ea   0x080002ea   0x00000002   Code   RO          606    i.DebugMon_Handler  stm32f1xx_it.o
    0x080002ec   0x080002ec   0x00000104   Code   RO          179    i.ESP32_Analysis    esp32.o
    0x080003f0   0x080003f0   0x00000004   Code   RO          344    i.Error_Handler     main.o
    0x080003f4   0x080003f4   0x00000028   Code   RO          230    i.Get_Speed         motor.o
    0x0800041c   0x0800041c   0x00000010   Code   RO           13    i.Getup_backArm     car_solution.o
    0x0800042c   0x0800042c   0x00000014   Code   RO           14    i.Getup_prveArm_1   car_solution.o
    0x08000440   0x08000440   0x00000014   Code   RO           15    i.Getup_prveArm_2   car_solution.o
    0x08000454   0x08000454   0x00000046   Code   RO         2133    i.HAL_DMA_Abort     stm32f1xx_hal_dma.o
    0x0800049a   0x0800049a   0x00000002   PAD
    0x0800049c   0x0800049c   0x00000098   Code   RO         2134    i.HAL_DMA_Abort_IT  stm32f1xx_hal_dma.o
    0x08000534   0x08000534   0x00000154   Code   RO         2138    i.HAL_DMA_IRQHandler  stm32f1xx_hal_dma.o
    0x08000688   0x08000688   0x0000005c   Code   RO         2139    i.HAL_DMA_Init      stm32f1xx_hal_dma.o
    0x080006e4   0x080006e4   0x00000070   Code   RO         2143    i.HAL_DMA_Start_IT  stm32f1xx_hal_dma.o
    0x08000754   0x08000754   0x00000024   Code   RO         1759    i.HAL_Delay         stm32f1xx_hal.o
    0x08000778   0x08000778   0x000001e0   Code   RO         2069    i.HAL_GPIO_Init     stm32f1xx_hal_gpio.o
    0x08000958   0x08000958   0x0000000a   Code   RO         2073    i.HAL_GPIO_WritePin  stm32f1xx_hal_gpio.o
    0x08000962   0x08000962   0x00000002   PAD
    0x08000964   0x08000964   0x0000000c   Code   RO         1763    i.HAL_GetTick       stm32f1xx_hal.o
    0x08000970   0x08000970   0x00000060   Code   RO          345    i.HAL_IncTick       main.o
    0x080009d0   0x080009d0   0x00000024   Code   RO         1770    i.HAL_Init          stm32f1xx_hal.o
    0x080009f4   0x080009f4   0x00000040   Code   RO         1771    i.HAL_InitTick      stm32f1xx_hal.o
    0x08000a34   0x08000a34   0x0000003c   Code   RO          719    i.HAL_MspInit       stm32f1xx_hal_msp.o
    0x08000a70   0x08000a70   0x0000001a   Code   RO         2229    i.HAL_NVIC_EnableIRQ  stm32f1xx_hal_cortex.o
    0x08000a8a   0x08000a8a   0x00000002   PAD
    0x08000a8c   0x08000a8c   0x00000040   Code   RO         2235    i.HAL_NVIC_SetPriority  stm32f1xx_hal_cortex.o
    0x08000acc   0x08000acc   0x00000024   Code   RO         2236    i.HAL_NVIC_SetPriorityGrouping  stm32f1xx_hal_cortex.o
    0x08000af0   0x08000af0   0x0000012c   Code   RO         1927    i.HAL_RCC_ClockConfig  stm32f1xx_hal_rcc.o
    0x08000c1c   0x08000c1c   0x00000020   Code   RO         1934    i.HAL_RCC_GetPCLK1Freq  stm32f1xx_hal_rcc.o
    0x08000c3c   0x08000c3c   0x00000020   Code   RO         1935    i.HAL_RCC_GetPCLK2Freq  stm32f1xx_hal_rcc.o
    0x08000c5c   0x08000c5c   0x0000004c   Code   RO         1936    i.HAL_RCC_GetSysClockFreq  stm32f1xx_hal_rcc.o
    0x08000ca8   0x08000ca8   0x00000320   Code   RO         1939    i.HAL_RCC_OscConfig  stm32f1xx_hal_rcc.o
    0x08000fc8   0x08000fc8   0x00000028   Code   RO         2240    i.HAL_SYSTICK_Config  stm32f1xx_hal_cortex.o
    0x08000ff0   0x08000ff0   0x00000002   Code   RO         1485    i.HAL_TIMEx_BreakCallback  stm32f1xx_hal_tim_ex.o
    0x08000ff2   0x08000ff2   0x00000002   Code   RO         1486    i.HAL_TIMEx_CommutCallback  stm32f1xx_hal_tim_ex.o
    0x08000ff4   0x08000ff4   0x00000054   Code   RO         1488    i.HAL_TIMEx_ConfigBreakDeadTime  stm32f1xx_hal_tim_ex.o
    0x08001048   0x08001048   0x00000068   Code   RO         1504    i.HAL_TIMEx_MasterConfigSynchronization  stm32f1xx_hal_tim_ex.o
    0x080010b0   0x080010b0   0x0000005a   Code   RO          781    i.HAL_TIM_Base_Init  stm32f1xx_hal_tim.o
    0x0800110a   0x0800110a   0x00000002   PAD
    0x0800110c   0x0800110c   0x00000050   Code   RO          464    i.HAL_TIM_Base_MspInit  tim.o
    0x0800115c   0x0800115c   0x00000058   Code   RO          786    i.HAL_TIM_Base_Start_IT  stm32f1xx_hal_tim.o
    0x080011b4   0x080011b4   0x00000030   Code   RO          789    i.HAL_TIM_Base_Stop_IT  stm32f1xx_hal_tim.o
    0x080011e4   0x080011e4   0x000000dc   Code   RO          790    i.HAL_TIM_ConfigClockSource  stm32f1xx_hal_tim.o
    0x080012c0   0x080012c0   0x000000a4   Code   RO          802    i.HAL_TIM_Encoder_Init  stm32f1xx_hal_tim.o
    0x08001364   0x08001364   0x00000054   Code   RO          466    i.HAL_TIM_Encoder_MspInit  tim.o
    0x080013b8   0x080013b8   0x0000008e   Code   RO          805    i.HAL_TIM_Encoder_Start  stm32f1xx_hal_tim.o
    0x08001446   0x08001446   0x00000002   Code   RO          815    i.HAL_TIM_IC_CaptureCallback  stm32f1xx_hal_tim.o
    0x08001448   0x08001448   0x00000130   Code   RO          829    i.HAL_TIM_IRQHandler  stm32f1xx_hal_tim.o
    0x08001578   0x08001578   0x00000098   Code   RO          467    i.HAL_TIM_MspPostInit  tim.o
    0x08001610   0x08001610   0x00000002   Code   RO          832    i.HAL_TIM_OC_DelayElapsedCallback  stm32f1xx_hal_tim.o
    0x08001612   0x08001612   0x000000cc   Code   RO          853    i.HAL_TIM_PWM_ConfigChannel  stm32f1xx_hal_tim.o
    0x080016de   0x080016de   0x0000005a   Code   RO          856    i.HAL_TIM_PWM_Init  stm32f1xx_hal_tim.o
    0x08001738   0x08001738   0x00000028   Code   RO          469    i.HAL_TIM_PWM_MspInit  tim.o
    0x08001760   0x08001760   0x00000002   Code   RO          859    i.HAL_TIM_PWM_PulseFinishedCallback  stm32f1xx_hal_tim.o
    0x08001762   0x08001762   0x00000002   PAD
    0x08001764   0x08001764   0x0000009c   Code   RO          861    i.HAL_TIM_PWM_Start  stm32f1xx_hal_tim.o
    0x08001800   0x08001800   0x00000098   Code   RO          346    i.HAL_TIM_PeriodElapsedCallback  main.o
    0x08001898   0x08001898   0x00000002   Code   RO          872    i.HAL_TIM_TriggerCallback  stm32f1xx_hal_tim.o
    0x0800189a   0x0800189a   0x00000002   Code   RO         2741    i.HAL_UARTEx_RxEventCallback  stm32f1xx_hal_uart.o
    0x0800189c   0x0800189c   0x00000002   Code   RO         2755    i.HAL_UART_ErrorCallback  stm32f1xx_hal_uart.o
    0x0800189e   0x0800189e   0x00000002   PAD
    0x080018a0   0x080018a0   0x0000026c   Code   RO         2758    i.HAL_UART_IRQHandler  stm32f1xx_hal_uart.o
    0x08001b0c   0x08001b0c   0x00000064   Code   RO         2759    i.HAL_UART_Init     stm32f1xx_hal_uart.o
    0x08001b70   0x08001b70   0x0000018c   Code   RO          554    i.HAL_UART_MspInit  usart.o
    0x08001cfc   0x08001cfc   0x0000001c   Code   RO         2763    i.HAL_UART_Receive_DMA  stm32f1xx_hal_uart.o
    0x08001d18   0x08001d18   0x00000084   Code   RO          347    i.HAL_UART_RxCpltCallback  main.o
    0x08001d9c   0x08001d9c   0x00000002   Code   RO         2766    i.HAL_UART_RxHalfCpltCallback  stm32f1xx_hal_uart.o
    0x08001d9e   0x08001d9e   0x00000002   Code   RO         2770    i.HAL_UART_TxCpltCallback  stm32f1xx_hal_uart.o
    0x08001da0   0x08001da0   0x00000002   Code   RO          607    i.HardFault_Handler  stm32f1xx_it.o
    0x08001da2   0x08001da2   0x00000002   PAD
    0x08001da4   0x08001da4   0x0000005c   Code   RO          439    i.MX_DMA_Init       dma.o
    0x08001e00   0x08001e00   0x000000bc   Code   RO          415    i.MX_GPIO_Init      gpio.o
    0x08001ebc   0x08001ebc   0x000000c4   Code   RO          470    i.MX_TIM1_Init      tim.o
    0x08001f80   0x08001f80   0x00000068   Code   RO          471    i.MX_TIM2_Init      tim.o
    0x08001fe8   0x08001fe8   0x000000c8   Code   RO          472    i.MX_TIM3_Init      tim.o
    0x080020b0   0x080020b0   0x0000006c   Code   RO          473    i.MX_TIM4_Init      tim.o
    0x0800211c   0x0800211c   0x00000038   Code   RO          555    i.MX_USART2_UART_Init  usart.o
    0x08002154   0x08002154   0x00000038   Code   RO          556    i.MX_USART3_UART_Init  usart.o
    0x0800218c   0x0800218c   0x00000002   Code   RO          608    i.MemManage_Handler  stm32f1xx_it.o
    0x0800218e   0x0800218e   0x00000002   PAD
    0x08002190   0x08002190   0x0000007c   Code   RO          231    i.Motor_Init        motor.o
    0x0800220c   0x0800220c   0x000000a4   Code   RO           16    i.Move_Transfrom    car_solution.o
    0x080022b0   0x080022b0   0x00000002   Code   RO          609    i.NMI_Handler       stm32f1xx_it.o
    0x080022b2   0x080022b2   0x00000002   PAD
    0x080022b4   0x080022b4   0x00000084   Code   RO          232    i.PID_Motor         motor.o
    0x08002338   0x08002338   0x00000002   Code   RO          610    i.PendSV_Handler    stm32f1xx_it.o
    0x0800233a   0x0800233a   0x00000002   PAD
    0x0800233c   0x0800233c   0x00000010   Code   RO           17    i.Putdown_backArm   car_solution.o
    0x0800234c   0x0800234c   0x00000014   Code   RO           18    i.Putdown_prveArm   car_solution.o
    0x08002360   0x08002360   0x00000064   Code   RO          304    i.ROS_DataAnalysis  uart_ros.o
    0x080023c4   0x080023c4   0x00000002   Code   RO          611    i.SVC_Handler       stm32f1xx_it.o
    0x080023c6   0x080023c6   0x00000002   PAD
    0x080023c8   0x080023c8   0x00000028   Code   RO           19    i.Servo_Init        car_solution.o
    0x080023f0   0x080023f0   0x00000004   Code   RO          234    i.Set_ExSpeed       motor.o
    0x080023f4   0x080023f4   0x00000068   Code   RO          235    i.Set_Speed         motor.o
    0x0800245c   0x0800245c   0x00000084   Code   RO          236    i.Struct_Init       motor.o
    0x080024e0   0x080024e0   0x00000004   Code   RO          612    i.SysTick_Handler   stm32f1xx_it.o
    0x080024e4   0x080024e4   0x0000005e   Code   RO          348    i.SystemClock_Config  main.o
    0x08002542   0x08002542   0x00000002   Code   RO         3093    i.SystemInit        system_stm32f1xx.o
    0x08002544   0x08002544   0x0000000c   Code   RO          613    i.TIM2_IRQHandler   stm32f1xx_it.o
    0x08002550   0x08002550   0x00000078   Code   RO          874    i.TIM_Base_SetConfig  stm32f1xx_hal_tim.o
    0x080025c8   0x080025c8   0x0000001a   Code   RO          875    i.TIM_CCxChannelCmd  stm32f1xx_hal_tim.o
    0x080025e2   0x080025e2   0x00000014   Code   RO          885    i.TIM_ETR_SetConfig  stm32f1xx_hal_tim.o
    0x080025f6   0x080025f6   0x00000010   Code   RO          886    i.TIM_ITRx_SetConfig  stm32f1xx_hal_tim.o
    0x08002606   0x08002606   0x00000002   PAD
    0x08002608   0x08002608   0x00000050   Code   RO          887    i.TIM_OC1_SetConfig  stm32f1xx_hal_tim.o
    0x08002658   0x08002658   0x00000058   Code   RO          888    i.TIM_OC2_SetConfig  stm32f1xx_hal_tim.o
    0x080026b0   0x080026b0   0x00000058   Code   RO          889    i.TIM_OC3_SetConfig  stm32f1xx_hal_tim.o
    0x08002708   0x08002708   0x00000044   Code   RO          890    i.TIM_OC4_SetConfig  stm32f1xx_hal_tim.o
    0x0800274c   0x0800274c   0x00000022   Code   RO          892    i.TIM_TI1_ConfigInputStage  stm32f1xx_hal_tim.o
    0x0800276e   0x0800276e   0x00000024   Code   RO          894    i.TIM_TI2_ConfigInputStage  stm32f1xx_hal_tim.o
    0x08002792   0x08002792   0x00000002   PAD
    0x08002794   0x08002794   0x00000038   Code   RO          237    i.Turn_Motor        motor.o
    0x080027cc   0x080027cc   0x00000010   Code   RO         2772    i.UART_DMAAbortOnError  stm32f1xx_hal_uart.o
    0x080027dc   0x080027dc   0x0000004a   Code   RO         2773    i.UART_DMAError     stm32f1xx_hal_uart.o
    0x08002826   0x08002826   0x00000086   Code   RO         2774    i.UART_DMAReceiveCplt  stm32f1xx_hal_uart.o
    0x080028ac   0x080028ac   0x0000001e   Code   RO         2776    i.UART_DMARxHalfCplt  stm32f1xx_hal_uart.o
    0x080028ca   0x080028ca   0x0000004e   Code   RO         2782    i.UART_EndRxTransfer  stm32f1xx_hal_uart.o
    0x08002918   0x08002918   0x0000001c   Code   RO         2783    i.UART_EndTxTransfer  stm32f1xx_hal_uart.o
    0x08002934   0x08002934   0x000000c2   Code   RO         2784    i.UART_Receive_IT   stm32f1xx_hal_uart.o
    0x080029f6   0x080029f6   0x00000002   PAD
    0x080029f8   0x080029f8   0x000000b8   Code   RO         2785    i.UART_SetConfig    stm32f1xx_hal_uart.o
    0x08002ab0   0x08002ab0   0x00000090   Code   RO         2786    i.UART_Start_Receive_DMA  stm32f1xx_hal_uart.o
    0x08002b40   0x08002b40   0x0000000c   Code   RO          614    i.USART2_IRQHandler  stm32f1xx_it.o
    0x08002b4c   0x08002b4c   0x0000000c   Code   RO          615    i.USART3_IRQHandler  stm32f1xx_it.o
    0x08002b58   0x08002b58   0x00000002   Code   RO          616    i.UsageFault_Handler  stm32f1xx_it.o
    0x08002b5a   0x08002b5a   0x00000002   PAD
    0x08002b5c   0x08002b5c   0x0000007c   Code   RO           20    i.YaoKong_Move      car_solution.o
    0x08002bd8   0x08002bd8   0x00000020   Code   RO         2242    i.__NVIC_SetPriority  stm32f1xx_hal_cortex.o
    0x08002bf8   0x08002bf8   0x000000e0   Code   RO          349    i.main              main.o
    0x08002cd8   0x08002cd8   0x00000062   Code   RO         3137    x$fpl$d2f           fz_ws.l(d2f.o)
    0x08002d3a   0x08002d3a   0x00000002   PAD
    0x08002d3c   0x08002d3c   0x00000150   Code   RO         3139    x$fpl$dadd          fz_ws.l(daddsub_clz.o)
    0x08002e8c   0x08002e8c   0x00000010   Code   RO         3180    x$fpl$dcheck1       fz_ws.l(dcheck1.o)
    0x08002e9c   0x08002e9c   0x00000154   Code   RO         3145    x$fpl$dmul          fz_ws.l(dmul.o)
    0x08002ff0   0x08002ff0   0x0000009c   Code   RO         3182    x$fpl$dnaninf       fz_ws.l(dnaninf.o)
    0x0800308c   0x0800308c   0x0000000c   Code   RO         3184    x$fpl$dretinf       fz_ws.l(dretinf.o)
    0x08003098   0x08003098   0x000001d4   Code   RO         3141    x$fpl$dsub          fz_ws.l(daddsub_clz.o)
    0x0800326c   0x0800326c   0x00000056   Code   RO         3147    x$fpl$f2d           fz_ws.l(f2d.o)
    0x080032c2   0x080032c2   0x00000002   PAD
    0x080032c4   0x080032c4   0x000000c4   Code   RO         3149    x$fpl$fadd          fz_ws.l(faddsub_clz.o)
    0x08003388   0x08003388   0x0000000c   Code   RO         3186    x$fpl$fcheck1       fz_ws.l(fcheck1.o)
    0x08003394   0x08003394   0x00000184   Code   RO         3156    x$fpl$fdiv          fz_ws.l(fdiv.o)
    0x08003518   0x08003518   0x00000036   Code   RO         3159    x$fpl$ffix          fz_ws.l(ffix.o)
    0x0800354e   0x0800354e   0x00000002   PAD
    0x08003550   0x08003550   0x0000003e   Code   RO         3163    x$fpl$ffixu         fz_ws.l(ffixu.o)
    0x0800358e   0x0800358e   0x00000002   PAD
    0x08003590   0x08003590   0x00000030   Code   RO         3168    x$fpl$fflt          fz_ws.l(fflt_clz.o)
    0x080035c0   0x080035c0   0x00000026   Code   RO         3167    x$fpl$ffltu         fz_ws.l(fflt_clz.o)
    0x080035e6   0x080035e6   0x00000002   PAD
    0x080035e8   0x080035e8   0x00000102   Code   RO         3173    x$fpl$fmul          fz_ws.l(fmul.o)
    0x080036ea   0x080036ea   0x0000008c   Code   RO         3188    x$fpl$fnaninf       fz_ws.l(fnaninf.o)
    0x08003776   0x08003776   0x0000000a   Code   RO         3190    x$fpl$fretinf       fz_ws.l(fretinf.o)
    0x08003780   0x08003780   0x00000014   Code   RO         3150    x$fpl$frsb          fz_ws.l(faddsub_clz.o)
    0x08003794   0x08003794   0x000000ea   Code   RO         3151    x$fpl$fsub          fz_ws.l(faddsub_clz.o)
    0x0800387e   0x0800387e   0x00000064   Code   RO         3208    x$fpl$retnan        fz_ws.l(retnan.o)
    0x080038e2   0x080038e2   0x0000005c   Code   RO         3175    x$fpl$scalbn        fz_ws.l(scalbn.o)
    0x0800393e   0x0800393e   0x0000004c   Code   RO         3177    x$fpl$scalbnf       fz_ws.l(scalbnf.o)
    0x0800398a   0x0800398a   0x00000030   Code   RO         3220    x$fpl$trapveneer    fz_ws.l(trapv.o)
    0x080039ba   0x080039ba   0x00000000   Code   RO         3192    x$fpl$usenofp       fz_ws.l(usenofp.o)
    0x080039ba   0x080039ba   0x00000012   Data   RO         1940    .constdata          stm32f1xx_hal_rcc.o
    0x080039cc   0x080039cc   0x00000010   Data   RO         3094    .constdata          system_stm32f1xx.o
    0x080039dc   0x080039dc   0x00000008   Data   RO         3095    .constdata          system_stm32f1xx.o
    0x080039e4   0x080039e4   0x00000020   Data   RO         3349    Region$$Table       anon$$obj.o


    Execution Region RW_IRAM1 (Exec base: 0x20000000, Load base: 0x08003a04, Size: 0x00000a70, Max: 0x00005000, ABSOLUTE)

    Exec Addr    Load Addr    Size         Type   Attr      Idx    E Section Name        Object

    0x20000000   0x08003a04   0x00000010   Data   RW          181    .data               esp32.o
    0x20000010   0x08003a14   0x00000008   Data   RW          239    .data               motor.o
    0x20000018   0x08003a1c   0x00000018   Data   RW          307    .data               uart_ros.o
    0x20000030   0x08003a34   0x00000005   Data   RW          350    .data               main.o
    0x20000035   0x08003a39   0x00000003   PAD
    0x20000038   0x08003a3c   0x0000000c   Data   RW         1777    .data               stm32f1xx_hal.o
    0x20000044   0x08003a48   0x00000004   Data   RW         3096    .data               system_stm32f1xx.o
    0x20000048        -       0x0000000a   Zero   RW          180    .bss                esp32.o
    0x20000052   0x08003a4c   0x00000002   PAD
    0x20000054        -       0x000000f0   Zero   RW          238    .bss                motor.o
    0x20000144        -       0x0000000c   Zero   RW          306    .bss                uart_ros.o
    0x20000150        -       0x00000120   Zero   RW          474    .bss                tim.o
    0x20000270        -       0x000001a0   Zero   RW          557    .bss                usart.o
    0x20000410        -       0x00000060   Zero   RW         3223    .bss                c_w.l(libspace.o)
    0x20000470        -       0x00000200   Zero   RW            2    HEAP                startup_stm32f103xb.o
    0x20000670        -       0x00000400   Zero   RW            1    STACK               startup_stm32f103xb.o


==============================================================================

Image component sizes


      Code (inc. data)   RO Data    RW Data    ZI Data      Debug   Object Name

       420         76          0          0          0     429509   car_solution.o
        92          4          0          0          0        786   dma.o
       260         26          0         16         10       1340   esp32.o
       188         12          0          0          0        951   gpio.o
       702        122          0          5          0       4284   main.o
       592         78          0          8        240       4985   motor.o
        64         26        236          0       1536        812   startup_stm32f103xb.o
       148         24          0         12          0       5439   stm32f1xx_hal.o
       198         14          0          0          0      28959   stm32f1xx_hal_cortex.o
       808         36          0          0          0       5006   stm32f1xx_hal_dma.o
       490         34          0          0          0       2896   stm32f1xx_hal_gpio.o
        60          8          0          0          0        878   stm32f1xx_hal_msp.o
      1240         84         18          0          0       5136   stm32f1xx_hal_rcc.o
      2090         56          0          0          0      18190   stm32f1xx_hal_tim.o
       192         12          0          0          0       3209   stm32f1xx_hal_tim_ex.o
      1638         24          0          0          0      12016   stm32f1xx_hal_uart.o
       104         42          0          0          0       7012   stm32f1xx_it.o
         2          0         24          4          0       1127   system_stm32f1xx.o
       964         88          0          0        288       5683   tim.o
       100         18          0         24         12       1421   uart_ros.o
       508         44          0          0        416       2727   usart.o

    ----------------------------------------------------------------------
     10890        828        310         72       2504     542366   Object Totals
         0          0         32          0          0          0   (incl. Generated)
        30          0          0          3          2          0   (incl. Padding)

    ----------------------------------------------------------------------

      Code (inc. data)   RO Data    RW Data    ZI Data      Debug   Library Member Name

         8          0          0          0          0         68   __main.o
         0          0          0          0          0          0   __rtentry.o
        12          0          0          0          0          0   __rtentry2.o
         6          0          0          0          0          0   __rtentry4.o
        52          8          0          0          0          0   __scatter.o
        26          0          0          0          0          0   __scatter_copy.o
        28          0          0          0          0          0   __scatter_zi.o
        18          0          0          0          0         80   exit.o
         6          0          0          0          0        152   heapauxi.o
         0          0          0          0          0          0   indicate_semi.o
         2          0          0          0          0          0   libinit.o
         2          0          0          0          0          0   libinit2.o
         2          0          0          0          0          0   libshutdown.o
         2          0          0          0          0          0   libshutdown2.o
         8          4          0          0         96         68   libspace.o
        78          0          0          0          0         80   rt_memclr_w.o
         2          0          0          0          0          0   rtexit.o
        10          0          0          0          0          0   rtexit2.o
        12          4          0          0          0         68   sys_exit.o
        74          0          0          0          0         80   sys_stackheap_outer.o
         2          0          0          0          0         68   use_no_semi.o
        98          4          0          0          0         92   d2f.o
       804         16          0          0          0        272   daddsub_clz.o
        16          4          0          0          0         68   dcheck1.o
       340         12          0          0          0        104   dmul.o
       156          4          0          0          0         92   dnaninf.o
        12          0          0          0          0         68   dretinf.o
        86          4          0          0          0         84   f2d.o
       450          8          0          0          0        236   faddsub_clz.o
        12          4          0          0          0         68   fcheck1.o
       388         76          0          0          0         96   fdiv.o
        54          4          0          0          0         84   ffix.o
        62          4          0          0          0         84   ffixu.o
        86          0          0          0          0        136   fflt_clz.o
       258          4          0          0          0         84   fmul.o
       140          4          0          0          0         84   fnaninf.o
        10          0          0          0          0         68   fretinf.o
       100          0          0          0          0         68   retnan.o
        92          0          0          0          0         68   scalbn.o
        76          0          0          0          0         68   scalbnf.o
        48          0          0          0          0         68   trapv.o
         0          0          0          0          0          0   usenofp.o

    ----------------------------------------------------------------------
      3652        164          0          0         96       2656   Library Totals
        14          0          0          0          0          0   (incl. Padding)

    ----------------------------------------------------------------------

      Code (inc. data)   RO Data    RW Data    ZI Data      Debug   Library Name

       350         16          0          0         96        664   c_w.l
      3288        148          0          0          0       1992   fz_ws.l

    ----------------------------------------------------------------------
      3652        164          0          0         96       2656   Library Totals

    ----------------------------------------------------------------------

==============================================================================


      Code (inc. data)   RO Data    RW Data    ZI Data      Debug   

     14542        992        310         72       2600     537582   Grand Totals
     14542        992        310         72       2600     537582   ELF Image Totals
     14542        992        310         72          0          0   ROM Totals

==============================================================================

    Total RO  Size (Code + RO Data)                14852 (  14.50kB)
    Total RW  Size (RW Data + ZI Data)              2672 (   2.61kB)
    Total ROM Size (Code + RO Data + RW Data)      14924 (  14.57kB)

==============================================================================

