<html>
<body>
<pre>
<h1>µVision Build Log</h1>
<h2>Tool Versions:</h2>
IDE-Version: ¦ÌVision V5.24.2.0
Copyright (C) 2017 ARM Ltd and ARM Germany GmbH. All rights reserved.
License Information: l HLlll, l, LIC=VGXG8-3DSVB-Z9SG9-4JJ2Y-QS64N-4PYAY
 
Tool Versions:
Toolchain:       MDK-ARM Plus  Version: 5.24.1
Toolchain Path:  C:\Keil_v5\ARM\ARMCC\Bin
C Compiler:      Armcc.exe V5.06 update 5 (build 528)
Assembler:       Armasm.exe V5.06 update 5 (build 528)
Linker/Locator:  ArmLink.exe V5.06 update 5 (build 528)
Library Manager: ArmAr.exe V5.06 update 5 (build 528)
Hex Converter:   FromElf.exe V5.06 update 5 (build 528)
CPU DLL:         SARMCM3.DLL V5.24.1
Dialog DLL:      DCM.DLL V1.16.0.0
Target DLL:      Segger\JL2CM3.dll V2.99.15.0
Dialog DLL:      TCM.DLL V1.32.0.0
 
<h2>Project:</h2>
C:\Users\HLlll\Desktop\MIC_Control 11.30.3\MIC_Control\MDK-ARM\MIC_Control.uvprojx
Project File Date:  11/29/2024

<h2>Output:</h2>
*** Using Compiler 'V5.06 update 5 (build 528)', folder: 'C:\Keil_v5\ARM\ARMCC\Bin'
Rebuild target 'MIC_Control'
assembling startup_stm32f103xb.s...
compiling dma.c...
compiling stm32f1xx_it.c...
compiling stm32f1xx_hal_gpio_ex.c...
compiling ESP32.c...
../Core/Inc/UART_ROS.h(13): warning:  #1295-D: Deprecated declaration ROS_DataAnalysis - give arg types
  int8_t ROS_DataAnalysis();
../Core/Inc/UART_ROS.h(14): warning:  #1295-D: Deprecated declaration Get_RosData - give arg types
  void Get_RosData();
../Core/Inc/UART_ROS.h(20): warning:  #1-D: last line of file ends without a newline
  #endif
../Core/Inc/Car_Solution.h(9): warning:  #1295-D: Deprecated declaration Getup_prveArm_1 - give arg types
  void Getup_prveArm_1();
../Core/Inc/Car_Solution.h(10): warning:  #1295-D: Deprecated declaration Putdown_prveArm - give arg types
  void Putdown_prveArm();
../Core/Inc/Car_Solution.h(11): warning:  #1295-D: Deprecated declaration Getup_backArm - give arg types
  void Getup_backArm();
../Core/Inc/Car_Solution.h(12): warning:  #1295-D: Deprecated declaration Putdown_backArm - give arg types
  void Putdown_backArm();
../Core/Inc/Car_Solution.h(13): warning:  #1295-D: Deprecated declaration Servo_Init - give arg types
  void Servo_Init();
../Core/Inc/Car_Solution.h(16): warning:  #1295-D: Deprecated declaration Getup_prveArm_2 - give arg types
  void Getup_prveArm_2();
../Core/Inc/Car_Solution.h(22): warning:  #1-D: last line of file ends without a newline
  #endif
../Core/Inc/ESP32.h(21): warning:  #1295-D: Deprecated declaration ESP32_Analysis - give arg types
  uint8_t ESP32_Analysis();
../Core/Inc/Motor.h(36): warning:  #1295-D: Deprecated declaration Motor_Init - give arg types
  void Motor_Init();						
../Core/Inc/Motor.h(37): warning:  #1295-D: Deprecated declaration Struct_Init - give arg types
  void Struct_Init();
../Core/Inc/Motor.h(49): warning:  #1-D: last line of file ends without a newline
  #endif
..\Core\Src\ESP32.c: 14 warnings, 0 errors
compiling Car_Solution.c...
../Core/Inc/Motor.h(36): warning:  #1295-D: Deprecated declaration Motor_Init - give arg types
  void Motor_Init();						
../Core/Inc/Motor.h(37): warning:  #1295-D: Deprecated declaration Struct_Init - give arg types
  void Struct_Init();
../Core/Inc/Motor.h(49): warning:  #1-D: last line of file ends without a newline
  #endif
..\Core\Src\Car_Solution.c(103): warning:  #1-D: last line of file ends without a newline
         
..\Core\Src\Car_Solution.c: 4 warnings, 0 errors
compiling stm32f1xx_hal_msp.c...
compiling gpio.c...
compiling UART_ROS.c...
../Core/Inc/Car_Solution.h(9): warning:  #1295-D: Deprecated declaration Getup_prveArm_1 - give arg types
  void Getup_prveArm_1();
../Core/Inc/Car_Solution.h(10): warning:  #1295-D: Deprecated declaration Putdown_prveArm - give arg types
  void Putdown_prveArm();
../Core/Inc/Car_Solution.h(11): warning:  #1295-D: Deprecated declaration Getup_backArm - give arg types
  void Getup_backArm();
../Core/Inc/Car_Solution.h(12): warning:  #1295-D: Deprecated declaration Putdown_backArm - give arg types
  void Putdown_backArm();
../Core/Inc/Car_Solution.h(13): warning:  #1295-D: Deprecated declaration Servo_Init - give arg types
  void Servo_Init();
../Core/Inc/Car_Solution.h(16): warning:  #1295-D: Deprecated declaration Getup_prveArm_2 - give arg types
  void Getup_prveArm_2();
../Core/Inc/Car_Solution.h(22): warning:  #1-D: last line of file ends without a newline
  #endif
../Core/Inc/Motor.h(36): warning:  #1295-D: Deprecated declaration Motor_Init - give arg types
  void Motor_Init();						
../Core/Inc/Motor.h(37): warning:  #1295-D: Deprecated declaration Struct_Init - give arg types
  void Struct_Init();
../Core/Inc/Motor.h(49): warning:  #1-D: last line of file ends without a newline
  #endif
..\Core\Src\UART_ROS.c: 10 warnings, 0 errors
compiling usart.c...
compiling Motor.c...
../Core/Inc/Motor.h(36): warning:  #1295-D: Deprecated declaration Motor_Init - give arg types
  void Motor_Init();						
../Core/Inc/Motor.h(37): warning:  #1295-D: Deprecated declaration Struct_Init - give arg types
  void Struct_Init();
../Core/Inc/Motor.h(49): warning:  #1-D: last line of file ends without a newline
  #endif
..\Core\Src\Motor.c(190): warning:  #1-D: last line of file ends without a newline
  }
..\Core\Src\Motor.c: 4 warnings, 0 errors
compiling tim.c...
compiling main.c...
../Core/Inc/UART_ROS.h(13): warning:  #1295-D: Deprecated declaration ROS_DataAnalysis - give arg types
  int8_t ROS_DataAnalysis();
../Core/Inc/UART_ROS.h(14): warning:  #1295-D: Deprecated declaration Get_RosData - give arg types
  void Get_RosData();
../Core/Inc/UART_ROS.h(20): warning:  #1-D: last line of file ends without a newline
  #endif
../Core/Inc/Car_Solution.h(9): warning:  #1295-D: Deprecated declaration Getup_prveArm_1 - give arg types
  void Getup_prveArm_1();
../Core/Inc/Car_Solution.h(10): warning:  #1295-D: Deprecated declaration Putdown_prveArm - give arg types
  void Putdown_prveArm();
../Core/Inc/Car_Solution.h(11): warning:  #1295-D: Deprecated declaration Getup_backArm - give arg types
  void Getup_backArm();
../Core/Inc/Car_Solution.h(12): warning:  #1295-D: Deprecated declaration Putdown_backArm - give arg types
  void Putdown_backArm();
../Core/Inc/Car_Solution.h(13): warning:  #1295-D: Deprecated declaration Servo_Init - give arg types
  void Servo_Init();
../Core/Inc/Car_Solution.h(16): warning:  #1295-D: Deprecated declaration Getup_prveArm_2 - give arg types
  void Getup_prveArm_2();
../Core/Inc/Car_Solution.h(22): warning:  #1-D: last line of file ends without a newline
  #endif
../Core/Inc/ESP32.h(21): warning:  #1295-D: Deprecated declaration ESP32_Analysis - give arg types
  uint8_t ESP32_Analysis();
../Core/Inc/Motor.h(36): warning:  #1295-D: Deprecated declaration Motor_Init - give arg types
  void Motor_Init();						
../Core/Inc/Motor.h(37): warning:  #1295-D: Deprecated declaration Struct_Init - give arg types
  void Struct_Init();
../Core/Inc/Motor.h(49): warning:  #1-D: last line of file ends without a newline
  #endif
../Core/Src/main.c: 14 warnings, 0 errors
compiling stm32f1xx_hal_tim.c...
compiling stm32f1xx_hal.c...
compiling stm32f1xx_hal_rcc_ex.c...
compiling stm32f1xx_hal_cortex.c...
compiling stm32f1xx_hal_exti.c...
compiling stm32f1xx_hal_gpio.c...
compiling stm32f1xx_hal_dma.c...
compiling stm32f1xx_hal_pwr.c...
compiling stm32f1xx_hal_rcc.c...
compiling stm32f1xx_hal_tim_ex.c...
compiling stm32f1xx_hal_flash_ex.c...
compiling stm32f1xx_hal_flash.c...
compiling stm32f1xx_hal_uart.c...
compiling system_stm32f1xx.c...
linking...
Program Size: Code=14542 RO-data=310 RW-data=72 ZI-data=2600  
FromELF: creating hex file...
"MIC_Control\MIC_Control.axf" - 0 Error(s), 46 Warning(s).

<h2>Software Packages used:</h2>

Package Vendor: ARM
                http://www.keil.com/pack/ARM.CMSIS.5.0.1.pack
                ARM.CMSIS.5.0.1
                CMSIS (Cortex Microcontroller Software Interface Standard)
   * Component: CORE Version: 5.0.1

Package Vendor: Keil
                http://www.keil.com/pack/Keil.STM32F1xx_DFP.2.2.0.pack
                Keil.STM32F1xx_DFP.2.2.0
                STMicroelectronics STM32F1 Series Device Support, Drivers and Examples

<h2>Collection of Component include folders:</h2>
  .\RTE\_MIC_Control
  C:\Keil_v5\ARM\PACK\ARM\CMSIS\5.0.1\CMSIS\Include
  C:\Keil_v5\ARM\PACK\Keil\STM32F1xx_DFP\2.2.0\Device\Include

<h2>Collection of Component Files used:</h2>

   * Component: ARM::CMSIS:CORE:5.0.1
Build Time Elapsed:  00:00:03
</pre>
</body>
</html>
